[ +507 ms] Artifact Instance of 'AndroidGenSnapshotArtifacts' is not required, skipping update.
[   +4 ms] Artifact Instance of 'AndroidInternalBuildArtifacts' is not required, skipping update.
[        ] Artifact Instance of 'IOSEngineArtifacts' is not required, skipping update.
[        ] Artifact Instance of 'FlutterWebSdk' is not required, skipping update.
[        ] Artifact Instance of 'LegacyCanvasKitRemover' is not required, skipping update.
[   +5 ms] Artifact Instance of 'WindowsEngineArtifacts' is not required, skipping update.
[        ] Artifact Instance of 'MacOSEngineArtifacts' is not required, skipping update.
[        ] Artifact Instance of 'LinuxEngineArtifacts' is not required, skipping update.
[        ] Artifact Instance of 'LinuxFuchsiaSDKArtifacts' is not required, skipping update.
[        ] Artifact Instance of 'MacOSFuchsiaSDKArtifacts' is not required, skipping update.
[        ] Artifact Instance of 'FlutterRunnerSDKArtifacts' is not required, skipping update.
[        ] Artifact Instance of 'FlutterRunnerDebugSymbols' is not required, skipping update.
[ +125 ms] Artifact Instance of 'MaterialFonts' is not required, skipping update.
[        ] Artifact Instance of 'GradleWrapper' is not required, skipping update.
[   +4 ms] Artifact Instance of 'AndroidInternalBuildArtifacts' is not required, skipping update.
[        ] Artifact Instance of 'IOSEngineArtifacts' is not required, skipping update.
[        ] Artifact Instance of 'FlutterWebSdk' is not required, skipping update.
[        ] Artifact Instance of 'LegacyCanvasKitRemover' is not required, skipping update.
[        ] Artifact Instance of 'FlutterSdk' is not required, skipping update.
[        ] Artifact Instance of 'WindowsEngineArtifacts' is not required, skipping update.
[        ] Artifact Instance of 'MacOSEngineArtifacts' is not required, skipping update.
[        ] Artifact Instance of 'LinuxEngineArtifacts' is not required, skipping update.
[        ] Artifact Instance of 'LinuxFuchsiaSDKArtifacts' is not required, skipping update.
[        ] Artifact Instance of 'MacOSFuchsiaSDKArtifacts' is not required, skipping update.
[        ] Artifact Instance of 'FlutterRunnerSDKArtifacts' is not required, skipping update.
[        ] Artifact Instance of 'FlutterRunnerDebugSymbols' is not required, skipping update.
[        ] Artifact Instance of 'IosUsbArtifacts' is not required, skipping update.
[        ] Artifact Instance of 'IosUsbArtifacts' is not required, skipping update.
[        ] Artifact Instance of 'IosUsbArtifacts' is not required, skipping update.
[        ] Artifact Instance of 'IosUsbArtifacts' is not required, skipping update.
[        ] Artifact Instance of 'IosUsbArtifacts' is not required, skipping update.
[        ] Artifact Instance of 'FontSubsetArtifacts' is not required, skipping update.
[        ] Artifact Instance of 'PubDependencies' is not required, skipping update.
[ +345 ms] executing: C:\Program Files\Android\Android Studio\jbr\bin\java -version
[ +209 ms] Exit code 0 from: C:\Program Files\Android\Android Studio\jbr\bin\java -version
[        ] openjdk version "21.0.8" 2025-07-15
           OpenJDK Runtime Environment (build 21.0.8+-14018985-b1038.68)
           OpenJDK 64-Bit Server VM (build 21.0.8+-14018985-b1038.68, mixed mode)
flutter : [   +7 ms] Support for Android x86 targets will be removed in the next stable release after 3.27. See 
https://github.com/flutter/flutter/issues/157543 for details.
At line:1 char:1
+ flutter build apk --debug --verbose --no-pub > build_output.txt 2>&1
+ ~~~~~~~~~~~~~~~~~~~~~~~~~~~~~~~~~~~~~~~~~~~~~~~~~~~~~~~~~~~~~~~~~~~~
    + CategoryInfo          : NotSpecified: ([   +7 ms] Supp...43 for details.:String) [], RemoteException
    + FullyQualifiedErrorId : NativeCommandError
 
[  +79 ms] Top-level Gradle build file not found, skipping migration of task "clean".
[   +3 ms] executing: C:\Program Files\Eclipse Adoptium\jdk-17.0.16.8-hotspot\bin\java --version
[ +166 ms] Exit code 0 from: C:\Program Files\Eclipse Adoptium\jdk-17.0.16.8-hotspot\bin\java --version
[        ] openjdk 17.0.16 2025-07-15
           OpenJDK Runtime Environment Temurin-17.0.16+8 (build 17.0.16+8)
           OpenJDK 64-Bit Server VM Temurin-17.0.16+8 (build 17.0.16+8, mixed mode, sharing)
[  +14 ms] CMake project not found, skipping support Android 15 16k page size migration.
[  +10 ms] Using gradle from D:\Flutter Data\Projects\noor-mostafa-main\android\gradlew.bat.
[  +28 ms] Running Gradle task 'assembleDebug'...
[   +3 ms] executing: [D:\Flutter Data\Projects\noor-mostafa-main\android/] D:\Flutter Data\Projects\noor-mostafa-main\android\gradlew.bat --full-stacktrace --info -Pverbose=true -Ptarget-platform=android-arm,android-arm64,android-x86,android-x64 -Ptarget=lib\main.dart -Pbase-application-name=android.app.Application -Pdart-defines=RkxVVFRFUl9WRVJTSU9OPTMuMzIuOA==,RkxVVFRFUl9DSEFOTkVMPXN0YWJsZQ==,RkxVVFRFUl9HSVRfVVJMPWh0dHBzOi8vZ2l0aHViLmNvbS9mbHV0dGVyL2ZsdXR0ZXIuZ2l0,RkxVVFRFUl9GUkFNRVdPUktfUkVWSVNJT049ZWRhZGE3YzU2ZQ==,RkxVVFRFUl9FTkdJTkVfUkVWSVNJT049ZWYwY2QwMDA5MQ==,RkxVVFRFUl9EQVJUX1ZFUlNJT049My44LjE= -Pdart-obfuscation=false -Ptrack-widget-creation=true -Ptree-shake-icons=false assembleDebug
[+1455 ms] Initialized native services in: C:\Users\LENOVO\.gradle\native
[   +1 ms] Initialized jansi services in: C:\Users\LENOVO\.gradle\native
[ +623 ms] Found daemon DaemonInfo{pid=26696, address=[2b17f6c3-f86c-4369-b8a6-52d59e215212 port:62782, addresses:[/127.0.0.1]], state=Idle, lastBusy=1770179708344, context=DefaultDaemonContext[uid=0c0bcb71-d863-4aa2-b195-72a8b4f15548,javaHome=C:\Program Files\Eclipse Adoptium\jdk-17.0.16.8-hotspot,javaVersion=17,javaVendor=Eclipse Adoptium,daemonRegistryDir=C:\Users\LENOVO\.gradle\daemon,pid=26696,idleTimeout=10800000,priority=NORMAL,applyInstrumentationAgent=true,nativeServicesMode=ENABLED,daemonOpts=-XX:MaxMetaspaceSize=1G,-XX:ReservedCodeCacheSize=512m,-XX:+HeapDumpOnOutOfMemoryError,-Xmx4G,-Dfile.encoding=UTF-8,-Duser.country=US,-Duser.language=en,-Duser.variant]} however its context does not match the desired criteria.
[        ] At least one daemon option is different.
[        ] Wanted: DaemonRequestContext{jvmCriteria=C:\Program Files\Eclipse Adoptium\jdk-17.0.16.8-hotspot (no JDK specified, using current Java home), daemonOpts=[-XX:MaxMetaspaceSize=1G, -XX:ReservedCodeCacheSize=512m, -XX:+HeapDumpOnOutOfMemoryError, -Xmx4G, -Dfile.encoding=windows-1252, -Duser.country=US, -Duser.language=en, -Duser.variant], applyInstrumentationAgent=true, nativeServicesMode=ENABLED, priority=NORMAL}
[        ] Actual: DefaultDaemonContext[uid=0c0bcb71-d863-4aa2-b195-72a8b4f15548,javaHome=C:\Program Files\Eclipse Adoptium\jdk-17.0.16.8-hotspot,javaVersion=17,javaVendor=Eclipse Adoptium,daemonRegistryDir=C:\Users\LENOVO\.gradle\daemon,pid=26696,idleTimeout=10800000,priority=NORMAL,applyInstrumentationAgent=true,nativeServicesMode=ENABLED,daemonOpts=-XX:MaxMetaspaceSize=1G,-XX:ReservedCodeCacheSize=512m,-XX:+HeapDumpOnOutOfMemoryError,-Xmx4G,-Dfile.encoding=UTF-8,-Duser.country=US,-Duser.language=en,-Duser.variant]
[        ]   Looking for a different daemon...
[  +87 ms] The client will now receive all logging from the daemon (pid: 27076). The daemon log file: C:\Users\LENOVO\.gradle\daemon\8.12\daemon-27076.out.log
[        ] Starting 9th build in daemon [uptime: 25 mins 58.932 secs, performance: 100%, GC rate: 0.00/s, heap usage: 0% of 4 GiB, non-heap usage: 29% of 1 GiB]
[        ] Using 12 worker leases.
[ +107 ms] Now considering [D:\Flutter Data\Projects\noor-mostafa-main\android, D:\Flutter Data\Futter\flutter\packages\flutter_tools\gradle] as hierarchies to watch
[        ] Watching the file system is configured to be enabled if available
[        ] File system watching is active
[        ] Starting Build
[        ] Now considering [D:\Flutter Data\Futter\flutter\packages\flutter_tools\gradle, D:\Flutter Data\Projects\noor-mostafa-main\android] as hierarchies to watch
[        ] Invalidating in-memory cache of D:\Flutter Data\Futter\flutter\packages\flutter_tools\gradle\.gradle\buildOutputCleanup\outputFiles.bin
[ +601 ms] > Configure project :gradle
[        ] Evaluating project ':gradle' using build file 'D:\Flutter Data\Futter\flutter\packages\flutter_tools\gradle\build.gradle.kts'.
[        ] Resolved plugin [id: 'org.gradle.java-gradle-plugin']
[        ] Resolved plugin [id: 'org.gradle.groovy']
[        ] Resolved plugin [id: 'org.gradle.kotlin.kotlin-dsl', version: '5.1.2']
[        ] Resolved plugin [id: 'org.jetbrains.kotlin.jvm', version: '1.9.20']
[        ] Using Kotlin Gradle Plugin gradle85 variant
[        ] kotlin scripting plugin: created the scripting discovery configuration: kotlinScriptDef
[        ] kotlin scripting plugin: created the scripting discovery configuration: testKotlinScriptDef
[        ] file or directory 'D:\Flutter Data\Futter\flutter\packages\flutter_tools\gradle\src\main\java', not found
[        ] Resolved plugin [id: 'dev.flutter.flutter-plugin-loader', version: '1.0.0']
[        ] Resolved plugin [id: 'com.android.application', version: '8.7.3', apply: false]
[        ] Resolved plugin [id: 'org.jetbrains.kotlin.android', version: '2.1.0', apply: false]
[        ] Resolve mutations for :gradle:checkKotlinGradlePluginConfigurationErrors (Thread[Execution worker,5,main]) started.
[        ] :gradle:checkKotlinGradlePluginConfigurationErrors (Thread[Execution worker,5,main]) started.
[        ] Invalidating in-memory cache of D:\Flutter Data\Futter\flutter\packages\flutter_tools\gradle\.gradle\8.12\executionHistory\executionHistory.bin
[        ] > Task :gradle:checkKotlinGradlePluginConfigurationErrors SKIPPED
[        ] Skipping task ':gradle:checkKotlinGradlePluginConfigurationErrors' as task onlyIf 'errorDiagnostics are present' is false.
[        ] Resolve mutations for :gradle:compileKotlin (Thread[Execution worker,5,main]) started.
[        ] :gradle:compileKotlin (Thread[Execution worker,5,main]) started.
[  +83 ms] > Task :gradle:compileKotlin UP-TO-DATE
[        ] Caching disabled for task ':gradle:compileKotlin' because:
[        ]   Build cache is disabled
[        ] Skipping task ':gradle:compileKotlin' as it is up-to-date.
[        ] Resolve mutations for :gradle:compileJava (Thread[Execution worker,5,main]) started.
[        ] :gradle:compileJava (Thread[Execution worker,5,main]) started.
[        ] > Task :gradle:compileJava NO-SOURCE
[        ] Skipping task ':gradle:compileJava' as it has no source files and no previous output files.
[        ] Resolve mutations for :gradle:compileGroovy (Thread[Execution worker,5,main]) started.
[        ] :gradle:compileGroovy (Thread[Execution worker,5,main]) started.
[        ] > Task :gradle:compileGroovy NO-SOURCE
[        ] Skipping task ':gradle:compileGroovy' as it has no source files and no previous output files.
[        ] Resolve mutations for :gradle:pluginDescriptors (Thread[Execution worker,5,main]) started.
[        ] :gradle:pluginDescriptors (Thread[Execution worker,5,main]) started.
[ +106 ms] > Task :gradle:pluginDescriptors UP-TO-DATE
[        ] Caching disabled for task ':gradle:pluginDescriptors' because:
[        ]   Build cache is disabled
[        ]   Not worth caching
[        ] Skipping task ':gradle:pluginDescriptors' as it is up-to-date.
[        ] Resolve mutations for :gradle:processResources (Thread[Execution worker,5,main]) started.
[        ] :gradle:processResources (Thread[Execution worker,5,main]) started.
[        ] > Task :gradle:processResources
[        ] Caching disabled for task ':gradle:processResources' because:
[        ]   Build cache is disabled
[        ]   Not worth caching
[        ] Task ':gradle:processResources' is not up-to-date because:
[        ]   Value of input property 'rootSpec$1.filteringCharset' has changed for task ':gradle:processResources'
[        ]   Value of input property 'rootSpec$2.filteringCharset' has changed for task ':gradle:processResources'
[        ] file or directory 'D:\Flutter Data\Futter\flutter\packages\flutter_tools\gradle\src\main\resources', not found
[        ] Resolve mutations for :gradle:classes (Thread[Execution worker,5,main]) started.
[        ] :gradle:classes (Thread[Execution worker,5,main]) started.
[        ] > Task :gradle:classes
[        ] Skipping task ':gradle:classes' as it has no actions.
[        ] Resolve mutations for :gradle:jar (Thread[Execution worker,5,main]) started.
[        ] :gradle:jar (Thread[Execution worker,5,main]) started.
[        ] > Task :gradle:jar
[        ] Caching disabled for task ':gradle:jar' because:
[        ]   Build cache is disabled
[        ]   Not worth caching
[        ] Task ':gradle:jar' is not up-to-date because:
[        ]   Value of input property 'rootSpec$1.filteringCharset' has changed for task ':gradle:jar'
[        ]   Value of input property 'rootSpec$2$1.filteringCharset' has changed for task ':gradle:jar'
[        ]   Value of input property 'rootSpec$2.filteringCharset' has changed for task ':gradle:jar'
[        ] file or directory 'D:\Flutter Data\Futter\flutter\packages\flutter_tools\gradle\build\classes\java\main', not found
[        ] file or directory 'D:\Flutter Data\Futter\flutter\packages\flutter_tools\gradle\build\classes\groovy\main', not found
[ +486 ms] Settings evaluated using settings file 'D:\Flutter Data\Projects\noor-mostafa-main\android\settings.gradle.kts'.
[        ] Projects loaded. Root project using build file 'D:\Flutter Data\Projects\noor-mostafa-main\android\build.gradle.kts'.
[        ] Included projects: [root project 'android', project ':app', project ':connectivity_plus', project ':flutter_local_notifications', project ':flutter_native_splash', project ':flutter_plugin_android_lifecycle', project ':google_mlkit_commons', project ':google_mlkit_text_recognition', project ':image_picker_android', project ':mobile_scanner', project ':path_provider_android', project ':permission_handler_android', project ':speech_to_text']
[ +496 ms] > Configure project :app
[        ] Evaluating project ':app' using build file 'D:\Flutter Data\Projects\noor-mostafa-main\android\app\build.gradle.kts'.
[   +1 ms] Resolved plugin [id: 'com.android.application']
[        ] Resolved plugin [id: 'kotlin-android']
[        ] Resolved plugin [id: 'dev.flutter.flutter-gradle-plugin']
[        ] Using default execution profile
[        ] Using Kotlin Gradle Plugin gradle85 variant
[        ] Build was configured to prefer settings repositories over project repositories but repository 'maven4' was added by plugin 'dev.flutter.flutter-gradle-plugin'
[        ] Build was configured to prefer settings repositories over project repositories but repository 'maven4' was added by plugin 'dev.flutter.flutter-gradle-plugin'
[        ] Build was configured to prefer settings repositories over project repositories but repository 'maven4' was added by plugin 'dev.flutter.flutter-gradle-plugin'
[        ] Build was configured to prefer settings repositories over project repositories but repository 'maven4' was added by plugin 'dev.flutter.flutter-gradle-plugin'
[        ] Build was configured to prefer settings repositories over project repositories but repository 'maven4' was added by plugin 'dev.flutter.flutter-gradle-plugin'
[        ] Build was configured to prefer settings repositories over project repositories but repository 'maven4' was added by plugin 'dev.flutter.flutter-gradle-plugin'
[        ] Build was configured to prefer settings repositories over project repositories but repository 'maven4' was added by plugin 'dev.flutter.flutter-gradle-plugin'
[        ] Build was configured to prefer settings repositories over project repositories but repository 'maven4' was added by plugin 'dev.flutter.flutter-gradle-plugin'
[        ] Build was configured to prefer settings repositories over project repositories but repository 'maven4' was added by plugin 'dev.flutter.flutter-gradle-plugin'
[        ] Build was configured to prefer settings repositories over project repositories but repository 'maven4' was added by plugin 'dev.flutter.flutter-gradle-plugin'
[        ] Build was configured to prefer settings repositories over project repositories but repository 'maven4' was added by plugin 'dev.flutter.flutter-gradle-plugin'
[        ] Build was configured to prefer settings repositories over project repositories but repository 'maven4' was added by plugin 'dev.flutter.flutter-gradle-plugin'
[        ] Build was configured to prefer settings repositories over project repositories but repository 'maven4' was added by plugin 'dev.flutter.flutter-gradle-plugin'
[        ] C/C++: android.ndkVersion from module build.gradle is [27.0.12077973]
[        ] C/C++: android.ndkPath from module build.gradle is not set
[        ] C/C++: ndk.dir in local.properties is not set
[        ] C/C++: Not considering ANDROID_NDK_HOME because support was removed after deprecation period.
[        ] C/C++: sdkFolder is C:\Users\LENOVO\AppData\Local\Android\Sdk
[        ] C/C++: android.ndkVersion from module build.gradle is [27.0.12077973]
[        ] C/C++: android.ndkPath from module build.gradle is not set
[        ] C/C++: ndk.dir in local.properties is not set
[        ] C/C++: Not considering ANDROID_NDK_HOME because support was removed after deprecation period.
[        ] C/C++: sdkFolder is C:\Users\LENOVO\AppData\Local\Android\Sdk
[        ] C/C++: android.ndkVersion from module build.gradle is [27.0.12077973]
[        ] C/C++: android.ndkPath from module build.gradle is not set
[        ] C/C++: ndk.dir in local.properties is not set
[        ] C/C++: Not considering ANDROID_NDK_HOME because support was removed after deprecation period.
[        ] C/C++: sdkFolder is C:\Users\LENOVO\AppData\Local\Android\Sdk
[        ] C/C++: android.ndkVersion from module build.gradle is [27.0.12077973]
[        ] C/C++: android.ndkPath from module build.gradle is not set
[        ] C/C++: ndk.dir in local.properties is not set
[        ] C/C++: Not considering ANDROID_NDK_HOME because support was removed after deprecation period.
[        ] C/C++: sdkFolder is C:\Users\LENOVO\AppData\Local\Android\Sdk
[        ] C/C++: android.ndkVersion from module build.gradle is [27.0.12077973]
[        ] C/C++: android.ndkPath from module build.gradle is not set
[        ] C/C++: ndk.dir in local.properties is not set
[        ] C/C++: Not considering ANDROID_NDK_HOME because support was removed after deprecation period.
[        ] C/C++: sdkFolder is C:\Users\LENOVO\AppData\Local\Android\Sdk
[        ] C/C++: android.ndkVersion from module build.gradle is [27.0.12077973]
[        ] C/C++: android.ndkPath from module build.gradle is not set
[        ] C/C++: ndk.dir in local.properties is not set
[        ] C/C++: Not considering ANDROID_NDK_HOME because support was removed after deprecation period.
[        ] C/C++: sdkFolder is C:\Users\LENOVO\AppData\Local\Android\Sdk
[        ] C/C++: android.ndkVersion from module build.gradle is [27.0.12077973]
[        ] C/C++: android.ndkPath from module build.gradle is not set
[        ] C/C++: ndk.dir in local.properties is not set
[        ] C/C++: Not considering ANDROID_NDK_HOME because support was removed after deprecation period.
[        ] C/C++: sdkFolder is C:\Users\LENOVO\AppData\Local\Android\Sdk
[        ] C/C++: android.ndkVersion from module build.gradle is [27.0.12077973]
[        ] C/C++: android.ndkPath from module build.gradle is not set
[        ] C/C++: ndk.dir in local.properties is not set
[        ] C/C++: Not considering ANDROID_NDK_HOME because support was removed after deprecation period.
[        ] C/C++: sdkFolder is C:\Users\LENOVO\AppData\Local\Android\Sdk
[        ] C/C++: android.ndkVersion from module build.gradle is [27.0.12077973]
[        ] C/C++: android.ndkPath from module build.gradle is not set
[        ] C/C++: ndk.dir in local.properties is not set
[        ] C/C++: Not considering ANDROID_NDK_HOME because support was removed after deprecation period.
[        ] C/C++: sdkFolder is C:\Users\LENOVO\AppData\Local\Android\Sdk
[        ] C/C++: android.ndkVersion from module build.gradle is [27.0.12077973]
[        ] C/C++: android.ndkPath from module build.gradle is not set
[        ] C/C++: ndk.dir in local.properties is not set
[        ] C/C++: Not considering ANDROID_NDK_HOME because support was removed after deprecation period.
[        ] C/C++: sdkFolder is C:\Users\LENOVO\AppData\Local\Android\Sdk
[        ] C/C++: android.ndkVersion from module build.gradle is [27.0.12077973]
[        ] C/C++: android.ndkPath from module build.gradle is not set
[        ] C/C++: ndk.dir in local.properties is not set
[        ] C/C++: Not considering ANDROID_NDK_HOME because support was removed after deprecation period.
[        ] C/C++: sdkFolder is C:\Users\LENOVO\AppData\Local\Android\Sdk
[        ] C/C++: android.ndkVersion from module build.gradle is [27.0.12077973]
[        ] C/C++: android.ndkPath from module build.gradle is not set
[        ] C/C++: ndk.dir in local.properties is not set
[        ] C/C++: Not considering ANDROID_NDK_HOME because support was removed after deprecation period.
[        ] C/C++: sdkFolder is C:\Users\LENOVO\AppData\Local\Android\Sdk
[        ] C/C++: android.ndkVersion from module build.gradle is [27.0.12077973]
[        ] C/C++: android.ndkPath from module build.gradle is not set
[        ] C/C++: ndk.dir in local.properties is not set
[        ] C/C++: Not considering ANDROID_NDK_HOME because support was removed after deprecation period.
[        ] C/C++: sdkFolder is C:\Users\LENOVO\AppData\Local\Android\Sdk
[        ] C/C++: android.ndkVersion from module build.gradle is [27.0.12077973]
[        ] C/C++: android.ndkPath from module build.gradle is not set
[        ] C/C++: ndk.dir in local.properties is not set
[        ] C/C++: Not considering ANDROID_NDK_HOME because support was removed after deprecation period.
[        ] C/C++: sdkFolder is C:\Users\LENOVO\AppData\Local\Android\Sdk
[        ] C/C++: android.ndkVersion from module build.gradle is [27.0.12077973]
[        ] C/C++: android.ndkPath from module build.gradle is not set
[        ] C/C++: ndk.dir in local.properties is not set
[        ] C/C++: Not considering ANDROID_NDK_HOME because support was removed after deprecation period.
[        ] C/C++: sdkFolder is C:\Users\LENOVO\AppData\Local\Android\Sdk
[        ] C/C++: android.ndkVersion from module build.gradle is [27.0.12077973]
[        ] C/C++: android.ndkPath from module build.gradle is not set
[        ] C/C++: ndk.dir in local.properties is not set
[        ] C/C++: Not considering ANDROID_NDK_HOME because support was removed after deprecation period.
[        ] C/C++: sdkFolder is C:\Users\LENOVO\AppData\Local\Android\Sdk
[        ] C/C++: android.ndkVersion from module build.gradle is [27.0.12077973]
[        ] C/C++: android.ndkPath from module build.gradle is not set
[        ] C/C++: ndk.dir in local.properties is not set
[        ] C/C++: Not considering ANDROID_NDK_HOME because support was removed after deprecation period.
[        ] C/C++: sdkFolder is C:\Users\LENOVO\AppData\Local\Android\Sdk
[        ] C/C++: android.ndkVersion from module build.gradle is [27.0.12077973]
[        ] C/C++: android.ndkPath from module build.gradle is not set
[        ] C/C++: ndk.dir in local.properties is not set
[        ] C/C++: Not considering ANDROID_NDK_HOME because support was removed after deprecation period.
[        ] C/C++: sdkFolder is C:\Users\LENOVO\AppData\Local\Android\Sdk
[        ] C/C++: android.ndkVersion from module build.gradle is [27.0.12077973]
[        ] C/C++: android.ndkPath from module build.gradle is not set
[        ] C/C++: ndk.dir in local.properties is not set
[        ] C/C++: Not considering ANDROID_NDK_HOME because support was removed after deprecation period.
[        ] C/C++: sdkFolder is C:\Users\LENOVO\AppData\Local\Android\Sdk
[        ] > Configure project :
[        ] Evaluating root project 'android' using build file 'D:\Flutter Data\Projects\noor-mostafa-main\android\build.gradle.kts'.
[        ] Build was configured to prefer settings repositories over project repositories but repository 'maven' was added by build file 'build.gradle.kts'
[        ] Build was configured to prefer settings repositories over project repositories but repository 'maven2' was added by build file 'build.gradle.kts'
[        ] Build was configured to prefer settings repositories over project repositories but repository 'maven3' was added by build file 'build.gradle.kts'
[        ] Build was configured to prefer settings repositories over project repositories but repository 'Google' was added by build file 'build.gradle.kts'
[        ] Build was configured to prefer settings repositories over project repositories but repository 'MavenRepo' was added by build file 'build.gradle.kts'
[        ] Build was configured to prefer settings repositories over project repositories but repository 'maven' was added by build file 'build.gradle.kts'
[        ] Build was configured to prefer settings repositories over project repositories but repository 'maven2' was added by build file 'build.gradle.kts'
[        ] Build was configured to prefer settings repositories over project repositories but repository 'maven3' was added by build file 'build.gradle.kts'
[        ] Build was configured to prefer settings repositories over project repositories but repository 'Google' was added by build file 'build.gradle.kts'
[        ] Build was configured to prefer settings repositories over project repositories but repository 'MavenRepo' was added by build file 'build.gradle.kts'
[        ] Build was configured to prefer settings repositories over project repositories but repository 'maven' was added by build file 'build.gradle.kts'
[        ] Build was configured to prefer settings repositories over project repositories but repository 'maven2' was added by build file 'build.gradle.kts'
[        ] Build was configured to prefer settings repositories over project repositories but repository 'maven3' was added by build file 'build.gradle.kts'
[        ] Build was configured to prefer settings repositories over project repositories but repository 'Google' was added by build file 'build.gradle.kts'
[        ] Build was configured to prefer settings repositories over project repositories but repository 'MavenRepo' was added by build file 'build.gradle.kts'
[        ] Build was configured to prefer settings repositories over project repositories but repository 'maven' was added by build file 'build.gradle.kts'
[        ] Build was configured to prefer settings repositories over project repositories but repository 'maven2' was added by build file 'build.gradle.kts'
[        ] Build was configured to prefer settings repositories over project repositories but repository 'maven3' was added by build file 'build.gradle.kts'
[        ] Build was configured to prefer settings repositories over project repositories but repository 'Google' was added by build file 'build.gradle.kts'
[        ] Build was configured to prefer settings repositories over project repositories but repository 'MavenRepo' was added by build file 'build.gradle.kts'
[        ] Build was configured to prefer settings repositories over project repositories but repository 'maven' was added by build file 'build.gradle.kts'
[        ] Build was configured to prefer settings repositories over project repositories but repository 'maven2' was added by build file 'build.gradle.kts'
[   +2 ms] Build was configured to prefer settings repositories over project repositories but repository 'maven3' was added by build file 'build.gradle.kts'
[   +1 ms] Build was configured to prefer settings repositories over project repositories but repository 'Google' was added by build file 'build.gradle.kts'
[        ] Build was configured to prefer settings repositories over project repositories but repository 'MavenRepo' was added by build file 'build.gradle.kts'
[   +1 ms] Build was configured to prefer settings repositories over project repositories but repository 'maven' was added by build file 'build.gradle.kts'
[        ] Build was configured to prefer settings repositories over project repositories but repository 'maven2' was added by build file 'build.gradle.kts'
[        ] Build was configured to prefer settings repositories over project repositories but repository 'maven3' was added by build file 'build.gradle.kts'
[        ] Build was configured to prefer settings repositories over project repositories but repository 'Google' was added by build file 'build.gradle.kts'
[        ] Build was configured to prefer settings repositories over project repositories but repository 'MavenRepo' was added by build file 'build.gradle.kts'
[   +2 ms] Build was configured to prefer settings repositories over project repositories but repository 'maven' was added by build file 'build.gradle.kts'
[   +1 ms] Build was configured to prefer settings repositories over project repositories but repository 'maven2' was added by build file 'build.gradle.kts'
[        ] Build was configured to prefer settings repositories over project repositories but repository 'maven3' was added by build file 'build.gradle.kts'
[        ] Build was configured to prefer settings repositories over project repositories but repository 'Google' was added by build file 'build.gradle.kts'
[        ] Build was configured to prefer settings repositories over project repositories but repository 'MavenRepo' was added by build file 'build.gradle.kts'
[        ] Build was configured to prefer settings repositories over project repositories but repository 'maven' was added by build file 'build.gradle.kts'
[        ] Build was configured to prefer settings repositories over project repositories but repository 'maven2' was added by build file 'build.gradle.kts'
[        ] Build was configured to prefer settings repositories over project repositories but repository 'maven3' was added by build file 'build.gradle.kts'
[        ] Build was configured to prefer settings repositories over project repositories but repository 'Google' was added by build file 'build.gradle.kts'
[        ] Build was configured to prefer settings repositories over project repositories but repository 'MavenRepo' was added by build file 'build.gradle.kts'
[        ] Build was configured to prefer settings repositories over project repositories but repository 'maven' was added by build file 'build.gradle.kts'
[        ] Build was configured to prefer settings repositories over project repositories but repository 'maven2' was added by build file 'build.gradle.kts'
[        ] Build was configured to prefer settings repositories over project repositories but repository 'maven3' was added by build file 'build.gradle.kts'
[        ] Build was configured to prefer settings repositories over project repositories but repository 'Google' was added by build file 'build.gradle.kts'
[        ] Build was configured to prefer settings repositories over project repositories but repository 'MavenRepo' was added by build file 'build.gradle.kts'
[        ] Build was configured to prefer settings repositories over project repositories but repository 'maven' was added by build file 'build.gradle.kts'
[        ] Build was configured to prefer settings repositories over project repositories but repository 'maven2' was added by build file 'build.gradle.kts'
[        ] Build was configured to prefer settings repositories over project repositories but repository 'maven3' was added by build file 'build.gradle.kts'
[        ] Build was configured to prefer settings repositories over project repositories but repository 'Google' was added by build file 'build.gradle.kts'
[        ] Build was configured to prefer settings repositories over project repositories but repository 'MavenRepo' was added by build file 'build.gradle.kts'
[        ] Build was configured to prefer settings repositories over project repositories but repository 'maven' was added by build file 'build.gradle.kts'
[        ] Build was configured to prefer settings repositories over project repositories but repository 'maven2' was added by build file 'build.gradle.kts'
[        ] Build was configured to prefer settings repositories over project repositories but repository 'maven3' was added by build file 'build.gradle.kts'
[        ] Build was configured to prefer settings repositories over project repositories but repository 'Google' was added by build file 'build.gradle.kts'
[        ] Build was configured to prefer settings repositories over project repositories but repository 'MavenRepo' was added by build file 'build.gradle.kts'
[        ] Build was configured to prefer settings repositories over project repositories but repository 'maven' was added by build file 'build.gradle.kts'
[        ] Build was configured to prefer settings repositories over project repositories but repository 'maven2' was added by build file 'build.gradle.kts'
[        ] Build was configured to prefer settings repositories over project repositories but repository 'maven3' was added by build file 'build.gradle.kts'
[        ] Build was configured to prefer settings repositories over project repositories but repository 'Google' was added by build file 'build.gradle.kts'
[        ] Build was configured to prefer settings repositories over project repositories but repository 'MavenRepo' was added by build file 'build.gradle.kts'
[        ] Build was configured to prefer settings repositories over project repositories but repository 'maven' was added by build file 'build.gradle.kts'
[        ] Build was configured to prefer settings repositories over project repositories but repository 'maven2' was added by build file 'build.gradle.kts'
[        ] Build was configured to prefer settings repositories over project repositories but repository 'maven3' was added by build file 'build.gradle.kts'
[        ] Build was configured to prefer settings repositories over project repositories but repository 'Google' was added by build file 'build.gradle.kts'
[        ] Build was configured to prefer settings repositories over project repositories but repository 'MavenRepo' was added by build file 'build.gradle.kts'
[ +237 ms] > Configure project :connectivity_plus
[        ] Evaluating project ':connectivity_plus' using build file 'C:\Users\LENOVO\AppData\Local\Pub\Cache\hosted\pub.dev\connectivity_plus-6.1.5\android\build.gradle'.
[        ] Build was configured to prefer settings repositories over project repositories but repository 'Google2' was added by build file 'C:\Users\LENOVO\AppData\Local\Pub\Cache\hosted\pub.dev\connectivity_plus-6.1.5\android\build.gradle'
[        ] Build was configured to prefer settings repositories over project repositories but repository 'MavenRepo2' was added by build file 'C:\Users\LENOVO\AppData\Local\Pub\Cache\hosted\pub.dev\connectivity_plus-6.1.5\android\build.gradle'
[        ] Build was configured to prefer settings repositories over project repositories but repository 'Google2' was added by build file 'C:\Users\LENOVO\AppData\Local\Pub\Cache\hosted\pub.dev\connectivity_plus-6.1.5\android\build.gradle'
[        ] Build was configured to prefer settings repositories over project repositories but repository 'MavenRepo2' was added by build file 'C:\Users\LENOVO\AppData\Local\Pub\Cache\hosted\pub.dev\connectivity_plus-6.1.5\android\build.gradle'
[        ] Build was configured to prefer settings repositories over project repositories but repository 'Google2' was added by build file 'C:\Users\LENOVO\AppData\Local\Pub\Cache\hosted\pub.dev\connectivity_plus-6.1.5\android\build.gradle'
[        ] Build was configured to prefer settings repositories over project repositories but repository 'MavenRepo2' was added by build file 'C:\Users\LENOVO\AppData\Local\Pub\Cache\hosted\pub.dev\connectivity_plus-6.1.5\android\build.gradle'
[        ] Build was configured to prefer settings repositories over project repositories but repository 'Google2' was added by build file 'C:\Users\LENOVO\AppData\Local\Pub\Cache\hosted\pub.dev\connectivity_plus-6.1.5\android\build.gradle'
[        ] Build was configured to prefer settings repositories over project repositories but repository 'MavenRepo2' was added by build file 'C:\Users\LENOVO\AppData\Local\Pub\Cache\hosted\pub.dev\connectivity_plus-6.1.5\android\build.gradle'
[        ] Build was configured to prefer settings repositories over project repositories but repository 'Google2' was added by build file 'C:\Users\LENOVO\AppData\Local\Pub\Cache\hosted\pub.dev\connectivity_plus-6.1.5\android\build.gradle'
[        ] Build was configured to prefer settings repositories over project repositories but repository 'MavenRepo2' was added by build file 'C:\Users\LENOVO\AppData\Local\Pub\Cache\hosted\pub.dev\connectivity_plus-6.1.5\android\build.gradle'
[        ] Build was configured to prefer settings repositories over project repositories but repository 'Google2' was added by build file 'C:\Users\LENOVO\AppData\Local\Pub\Cache\hosted\pub.dev\connectivity_plus-6.1.5\android\build.gradle'
[        ] Build was configured to prefer settings repositories over project repositories but repository 'MavenRepo2' was added by build file 'C:\Users\LENOVO\AppData\Local\Pub\Cache\hosted\pub.dev\connectivity_plus-6.1.5\android\build.gradle'
[        ] Build was configured to prefer settings repositories over project repositories but repository 'Google2' was added by build file 'C:\Users\LENOVO\AppData\Local\Pub\Cache\hosted\pub.dev\connectivity_plus-6.1.5\android\build.gradle'
[        ] Build was configured to prefer settings repositories over project repositories but repository 'MavenRepo2' was added by build file 'C:\Users\LENOVO\AppData\Local\Pub\Cache\hosted\pub.dev\connectivity_plus-6.1.5\android\build.gradle'
[        ] Build was configured to prefer settings repositories over project repositories but repository 'Google2' was added by build file 'C:\Users\LENOVO\AppData\Local\Pub\Cache\hosted\pub.dev\connectivity_plus-6.1.5\android\build.gradle'
[        ] Build was configured to prefer settings repositories over project repositories but repository 'MavenRepo2' was added by build file 'C:\Users\LENOVO\AppData\Local\Pub\Cache\hosted\pub.dev\connectivity_plus-6.1.5\android\build.gradle'
[        ] Build was configured to prefer settings repositories over project repositories but repository 'Google2' was added by build file 'C:\Users\LENOVO\AppData\Local\Pub\Cache\hosted\pub.dev\connectivity_plus-6.1.5\android\build.gradle'
[        ] Build was configured to prefer settings repositories over project repositories but repository 'MavenRepo2' was added by build file 'C:\Users\LENOVO\AppData\Local\Pub\Cache\hosted\pub.dev\connectivity_plus-6.1.5\android\build.gradle'
[        ] Build was configured to prefer settings repositories over project repositories but repository 'Google2' was added by build file 'C:\Users\LENOVO\AppData\Local\Pub\Cache\hosted\pub.dev\connectivity_plus-6.1.5\android\build.gradle'
[        ] Build was configured to prefer settings repositories over project repositories but repository 'MavenRepo2' was added by build file 'C:\Users\LENOVO\AppData\Local\Pub\Cache\hosted\pub.dev\connectivity_plus-6.1.5\android\build.gradle'
[        ] Build was configured to prefer settings repositories over project repositories but repository 'Google2' was added by build file 'C:\Users\LENOVO\AppData\Local\Pub\Cache\hosted\pub.dev\connectivity_plus-6.1.5\android\build.gradle'
[        ] Build was configured to prefer settings repositories over project repositories but repository 'MavenRepo2' was added by build file 'C:\Users\LENOVO\AppData\Local\Pub\Cache\hosted\pub.dev\connectivity_plus-6.1.5\android\build.gradle'
[        ] Build was configured to prefer settings repositories over project repositories but repository 'Google2' was added by build file 'C:\Users\LENOVO\AppData\Local\Pub\Cache\hosted\pub.dev\connectivity_plus-6.1.5\android\build.gradle'
[        ] Build was configured to prefer settings repositories over project repositories but repository 'MavenRepo2' was added by build file 'C:\Users\LENOVO\AppData\Local\Pub\Cache\hosted\pub.dev\connectivity_plus-6.1.5\android\build.gradle'
[        ] Build was configured to prefer settings repositories over project repositories but repository 'Google2' was added by build file 'C:\Users\LENOVO\AppData\Local\Pub\Cache\hosted\pub.dev\connectivity_plus-6.1.5\android\build.gradle'
[        ] Build was configured to prefer settings repositories over project repositories but repository 'MavenRepo2' was added by build file 'C:\Users\LENOVO\AppData\Local\Pub\Cache\hosted\pub.dev\connectivity_plus-6.1.5\android\build.gradle'
[        ] Using default execution profile
[ +194 ms] > Configure project :flutter_local_notifications
[        ] Evaluating project ':flutter_local_notifications' using build file 'C:\Users\LENOVO\AppData\Local\Pub\Cache\hosted\pub.dev\flutter_local_notifications-18.0.1\android\build.gradle'.
[        ] Build was configured to prefer settings repositories over project repositories but repository 'Google3' was added by build file 'C:\Users\LENOVO\AppData\Local\Pub\Cache\hosted\pub.dev\flutter_local_notifications-18.0.1\android\build.gradle'
[        ] Build was configured to prefer settings repositories over project repositories but repository 'MavenRepo3' was added by build file 'C:\Users\LENOVO\AppData\Local\Pub\Cache\hosted\pub.dev\flutter_local_notifications-18.0.1\android\build.gradle'
[        ] Build was configured to prefer settings repositories over project repositories but repository 'Google3' was added by build file 'C:\Users\LENOVO\AppData\Local\Pub\Cache\hosted\pub.dev\flutter_local_notifications-18.0.1\android\build.gradle'
[        ] Build was configured to prefer settings repositories over project repositories but repository 'MavenRepo3' was added by build file 'C:\Users\LENOVO\AppData\Local\Pub\Cache\hosted\pub.dev\flutter_local_notifications-18.0.1\android\build.gradle'
[        ] Build was configured to prefer settings repositories over project repositories but repository 'Google3' was added by build file 'C:\Users\LENOVO\AppData\Local\Pub\Cache\hosted\pub.dev\flutter_local_notifications-18.0.1\android\build.gradle'
[        ] Build was configured to prefer settings repositories over project repositories but repository 'MavenRepo3' was added by build file 'C:\Users\LENOVO\AppData\Local\Pub\Cache\hosted\pub.dev\flutter_local_notifications-18.0.1\android\build.gradle'
[        ] Build was configured to prefer settings repositories over project repositories but repository 'Google3' was added by build file 'C:\Users\LENOVO\AppData\Local\Pub\Cache\hosted\pub.dev\flutter_local_notifications-18.0.1\android\build.gradle'
[        ] Build was configured to prefer settings repositories over project repositories but repository 'MavenRepo3' was added by build file 'C:\Users\LENOVO\AppData\Local\Pub\Cache\hosted\pub.dev\flutter_local_notifications-18.0.1\android\build.gradle'
[        ] Build was configured to prefer settings repositories over project repositories but repository 'Google3' was added by build file 'C:\Users\LENOVO\AppData\Local\Pub\Cache\hosted\pub.dev\flutter_local_notifications-18.0.1\android\build.gradle'
[        ] Build was configured to prefer settings repositories over project repositories but repository 'MavenRepo3' was added by build file 'C:\Users\LENOVO\AppData\Local\Pub\Cache\hosted\pub.dev\flutter_local_notifications-18.0.1\android\build.gradle'
[        ] Build was configured to prefer settings repositories over project repositories but repository 'Google3' was added by build file 'C:\Users\LENOVO\AppData\Local\Pub\Cache\hosted\pub.dev\flutter_local_notifications-18.0.1\android\build.gradle'
[        ] Build was configured to prefer settings repositories over project repositories but repository 'MavenRepo3' was added by build file 'C:\Users\LENOVO\AppData\Local\Pub\Cache\hosted\pub.dev\flutter_local_notifications-18.0.1\android\build.gradle'
[        ] Build was configured to prefer settings repositories over project repositories but repository 'Google3' was added by build file 'C:\Users\LENOVO\AppData\Local\Pub\Cache\hosted\pub.dev\flutter_local_notifications-18.0.1\android\build.gradle'
[        ] Build was configured to prefer settings repositories over project repositories but repository 'MavenRepo3' was added by build file 'C:\Users\LENOVO\AppData\Local\Pub\Cache\hosted\pub.dev\flutter_local_notifications-18.0.1\android\build.gradle'
[        ] Build was configured to prefer settings repositories over project repositories but repository 'Google3' was added by build file 'C:\Users\LENOVO\AppData\Local\Pub\Cache\hosted\pub.dev\flutter_local_notifications-18.0.1\android\build.gradle'
[        ] Build was configured to prefer settings repositories over project repositories but repository 'MavenRepo3' was added by build file 'C:\Users\LENOVO\AppData\Local\Pub\Cache\hosted\pub.dev\flutter_local_notifications-18.0.1\android\build.gradle'
[        ] Build was configured to prefer settings repositories over project repositories but repository 'Google3' was added by build file 'C:\Users\LENOVO\AppData\Local\Pub\Cache\hosted\pub.dev\flutter_local_notifications-18.0.1\android\build.gradle'
[        ] Build was configured to prefer settings repositories over project repositories but repository 'MavenRepo3' was added by build file 'C:\Users\LENOVO\AppData\Local\Pub\Cache\hosted\pub.dev\flutter_local_notifications-18.0.1\android\build.gradle'
[        ] Build was configured to prefer settings repositories over project repositories but repository 'Google3' was added by build file 'C:\Users\LENOVO\AppData\Local\Pub\Cache\hosted\pub.dev\flutter_local_notifications-18.0.1\android\build.gradle'
[        ] Build was configured to prefer settings repositories over project repositories but repository 'MavenRepo3' was added by build file 'C:\Users\LENOVO\AppData\Local\Pub\Cache\hosted\pub.dev\flutter_local_notifications-18.0.1\android\build.gradle'
[        ] Build was configured to prefer settings repositories over project repositories but repository 'Google3' was added by build file 'C:\Users\LENOVO\AppData\Local\Pub\Cache\hosted\pub.dev\flutter_local_notifications-18.0.1\android\build.gradle'
[        ] Build was configured to prefer settings repositories over project repositories but repository 'MavenRepo3' was added by build file 'C:\Users\LENOVO\AppData\Local\Pub\Cache\hosted\pub.dev\flutter_local_notifications-18.0.1\android\build.gradle'
[        ] Build was configured to prefer settings repositories over project repositories but repository 'Google3' was added by build file 'C:\Users\LENOVO\AppData\Local\Pub\Cache\hosted\pub.dev\flutter_local_notifications-18.0.1\android\build.gradle'
[        ] Build was configured to prefer settings repositories over project repositories but repository 'MavenRepo3' was added by build file 'C:\Users\LENOVO\AppData\Local\Pub\Cache\hosted\pub.dev\flutter_local_notifications-18.0.1\android\build.gradle'
[        ] Build was configured to prefer settings repositories over project repositories but repository 'Google3' was added by build file 'C:\Users\LENOVO\AppData\Local\Pub\Cache\hosted\pub.dev\flutter_local_notifications-18.0.1\android\build.gradle'
[        ] Build was configured to prefer settings repositories over project repositories but repository 'MavenRepo3' was added by build file 'C:\Users\LENOVO\AppData\Local\Pub\Cache\hosted\pub.dev\flutter_local_notifications-18.0.1\android\build.gradle'
[        ] Using default execution profile
[  +99 ms] > Configure project :flutter_native_splash
[        ] Evaluating project ':flutter_native_splash' using build file 'C:\Users\LENOVO\AppData\Local\Pub\Cache\hosted\pub.dev\flutter_native_splash-2.4.7\android\build.gradle'.
[        ] Build was configured to prefer settings repositories over project repositories but repository 'Google4' was added by build file 'C:\Users\LENOVO\AppData\Local\Pub\Cache\hosted\pub.dev\flutter_native_splash-2.4.7\android\build.gradle'
[        ] Build was configured to prefer settings repositories over project repositories but repository 'MavenRepo4' was added by build file 'C:\Users\LENOVO\AppData\Local\Pub\Cache\hosted\pub.dev\flutter_native_splash-2.4.7\android\build.gradle'
[        ] Build was configured to prefer settings repositories over project repositories but repository 'Google4' was added by build file 'C:\Users\LENOVO\AppData\Local\Pub\Cache\hosted\pub.dev\flutter_native_splash-2.4.7\android\build.gradle'
[        ] Build was configured to prefer settings repositories over project repositories but repository 'MavenRepo4' was added by build file 'C:\Users\LENOVO\AppData\Local\Pub\Cache\hosted\pub.dev\flutter_native_splash-2.4.7\android\build.gradle'
[        ] Build was configured to prefer settings repositories over project repositories but repository 'Google4' was added by build file 'C:\Users\LENOVO\AppData\Local\Pub\Cache\hosted\pub.dev\flutter_native_splash-2.4.7\android\build.gradle'
[        ] Build was configured to prefer settings repositories over project repositories but repository 'MavenRepo4' was added by build file 'C:\Users\LENOVO\AppData\Local\Pub\Cache\hosted\pub.dev\flutter_native_splash-2.4.7\android\build.gradle'
[        ] Build was configured to prefer settings repositories over project repositories but repository 'Google4' was added by build file 'C:\Users\LENOVO\AppData\Local\Pub\Cache\hosted\pub.dev\flutter_native_splash-2.4.7\android\build.gradle'
[        ] Build was configured to prefer settings repositories over project repositories but repository 'MavenRepo4' was added by build file 'C:\Users\LENOVO\AppData\Local\Pub\Cache\hosted\pub.dev\flutter_native_splash-2.4.7\android\build.gradle'
[        ] Build was configured to prefer settings repositories over project repositories but repository 'Google4' was added by build file 'C:\Users\LENOVO\AppData\Local\Pub\Cache\hosted\pub.dev\flutter_native_splash-2.4.7\android\build.gradle'
[        ] Build was configured to prefer settings repositories over project repositories but repository 'MavenRepo4' was added by build file 'C:\Users\LENOVO\AppData\Local\Pub\Cache\hosted\pub.dev\flutter_native_splash-2.4.7\android\build.gradle'
[        ] Build was configured to prefer settings repositories over project repositories but repository 'Google4' was added by build file 'C:\Users\LENOVO\AppData\Local\Pub\Cache\hosted\pub.dev\flutter_native_splash-2.4.7\android\build.gradle'
[        ] Build was configured to prefer settings repositories over project repositories but repository 'MavenRepo4' was added by build file 'C:\Users\LENOVO\AppData\Local\Pub\Cache\hosted\pub.dev\flutter_native_splash-2.4.7\android\build.gradle'
[        ] Build was configured to prefer settings repositories over project repositories but repository 'Google4' was added by build file 'C:\Users\LENOVO\AppData\Local\Pub\Cache\hosted\pub.dev\flutter_native_splash-2.4.7\android\build.gradle'
[        ] Build was configured to prefer settings repositories over project repositories but repository 'MavenRepo4' was added by build file 'C:\Users\LENOVO\AppData\Local\Pub\Cache\hosted\pub.dev\flutter_native_splash-2.4.7\android\build.gradle'
[        ] Build was configured to prefer settings repositories over project repositories but repository 'Google4' was added by build file 'C:\Users\LENOVO\AppData\Local\Pub\Cache\hosted\pub.dev\flutter_native_splash-2.4.7\android\build.gradle'
[        ] Build was configured to prefer settings repositories over project repositories but repository 'MavenRepo4' was added by build file 'C:\Users\LENOVO\AppData\Local\Pub\Cache\hosted\pub.dev\flutter_native_splash-2.4.7\android\build.gradle'
[        ] Build was configured to prefer settings repositories over project repositories but repository 'Google4' was added by build file 'C:\Users\LENOVO\AppData\Local\Pub\Cache\hosted\pub.dev\flutter_native_splash-2.4.7\android\build.gradle'
[        ] Build was configured to prefer settings repositories over project repositories but repository 'MavenRepo4' was added by build file 'C:\Users\LENOVO\AppData\Local\Pub\Cache\hosted\pub.dev\flutter_native_splash-2.4.7\android\build.gradle'
[        ] Build was configured to prefer settings repositories over project repositories but repository 'Google4' was added by build file 'C:\Users\LENOVO\AppData\Local\Pub\Cache\hosted\pub.dev\flutter_native_splash-2.4.7\android\build.gradle'
[        ] Build was configured to prefer settings repositories over project repositories but repository 'MavenRepo4' was added by build file 'C:\Users\LENOVO\AppData\Local\Pub\Cache\hosted\pub.dev\flutter_native_splash-2.4.7\android\build.gradle'
[        ] Build was configured to prefer settings repositories over project repositories but repository 'Google4' was added by build file 'C:\Users\LENOVO\AppData\Local\Pub\Cache\hosted\pub.dev\flutter_native_splash-2.4.7\android\build.gradle'
[        ] Build was configured to prefer settings repositories over project repositories but repository 'MavenRepo4' was added by build file 'C:\Users\LENOVO\AppData\Local\Pub\Cache\hosted\pub.dev\flutter_native_splash-2.4.7\android\build.gradle'
[        ] Build was configured to prefer settings repositories over project repositories but repository 'Google4' was added by build file 'C:\Users\LENOVO\AppData\Local\Pub\Cache\hosted\pub.dev\flutter_native_splash-2.4.7\android\build.gradle'
[        ] Build was configured to prefer settings repositories over project repositories but repository 'MavenRepo4' was added by build file 'C:\Users\LENOVO\AppData\Local\Pub\Cache\hosted\pub.dev\flutter_native_splash-2.4.7\android\build.gradle'
[        ] Build was configured to prefer settings repositories over project repositories but repository 'Google4' was added by build file 'C:\Users\LENOVO\AppData\Local\Pub\Cache\hosted\pub.dev\flutter_native_splash-2.4.7\android\build.gradle'
[        ] Build was configured to prefer settings repositories over project repositories but repository 'MavenRepo4' was added by build file 'C:\Users\LENOVO\AppData\Local\Pub\Cache\hosted\pub.dev\flutter_native_splash-2.4.7\android\build.gradle'
[        ] Using default execution profile
[ +192 ms] > Configure project :flutter_plugin_android_lifecycle
[        ] Evaluating project ':flutter_plugin_android_lifecycle' using build file 'C:\Users\LENOVO\AppData\Local\Pub\Cache\hosted\pub.dev\flutter_plugin_android_lifecycle-2.0.31\android\build.gradle'.
[        ] Build was configured to prefer settings repositories over project repositories but repository 'Google5' was added by build file 'C:\Users\LENOVO\AppData\Local\Pub\Cache\hosted\pub.dev\flutter_plugin_android_lifecycle-2.0.31\android\build.gradle'
[        ] Build was configured to prefer settings repositories over project repositories but repository 'MavenRepo5' was added by build file 'C:\Users\LENOVO\AppData\Local\Pub\Cache\hosted\pub.dev\flutter_plugin_android_lifecycle-2.0.31\android\build.gradle'
[        ] Build was configured to prefer settings repositories over project repositories but repository 'Google5' was added by build file 'C:\Users\LENOVO\AppData\Local\Pub\Cache\hosted\pub.dev\flutter_plugin_android_lifecycle-2.0.31\android\build.gradle'
[        ] Build was configured to prefer settings repositories over project repositories but repository 'MavenRepo5' was added by build file 'C:\Users\LENOVO\AppData\Local\Pub\Cache\hosted\pub.dev\flutter_plugin_android_lifecycle-2.0.31\android\build.gradle'
[        ] Build was configured to prefer settings repositories over project repositories but repository 'Google5' was added by build file 'C:\Users\LENOVO\AppData\Local\Pub\Cache\hosted\pub.dev\flutter_plugin_android_lifecycle-2.0.31\android\build.gradle'
[        ] Build was configured to prefer settings repositories over project repositories but repository 'MavenRepo5' was added by build file 'C:\Users\LENOVO\AppData\Local\Pub\Cache\hosted\pub.dev\flutter_plugin_android_lifecycle-2.0.31\android\build.gradle'
[        ] Build was configured to prefer settings repositories over project repositories but repository 'Google5' was added by build file 'C:\Users\LENOVO\AppData\Local\Pub\Cache\hosted\pub.dev\flutter_plugin_android_lifecycle-2.0.31\android\build.gradle'
[        ] Build was configured to prefer settings repositories over project repositories but repository 'MavenRepo5' was added by build file 'C:\Users\LENOVO\AppData\Local\Pub\Cache\hosted\pub.dev\flutter_plugin_android_lifecycle-2.0.31\android\build.gradle'
[        ] Build was configured to prefer settings repositories over project repositories but repository 'Google5' was added by build file 'C:\Users\LENOVO\AppData\Local\Pub\Cache\hosted\pub.dev\flutter_plugin_android_lifecycle-2.0.31\android\build.gradle'
[        ] Build was configured to prefer settings repositories over project repositories but repository 'MavenRepo5' was added by build file 'C:\Users\LENOVO\AppData\Local\Pub\Cache\hosted\pub.dev\flutter_plugin_android_lifecycle-2.0.31\android\build.gradle'
[        ] Build was configured to prefer settings repositories over project repositories but repository 'Google5' was added by build file 'C:\Users\LENOVO\AppData\Local\Pub\Cache\hosted\pub.dev\flutter_plugin_android_lifecycle-2.0.31\android\build.gradle'
[        ] Build was configured to prefer settings repositories over project repositories but repository 'MavenRepo5' was added by build file 'C:\Users\LENOVO\AppData\Local\Pub\Cache\hosted\pub.dev\flutter_plugin_android_lifecycle-2.0.31\android\build.gradle'
[        ] Build was configured to prefer settings repositories over project repositories but repository 'Google5' was added by build file 'C:\Users\LENOVO\AppData\Local\Pub\Cache\hosted\pub.dev\flutter_plugin_android_lifecycle-2.0.31\android\build.gradle'
[        ] Build was configured to prefer settings repositories over project repositories but repository 'MavenRepo5' was added by build file 'C:\Users\LENOVO\AppData\Local\Pub\Cache\hosted\pub.dev\flutter_plugin_android_lifecycle-2.0.31\android\build.gradle'
[        ] Build was configured to prefer settings repositories over project repositories but repository 'Google5' was added by build file 'C:\Users\LENOVO\AppData\Local\Pub\Cache\hosted\pub.dev\flutter_plugin_android_lifecycle-2.0.31\android\build.gradle'
[        ] Build was configured to prefer settings repositories over project repositories but repository 'MavenRepo5' was added by build file 'C:\Users\LENOVO\AppData\Local\Pub\Cache\hosted\pub.dev\flutter_plugin_android_lifecycle-2.0.31\android\build.gradle'
[        ] Build was configured to prefer settings repositories over project repositories but repository 'Google5' was added by build file 'C:\Users\LENOVO\AppData\Local\Pub\Cache\hosted\pub.dev\flutter_plugin_android_lifecycle-2.0.31\android\build.gradle'
[        ] Build was configured to prefer settings repositories over project repositories but repository 'MavenRepo5' was added by build file 'C:\Users\LENOVO\AppData\Local\Pub\Cache\hosted\pub.dev\flutter_plugin_android_lifecycle-2.0.31\android\build.gradle'
[        ] Build was configured to prefer settings repositories over project repositories but repository 'Google5' was added by build file 'C:\Users\LENOVO\AppData\Local\Pub\Cache\hosted\pub.dev\flutter_plugin_android_lifecycle-2.0.31\android\build.gradle'
[        ] Build was configured to prefer settings repositories over project repositories but repository 'MavenRepo5' was added by build file 'C:\Users\LENOVO\AppData\Local\Pub\Cache\hosted\pub.dev\flutter_plugin_android_lifecycle-2.0.31\android\build.gradle'
[        ] Build was configured to prefer settings repositories over project repositories but repository 'Google5' was added by build file 'C:\Users\LENOVO\AppData\Local\Pub\Cache\hosted\pub.dev\flutter_plugin_android_lifecycle-2.0.31\android\build.gradle'
[        ] Build was configured to prefer settings repositories over project repositories but repository 'MavenRepo5' was added by build file 'C:\Users\LENOVO\AppData\Local\Pub\Cache\hosted\pub.dev\flutter_plugin_android_lifecycle-2.0.31\android\build.gradle'
[        ] Build was configured to prefer settings repositories over project repositories but repository 'Google5' was added by build file 'C:\Users\LENOVO\AppData\Local\Pub\Cache\hosted\pub.dev\flutter_plugin_android_lifecycle-2.0.31\android\build.gradle'
[        ] Build was configured to prefer settings repositories over project repositories but repository 'MavenRepo5' was added by build file 'C:\Users\LENOVO\AppData\Local\Pub\Cache\hosted\pub.dev\flutter_plugin_android_lifecycle-2.0.31\android\build.gradle'
[        ] Build was configured to prefer settings repositories over project repositories but repository 'Google5' was added by build file 'C:\Users\LENOVO\AppData\Local\Pub\Cache\hosted\pub.dev\flutter_plugin_android_lifecycle-2.0.31\android\build.gradle'
[        ] Build was configured to prefer settings repositories over project repositories but repository 'MavenRepo5' was added by build file 'C:\Users\LENOVO\AppData\Local\Pub\Cache\hosted\pub.dev\flutter_plugin_android_lifecycle-2.0.31\android\build.gradle'
[        ] Using default execution profile
[  +83 ms] > Configure project :google_mlkit_commons
[        ] Evaluating project ':google_mlkit_commons' using build file 'C:\Users\LENOVO\AppData\Local\Pub\Cache\hosted\pub.dev\google_mlkit_commons-0.11.0\android\build.gradle'.
[        ] Build was configured to prefer settings repositories over project repositories but repository 'Google6' was added by build file 'C:\Users\LENOVO\AppData\Local\Pub\Cache\hosted\pub.dev\google_mlkit_commons-0.11.0\android\build.gradle'
[        ] Build was configured to prefer settings repositories over project repositories but repository 'MavenRepo6' was added by build file 'C:\Users\LENOVO\AppData\Local\Pub\Cache\hosted\pub.dev\google_mlkit_commons-0.11.0\android\build.gradle'
[        ] Build was configured to prefer settings repositories over project repositories but repository 'Google6' was added by build file 'C:\Users\LENOVO\AppData\Local\Pub\Cache\hosted\pub.dev\google_mlkit_commons-0.11.0\android\build.gradle'
[        ] Build was configured to prefer settings repositories over project repositories but repository 'MavenRepo6' was added by build file 'C:\Users\LENOVO\AppData\Local\Pub\Cache\hosted\pub.dev\google_mlkit_commons-0.11.0\android\build.gradle'
[        ] Build was configured to prefer settings repositories over project repositories but repository 'Google6' was added by build file 'C:\Users\LENOVO\AppData\Local\Pub\Cache\hosted\pub.dev\google_mlkit_commons-0.11.0\android\build.gradle'
[        ] Build was configured to prefer settings repositories over project repositories but repository 'MavenRepo6' was added by build file 'C:\Users\LENOVO\AppData\Local\Pub\Cache\hosted\pub.dev\google_mlkit_commons-0.11.0\android\build.gradle'
[        ] Build was configured to prefer settings repositories over project repositories but repository 'Google6' was added by build file 'C:\Users\LENOVO\AppData\Local\Pub\Cache\hosted\pub.dev\google_mlkit_commons-0.11.0\android\build.gradle'
[        ] Build was configured to prefer settings repositories over project repositories but repository 'MavenRepo6' was added by build file 'C:\Users\LENOVO\AppData\Local\Pub\Cache\hosted\pub.dev\google_mlkit_commons-0.11.0\android\build.gradle'
[        ] Build was configured to prefer settings repositories over project repositories but repository 'Google6' was added by build file 'C:\Users\LENOVO\AppData\Local\Pub\Cache\hosted\pub.dev\google_mlkit_commons-0.11.0\android\build.gradle'
[        ] Build was configured to prefer settings repositories over project repositories but repository 'MavenRepo6' was added by build file 'C:\Users\LENOVO\AppData\Local\Pub\Cache\hosted\pub.dev\google_mlkit_commons-0.11.0\android\build.gradle'
[        ] Build was configured to prefer settings repositories over project repositories but repository 'Google6' was added by build file 'C:\Users\LENOVO\AppData\Local\Pub\Cache\hosted\pub.dev\google_mlkit_commons-0.11.0\android\build.gradle'
[        ] Build was configured to prefer settings repositories over project repositories but repository 'MavenRepo6' was added by build file 'C:\Users\LENOVO\AppData\Local\Pub\Cache\hosted\pub.dev\google_mlkit_commons-0.11.0\android\build.gradle'
[        ] Build was configured to prefer settings repositories over project repositories but repository 'Google6' was added by build file 'C:\Users\LENOVO\AppData\Local\Pub\Cache\hosted\pub.dev\google_mlkit_commons-0.11.0\android\build.gradle'
[        ] Build was configured to prefer settings repositories over project repositories but repository 'MavenRepo6' was added by build file 'C:\Users\LENOVO\AppData\Local\Pub\Cache\hosted\pub.dev\google_mlkit_commons-0.11.0\android\build.gradle'
[        ] Build was configured to prefer settings repositories over project repositories but repository 'Google6' was added by build file 'C:\Users\LENOVO\AppData\Local\Pub\Cache\hosted\pub.dev\google_mlkit_commons-0.11.0\android\build.gradle'
[        ] Build was configured to prefer settings repositories over project repositories but repository 'MavenRepo6' was added by build file 'C:\Users\LENOVO\AppData\Local\Pub\Cache\hosted\pub.dev\google_mlkit_commons-0.11.0\android\build.gradle'
[        ] Build was configured to prefer settings repositories over project repositories but repository 'Google6' was added by build file 'C:\Users\LENOVO\AppData\Local\Pub\Cache\hosted\pub.dev\google_mlkit_commons-0.11.0\android\build.gradle'
[        ] Build was configured to prefer settings repositories over project repositories but repository 'MavenRepo6' was added by build file 'C:\Users\LENOVO\AppData\Local\Pub\Cache\hosted\pub.dev\google_mlkit_commons-0.11.0\android\build.gradle'
[        ] Build was configured to prefer settings repositories over project repositories but repository 'Google6' was added by build file 'C:\Users\LENOVO\AppData\Local\Pub\Cache\hosted\pub.dev\google_mlkit_commons-0.11.0\android\build.gradle'
[        ] Build was configured to prefer settings repositories over project repositories but repository 'MavenRepo6' was added by build file 'C:\Users\LENOVO\AppData\Local\Pub\Cache\hosted\pub.dev\google_mlkit_commons-0.11.0\android\build.gradle'
[        ] Build was configured to prefer settings repositories over project repositories but repository 'Google6' was added by build file 'C:\Users\LENOVO\AppData\Local\Pub\Cache\hosted\pub.dev\google_mlkit_commons-0.11.0\android\build.gradle'
[        ] Build was configured to prefer settings repositories over project repositories but repository 'MavenRepo6' was added by build file 'C:\Users\LENOVO\AppData\Local\Pub\Cache\hosted\pub.dev\google_mlkit_commons-0.11.0\android\build.gradle'
[        ] Build was configured to prefer settings repositories over project repositories but repository 'Google6' was added by build file 'C:\Users\LENOVO\AppData\Local\Pub\Cache\hosted\pub.dev\google_mlkit_commons-0.11.0\android\build.gradle'
[        ] Build was configured to prefer settings repositories over project repositories but repository 'MavenRepo6' was added by build file 'C:\Users\LENOVO\AppData\Local\Pub\Cache\hosted\pub.dev\google_mlkit_commons-0.11.0\android\build.gradle'
[        ] Build was configured to prefer settings repositories over project repositories but repository 'Google6' was added by build file 'C:\Users\LENOVO\AppData\Local\Pub\Cache\hosted\pub.dev\google_mlkit_commons-0.11.0\android\build.gradle'
[        ] Build was configured to prefer settings repositories over project repositories but repository 'MavenRepo6' was added by build file 'C:\Users\LENOVO\AppData\Local\Pub\Cache\hosted\pub.dev\google_mlkit_commons-0.11.0\android\build.gradle'
[        ] Using default execution profile
[ +103 ms] > Configure project :google_mlkit_text_recognition
[        ] Evaluating project ':google_mlkit_text_recognition' using build file 'C:\Users\LENOVO\AppData\Local\Pub\Cache\hosted\pub.dev\google_mlkit_text_recognition-0.15.0\android\build.gradle'.
[        ] Build was configured to prefer settings repositories over project repositories but repository 'Google7' was added by build file 'C:\Users\LENOVO\AppData\Local\Pub\Cache\hosted\pub.dev\google_mlkit_text_recognition-0.15.0\android\build.gradle'
[        ] Build was configured to prefer settings repositories over project repositories but repository 'MavenRepo7' was added by build file 'C:\Users\LENOVO\AppData\Local\Pub\Cache\hosted\pub.dev\google_mlkit_text_recognition-0.15.0\android\build.gradle'
[        ] Build was configured to prefer settings repositories over project repositories but repository 'Google7' was added by build file 'C:\Users\LENOVO\AppData\Local\Pub\Cache\hosted\pub.dev\google_mlkit_text_recognition-0.15.0\android\build.gradle'
[        ] Build was configured to prefer settings repositories over project repositories but repository 'MavenRepo7' was added by build file 'C:\Users\LENOVO\AppData\Local\Pub\Cache\hosted\pub.dev\google_mlkit_text_recognition-0.15.0\android\build.gradle'
[        ] Build was configured to prefer settings repositories over project repositories but repository 'Google7' was added by build file 'C:\Users\LENOVO\AppData\Local\Pub\Cache\hosted\pub.dev\google_mlkit_text_recognition-0.15.0\android\build.gradle'
[        ] Build was configured to prefer settings repositories over project repositories but repository 'MavenRepo7' was added by build file 'C:\Users\LENOVO\AppData\Local\Pub\Cache\hosted\pub.dev\google_mlkit_text_recognition-0.15.0\android\build.gradle'
[        ] Build was configured to prefer settings repositories over project repositories but repository 'Google7' was added by build file 'C:\Users\LENOVO\AppData\Local\Pub\Cache\hosted\pub.dev\google_mlkit_text_recognition-0.15.0\android\build.gradle'
[        ] Build was configured to prefer settings repositories over project repositories but repository 'MavenRepo7' was added by build file 'C:\Users\LENOVO\AppData\Local\Pub\Cache\hosted\pub.dev\google_mlkit_text_recognition-0.15.0\android\build.gradle'
[        ] Build was configured to prefer settings repositories over project repositories but repository 'Google7' was added by build file 'C:\Users\LENOVO\AppData\Local\Pub\Cache\hosted\pub.dev\google_mlkit_text_recognition-0.15.0\android\build.gradle'
[        ] Build was configured to prefer settings repositories over project repositories but repository 'MavenRepo7' was added by build file 'C:\Users\LENOVO\AppData\Local\Pub\Cache\hosted\pub.dev\google_mlkit_text_recognition-0.15.0\android\build.gradle'
[        ] Build was configured to prefer settings repositories over project repositories but repository 'Google7' was added by build file 'C:\Users\LENOVO\AppData\Local\Pub\Cache\hosted\pub.dev\google_mlkit_text_recognition-0.15.0\android\build.gradle'
[        ] Build was configured to prefer settings repositories over project repositories but repository 'MavenRepo7' was added by build file 'C:\Users\LENOVO\AppData\Local\Pub\Cache\hosted\pub.dev\google_mlkit_text_recognition-0.15.0\android\build.gradle'
[        ] Build was configured to prefer settings repositories over project repositories but repository 'Google7' was added by build file 'C:\Users\LENOVO\AppData\Local\Pub\Cache\hosted\pub.dev\google_mlkit_text_recognition-0.15.0\android\build.gradle'
[        ] Build was configured to prefer settings repositories over project repositories but repository 'MavenRepo7' was added by build file 'C:\Users\LENOVO\AppData\Local\Pub\Cache\hosted\pub.dev\google_mlkit_text_recognition-0.15.0\android\build.gradle'
[        ] Build was configured to prefer settings repositories over project repositories but repository 'Google7' was added by build file 'C:\Users\LENOVO\AppData\Local\Pub\Cache\hosted\pub.dev\google_mlkit_text_recognition-0.15.0\android\build.gradle'
[        ] Build was configured to prefer settings repositories over project repositories but repository 'MavenRepo7' was added by build file 'C:\Users\LENOVO\AppData\Local\Pub\Cache\hosted\pub.dev\google_mlkit_text_recognition-0.15.0\android\build.gradle'
[        ] Build was configured to prefer settings repositories over project repositories but repository 'Google7' was added by build file 'C:\Users\LENOVO\AppData\Local\Pub\Cache\hosted\pub.dev\google_mlkit_text_recognition-0.15.0\android\build.gradle'
[        ] Build was configured to prefer settings repositories over project repositories but repository 'MavenRepo7' was added by build file 'C:\Users\LENOVO\AppData\Local\Pub\Cache\hosted\pub.dev\google_mlkit_text_recognition-0.15.0\android\build.gradle'
[        ] Build was configured to prefer settings repositories over project repositories but repository 'Google7' was added by build file 'C:\Users\LENOVO\AppData\Local\Pub\Cache\hosted\pub.dev\google_mlkit_text_recognition-0.15.0\android\build.gradle'
[        ] Build was configured to prefer settings repositories over project repositories but repository 'MavenRepo7' was added by build file 'C:\Users\LENOVO\AppData\Local\Pub\Cache\hosted\pub.dev\google_mlkit_text_recognition-0.15.0\android\build.gradle'
[        ] Build was configured to prefer settings repositories over project repositories but repository 'Google7' was added by build file 'C:\Users\LENOVO\AppData\Local\Pub\Cache\hosted\pub.dev\google_mlkit_text_recognition-0.15.0\android\build.gradle'
[        ] Build was configured to prefer settings repositories over project repositories but repository 'MavenRepo7' was added by build file 'C:\Users\LENOVO\AppData\Local\Pub\Cache\hosted\pub.dev\google_mlkit_text_recognition-0.15.0\android\build.gradle'
[        ] Build was configured to prefer settings repositories over project repositories but repository 'Google7' was added by build file 'C:\Users\LENOVO\AppData\Local\Pub\Cache\hosted\pub.dev\google_mlkit_text_recognition-0.15.0\android\build.gradle'
[        ] Build was configured to prefer settings repositories over project repositories but repository 'MavenRepo7' was added by build file 'C:\Users\LENOVO\AppData\Local\Pub\Cache\hosted\pub.dev\google_mlkit_text_recognition-0.15.0\android\build.gradle'
[        ] Build was configured to prefer settings repositories over project repositories but repository 'Google7' was added by build file 'C:\Users\LENOVO\AppData\Local\Pub\Cache\hosted\pub.dev\google_mlkit_text_recognition-0.15.0\android\build.gradle'
[        ] Build was configured to prefer settings repositories over project repositories but repository 'MavenRepo7' was added by build file 'C:\Users\LENOVO\AppData\Local\Pub\Cache\hosted\pub.dev\google_mlkit_text_recognition-0.15.0\android\build.gradle'
[        ] Using default execution profile
[        ] > Configure project :image_picker_android
[        ] Evaluating project ':image_picker_android' using build file 'C:\Users\LENOVO\AppData\Local\Pub\Cache\hosted\pub.dev\image_picker_android-0.8.13+1\android\build.gradle'.
[        ] Build was configured to prefer settings repositories over project repositories but repository 'Google8' was added by build file 'C:\Users\LENOVO\AppData\Local\Pub\Cache\hosted\pub.dev\image_picker_android-0.8.13+1\android\build.gradle'
[        ] Build was configured to prefer settings repositories over project repositories but repository 'MavenRepo8' was added by build file 'C:\Users\LENOVO\AppData\Local\Pub\Cache\hosted\pub.dev\image_picker_android-0.8.13+1\android\build.gradle'
[        ] Build was configured to prefer settings repositories over project repositories but repository 'Google8' was added by build file 'C:\Users\LENOVO\AppData\Local\Pub\Cache\hosted\pub.dev\image_picker_android-0.8.13+1\android\build.gradle'
[        ] Build was configured to prefer settings repositories over project repositories but repository 'MavenRepo8' was added by build file 'C:\Users\LENOVO\AppData\Local\Pub\Cache\hosted\pub.dev\image_picker_android-0.8.13+1\android\build.gradle'
[        ] Build was configured to prefer settings repositories over project repositories but repository 'Google8' was added by build file 'C:\Users\LENOVO\AppData\Local\Pub\Cache\hosted\pub.dev\image_picker_android-0.8.13+1\android\build.gradle'
[        ] Build was configured to prefer settings repositories over project repositories but repository 'MavenRepo8' was added by build file 'C:\Users\LENOVO\AppData\Local\Pub\Cache\hosted\pub.dev\image_picker_android-0.8.13+1\android\build.gradle'
[        ] Build was configured to prefer settings repositories over project repositories but repository 'Google8' was added by build file 'C:\Users\LENOVO\AppData\Local\Pub\Cache\hosted\pub.dev\image_picker_android-0.8.13+1\android\build.gradle'
[        ] Build was configured to prefer settings repositories over project repositories but repository 'MavenRepo8' was added by build file 'C:\Users\LENOVO\AppData\Local\Pub\Cache\hosted\pub.dev\image_picker_android-0.8.13+1\android\build.gradle'
[        ] Build was configured to prefer settings repositories over project repositories but repository 'Google8' was added by build file 'C:\Users\LENOVO\AppData\Local\Pub\Cache\hosted\pub.dev\image_picker_android-0.8.13+1\android\build.gradle'
[        ] Build was configured to prefer settings repositories over project repositories but repository 'MavenRepo8' was added by build file 'C:\Users\LENOVO\AppData\Local\Pub\Cache\hosted\pub.dev\image_picker_android-0.8.13+1\android\build.gradle'
[        ] Build was configured to prefer settings repositories over project repositories but repository 'Google8' was added by build file 'C:\Users\LENOVO\AppData\Local\Pub\Cache\hosted\pub.dev\image_picker_android-0.8.13+1\android\build.gradle'
[        ] Build was configured to prefer settings repositories over project repositories but repository 'MavenRepo8' was added by build file 'C:\Users\LENOVO\AppData\Local\Pub\Cache\hosted\pub.dev\image_picker_android-0.8.13+1\android\build.gradle'
[        ] Build was configured to prefer settings repositories over project repositories but repository 'Google8' was added by build file 'C:\Users\LENOVO\AppData\Local\Pub\Cache\hosted\pub.dev\image_picker_android-0.8.13+1\android\build.gradle'
[        ] Build was configured to prefer settings repositories over project repositories but repository 'MavenRepo8' was added by build file 'C:\Users\LENOVO\AppData\Local\Pub\Cache\hosted\pub.dev\image_picker_android-0.8.13+1\android\build.gradle'
[        ] Build was configured to prefer settings repositories over project repositories but repository 'Google8' was added by build file 'C:\Users\LENOVO\AppData\Local\Pub\Cache\hosted\pub.dev\image_picker_android-0.8.13+1\android\build.gradle'
[        ] Build was configured to prefer settings repositories over project repositories but repository 'MavenRepo8' was added by build file 'C:\Users\LENOVO\AppData\Local\Pub\Cache\hosted\pub.dev\image_picker_android-0.8.13+1\android\build.gradle'
[        ] Build was configured to prefer settings repositories over project repositories but repository 'Google8' was added by build file 'C:\Users\LENOVO\AppData\Local\Pub\Cache\hosted\pub.dev\image_picker_android-0.8.13+1\android\build.gradle'
[        ] Build was configured to prefer settings repositories over project repositories but repository 'MavenRepo8' was added by build file 'C:\Users\LENOVO\AppData\Local\Pub\Cache\hosted\pub.dev\image_picker_android-0.8.13+1\android\build.gradle'
[        ] Build was configured to prefer settings repositories over project repositories but repository 'Google8' was added by build file 'C:\Users\LENOVO\AppData\Local\Pub\Cache\hosted\pub.dev\image_picker_android-0.8.13+1\android\build.gradle'
[        ] Build was configured to prefer settings repositories over project repositories but repository 'MavenRepo8' was added by build file 'C:\Users\LENOVO\AppData\Local\Pub\Cache\hosted\pub.dev\image_picker_android-0.8.13+1\android\build.gradle'
[        ] Build was configured to prefer settings repositories over project repositories but repository 'Google8' was added by build file 'C:\Users\LENOVO\AppData\Local\Pub\Cache\hosted\pub.dev\image_picker_android-0.8.13+1\android\build.gradle'
[        ] Build was configured to prefer settings repositories over project repositories but repository 'MavenRepo8' was added by build file 'C:\Users\LENOVO\AppData\Local\Pub\Cache\hosted\pub.dev\image_picker_android-0.8.13+1\android\build.gradle'
[        ] Build was configured to prefer settings repositories over project repositories but repository 'Google8' was added by build file 'C:\Users\LENOVO\AppData\Local\Pub\Cache\hosted\pub.dev\image_picker_android-0.8.13+1\android\build.gradle'
[        ] Build was configured to prefer settings repositories over project repositories but repository 'MavenRepo8' was added by build file 'C:\Users\LENOVO\AppData\Local\Pub\Cache\hosted\pub.dev\image_picker_android-0.8.13+1\android\build.gradle'
[        ] Build was configured to prefer settings repositories over project repositories but repository 'Google8' was added by build file 'C:\Users\LENOVO\AppData\Local\Pub\Cache\hosted\pub.dev\image_picker_android-0.8.13+1\android\build.gradle'
[        ] Build was configured to prefer settings repositories over project repositories but repository 'MavenRepo8' was added by build file 'C:\Users\LENOVO\AppData\Local\Pub\Cache\hosted\pub.dev\image_picker_android-0.8.13+1\android\build.gradle'
[        ] Using default execution profile
[ +185 ms] > Configure project :mobile_scanner
[        ] Evaluating project ':mobile_scanner' using build file 'C:\Users\LENOVO\AppData\Local\Pub\Cache\hosted\pub.dev\mobile_scanner-6.0.11\android\build.gradle'.
[        ] Build was configured to prefer settings repositories over project repositories but repository 'Google9' was added by build file 'C:\Users\LENOVO\AppData\Local\Pub\Cache\hosted\pub.dev\mobile_scanner-6.0.11\android\build.gradle'
[        ] Build was configured to prefer settings repositories over project repositories but repository 'MavenRepo9' was added by build file 'C:\Users\LENOVO\AppData\Local\Pub\Cache\hosted\pub.dev\mobile_scanner-6.0.11\android\build.gradle'
[        ] Using default execution profile
[        ] Using Kotlin Gradle Plugin gradle85 variant
[  +92 ms] > Configure project :path_provider_android
[        ] Evaluating project ':path_provider_android' using build file 'C:\Users\LENOVO\AppData\Local\Pub\Cache\hosted\pub.dev\path_provider_android-2.2.19\android\build.gradle'.
[        ] Build was configured to prefer settings repositories over project repositories but repository 'Google9' was added by build file 'C:\Users\LENOVO\AppData\Local\Pub\Cache\hosted\pub.dev\path_provider_android-2.2.19\android\build.gradle'
[        ] Build was configured to prefer settings repositories over project repositories but repository 'MavenRepo9' was added by build file 'C:\Users\LENOVO\AppData\Local\Pub\Cache\hosted\pub.dev\path_provider_android-2.2.19\android\build.gradle'
[        ] Build was configured to prefer settings repositories over project repositories but repository 'Google9' was added by build file 'C:\Users\LENOVO\AppData\Local\Pub\Cache\hosted\pub.dev\path_provider_android-2.2.19\android\build.gradle'
[        ] Build was configured to prefer settings repositories over project repositories but repository 'MavenRepo9' was added by build file 'C:\Users\LENOVO\AppData\Local\Pub\Cache\hosted\pub.dev\path_provider_android-2.2.19\android\build.gradle'
[        ] Build was configured to prefer settings repositories over project repositories but repository 'Google9' was added by build file 'C:\Users\LENOVO\AppData\Local\Pub\Cache\hosted\pub.dev\path_provider_android-2.2.19\android\build.gradle'
[        ] Build was configured to prefer settings repositories over project repositories but repository 'MavenRepo9' was added by build file 'C:\Users\LENOVO\AppData\Local\Pub\Cache\hosted\pub.dev\path_provider_android-2.2.19\android\build.gradle'
[        ] Build was configured to prefer settings repositories over project repositories but repository 'Google9' was added by build file 'C:\Users\LENOVO\AppData\Local\Pub\Cache\hosted\pub.dev\path_provider_android-2.2.19\android\build.gradle'
[        ] Build was configured to prefer settings repositories over project repositories but repository 'MavenRepo9' was added by build file 'C:\Users\LENOVO\AppData\Local\Pub\Cache\hosted\pub.dev\path_provider_android-2.2.19\android\build.gradle'
[        ] Build was configured to prefer settings repositories over project repositories but repository 'Google9' was added by build file 'C:\Users\LENOVO\AppData\Local\Pub\Cache\hosted\pub.dev\path_provider_android-2.2.19\android\build.gradle'
[        ] Build was configured to prefer settings repositories over project repositories but repository 'MavenRepo9' was added by build file 'C:\Users\LENOVO\AppData\Local\Pub\Cache\hosted\pub.dev\path_provider_android-2.2.19\android\build.gradle'
[        ] Build was configured to prefer settings repositories over project repositories but repository 'Google9' was added by build file 'C:\Users\LENOVO\AppData\Local\Pub\Cache\hosted\pub.dev\path_provider_android-2.2.19\android\build.gradle'
[        ] Build was configured to prefer settings repositories over project repositories but repository 'MavenRepo9' was added by build file 'C:\Users\LENOVO\AppData\Local\Pub\Cache\hosted\pub.dev\path_provider_android-2.2.19\android\build.gradle'
[        ] Build was configured to prefer settings repositories over project repositories but repository 'Google9' was added by build file 'C:\Users\LENOVO\AppData\Local\Pub\Cache\hosted\pub.dev\path_provider_android-2.2.19\android\build.gradle'
[        ] Build was configured to prefer settings repositories over project repositories but repository 'MavenRepo9' was added by build file 'C:\Users\LENOVO\AppData\Local\Pub\Cache\hosted\pub.dev\path_provider_android-2.2.19\android\build.gradle'
[        ] Build was configured to prefer settings repositories over project repositories but repository 'Google9' was added by build file 'C:\Users\LENOVO\AppData\Local\Pub\Cache\hosted\pub.dev\path_provider_android-2.2.19\android\build.gradle'
[        ] Build was configured to prefer settings repositories over project repositories but repository 'MavenRepo9' was added by build file 'C:\Users\LENOVO\AppData\Local\Pub\Cache\hosted\pub.dev\path_provider_android-2.2.19\android\build.gradle'
[        ] Build was configured to prefer settings repositories over project repositories but repository 'Google9' was added by build file 'C:\Users\LENOVO\AppData\Local\Pub\Cache\hosted\pub.dev\path_provider_android-2.2.19\android\build.gradle'
[        ] Build was configured to prefer settings repositories over project repositories but repository 'MavenRepo9' was added by build file 'C:\Users\LENOVO\AppData\Local\Pub\Cache\hosted\pub.dev\path_provider_android-2.2.19\android\build.gradle'
[        ] Build was configured to prefer settings repositories over project repositories but repository 'Google10' was added by build file 'C:\Users\LENOVO\AppData\Local\Pub\Cache\hosted\pub.dev\path_provider_android-2.2.19\android\build.gradle'
[        ] Build was configured to prefer settings repositories over project repositories but repository 'MavenRepo10' was added by build file 'C:\Users\LENOVO\AppData\Local\Pub\Cache\hosted\pub.dev\path_provider_android-2.2.19\android\build.gradle'
[        ] Build was configured to prefer settings repositories over project repositories but repository 'Google9' was added by build file 'C:\Users\LENOVO\AppData\Local\Pub\Cache\hosted\pub.dev\path_provider_android-2.2.19\android\build.gradle'
[        ] Build was configured to prefer settings repositories over project repositories but repository 'MavenRepo9' was added by build file 'C:\Users\LENOVO\AppData\Local\Pub\Cache\hosted\pub.dev\path_provider_android-2.2.19\android\build.gradle'
[        ] Build was configured to prefer settings repositories over project repositories but repository 'Google9' was added by build file 'C:\Users\LENOVO\AppData\Local\Pub\Cache\hosted\pub.dev\path_provider_android-2.2.19\android\build.gradle'
[        ] Build was configured to prefer settings repositories over project repositories but repository 'MavenRepo9' was added by build file 'C:\Users\LENOVO\AppData\Local\Pub\Cache\hosted\pub.dev\path_provider_android-2.2.19\android\build.gradle'
[        ] Build was configured to prefer settings repositories over project repositories but repository 'Google9' was added by build file 'C:\Users\LENOVO\AppData\Local\Pub\Cache\hosted\pub.dev\path_provider_android-2.2.19\android\build.gradle'
[        ] Build was configured to prefer settings repositories over project repositories but repository 'MavenRepo9' was added by build file 'C:\Users\LENOVO\AppData\Local\Pub\Cache\hosted\pub.dev\path_provider_android-2.2.19\android\build.gradle'
[        ] Using default execution profile
[ +197 ms] > Configure project :permission_handler_android
[        ] Evaluating project ':permission_handler_android' using build file 'C:\Users\LENOVO\AppData\Local\Pub\Cache\hosted\pub.dev\permission_handler_android-13.0.1\android\build.gradle'.
[        ] Build was configured to prefer settings repositories over project repositories but repository 'Google10' was added by build file 'C:\Users\LENOVO\AppData\Local\Pub\Cache\hosted\pub.dev\permission_handler_android-13.0.1\android\build.gradle'
[        ] Build was configured to prefer settings repositories over project repositories but repository 'MavenRepo10' was added by build file 'C:\Users\LENOVO\AppData\Local\Pub\Cache\hosted\pub.dev\permission_handler_android-13.0.1\android\build.gradle'
[        ] Build was configured to prefer settings repositories over project repositories but repository 'Google10' was added by build file 'C:\Users\LENOVO\AppData\Local\Pub\Cache\hosted\pub.dev\permission_handler_android-13.0.1\android\build.gradle'
[        ] Build was configured to prefer settings repositories over project repositories but repository 'MavenRepo10' was added by build file 'C:\Users\LENOVO\AppData\Local\Pub\Cache\hosted\pub.dev\permission_handler_android-13.0.1\android\build.gradle'
[        ] Build was configured to prefer settings repositories over project repositories but repository 'Google10' was added by build file 'C:\Users\LENOVO\AppData\Local\Pub\Cache\hosted\pub.dev\permission_handler_android-13.0.1\android\build.gradle'
[        ] Build was configured to prefer settings repositories over project repositories but repository 'MavenRepo10' was added by build file 'C:\Users\LENOVO\AppData\Local\Pub\Cache\hosted\pub.dev\permission_handler_android-13.0.1\android\build.gradle'
[        ] Build was configured to prefer settings repositories over project repositories but repository 'Google10' was added by build file 'C:\Users\LENOVO\AppData\Local\Pub\Cache\hosted\pub.dev\permission_handler_android-13.0.1\android\build.gradle'
[        ] Build was configured to prefer settings repositories over project repositories but repository 'MavenRepo10' was added by build file 'C:\Users\LENOVO\AppData\Local\Pub\Cache\hosted\pub.dev\permission_handler_android-13.0.1\android\build.gradle'
[        ] Build was configured to prefer settings repositories over project repositories but repository 'Google10' was added by build file 'C:\Users\LENOVO\AppData\Local\Pub\Cache\hosted\pub.dev\permission_handler_android-13.0.1\android\build.gradle'
[        ] Build was configured to prefer settings repositories over project repositories but repository 'MavenRepo10' was added by build file 'C:\Users\LENOVO\AppData\Local\Pub\Cache\hosted\pub.dev\permission_handler_android-13.0.1\android\build.gradle'
[        ] Build was configured to prefer settings repositories over project repositories but repository 'Google10' was added by build file 'C:\Users\LENOVO\AppData\Local\Pub\Cache\hosted\pub.dev\permission_handler_android-13.0.1\android\build.gradle'
[        ] Build was configured to prefer settings repositories over project repositories but repository 'MavenRepo10' was added by build file 'C:\Users\LENOVO\AppData\Local\Pub\Cache\hosted\pub.dev\permission_handler_android-13.0.1\android\build.gradle'
[        ] Build was configured to prefer settings repositories over project repositories but repository 'Google10' was added by build file 'C:\Users\LENOVO\AppData\Local\Pub\Cache\hosted\pub.dev\permission_handler_android-13.0.1\android\build.gradle'
[        ] Build was configured to prefer settings repositories over project repositories but repository 'MavenRepo10' was added by build file 'C:\Users\LENOVO\AppData\Local\Pub\Cache\hosted\pub.dev\permission_handler_android-13.0.1\android\build.gradle'
[        ] Build was configured to prefer settings repositories over project repositories but repository 'Google10' was added by build file 'C:\Users\LENOVO\AppData\Local\Pub\Cache\hosted\pub.dev\permission_handler_android-13.0.1\android\build.gradle'
[        ] Build was configured to prefer settings repositories over project repositories but repository 'MavenRepo10' was added by build file 'C:\Users\LENOVO\AppData\Local\Pub\Cache\hosted\pub.dev\permission_handler_android-13.0.1\android\build.gradle'
[        ] Build was configured to prefer settings repositories over project repositories but repository 'Google10' was added by build file 'C:\Users\LENOVO\AppData\Local\Pub\Cache\hosted\pub.dev\permission_handler_android-13.0.1\android\build.gradle'
[        ] Build was configured to prefer settings repositories over project repositories but repository 'MavenRepo10' was added by build file 'C:\Users\LENOVO\AppData\Local\Pub\Cache\hosted\pub.dev\permission_handler_android-13.0.1\android\build.gradle'
[        ] Build was configured to prefer settings repositories over project repositories but repository 'Google11' was added by build file 'C:\Users\LENOVO\AppData\Local\Pub\Cache\hosted\pub.dev\permission_handler_android-13.0.1\android\build.gradle'
[        ] Build was configured to prefer settings repositories over project repositories but repository 'MavenRepo11' was added by build file 'C:\Users\LENOVO\AppData\Local\Pub\Cache\hosted\pub.dev\permission_handler_android-13.0.1\android\build.gradle'
[        ] Build was configured to prefer settings repositories over project repositories but repository 'Google10' was added by build file 'C:\Users\LENOVO\AppData\Local\Pub\Cache\hosted\pub.dev\permission_handler_android-13.0.1\android\build.gradle'
[        ] Build was configured to prefer settings repositories over project repositories but repository 'MavenRepo10' was added by build file 'C:\Users\LENOVO\AppData\Local\Pub\Cache\hosted\pub.dev\permission_handler_android-13.0.1\android\build.gradle'
[        ] Build was configured to prefer settings repositories over project repositories but repository 'Google10' was added by build file 'C:\Users\LENOVO\AppData\Local\Pub\Cache\hosted\pub.dev\permission_handler_android-13.0.1\android\build.gradle'
[        ] Build was configured to prefer settings repositories over project repositories but repository 'MavenRepo10' was added by build file 'C:\Users\LENOVO\AppData\Local\Pub\Cache\hosted\pub.dev\permission_handler_android-13.0.1\android\build.gradle'
[        ] Build was configured to prefer settings repositories over project repositories but repository 'Google10' was added by build file 'C:\Users\LENOVO\AppData\Local\Pub\Cache\hosted\pub.dev\permission_handler_android-13.0.1\android\build.gradle'
[        ] Build was configured to prefer settings repositories over project repositories but repository 'MavenRepo10' was added by build file 'C:\Users\LENOVO\AppData\Local\Pub\Cache\hosted\pub.dev\permission_handler_android-13.0.1\android\build.gradle'
[        ] Using default execution profile
[  +85 ms] > Configure project :speech_to_text
[        ] Evaluating project ':speech_to_text' using build file 'C:\Users\LENOVO\AppData\Local\Pub\Cache\hosted\pub.dev\speech_to_text-7.3.0\android\build.gradle'.
[        ] Build was configured to prefer settings repositories over project repositories but repository 'Google11' was added by build file 'C:\Users\LENOVO\AppData\Local\Pub\Cache\hosted\pub.dev\speech_to_text-7.3.0\android\build.gradle'
[        ] Build was configured to prefer settings repositories over project repositories but repository 'MavenRepo11' was added by build file 'C:\Users\LENOVO\AppData\Local\Pub\Cache\hosted\pub.dev\speech_to_text-7.3.0\android\build.gradle'
[        ] Build was configured to prefer settings repositories over project repositories but repository 'Google11' was added by build file 'C:\Users\LENOVO\AppData\Local\Pub\Cache\hosted\pub.dev\speech_to_text-7.3.0\android\build.gradle'
[        ] Build was configured to prefer settings repositories over project repositories but repository 'MavenRepo11' was added by build file 'C:\Users\LENOVO\AppData\Local\Pub\Cache\hosted\pub.dev\speech_to_text-7.3.0\android\build.gradle'
[        ] Build was configured to prefer settings repositories over project repositories but repository 'Google11' was added by build file 'C:\Users\LENOVO\AppData\Local\Pub\Cache\hosted\pub.dev\speech_to_text-7.3.0\android\build.gradle'
[        ] Build was configured to prefer settings repositories over project repositories but repository 'MavenRepo11' was added by build file 'C:\Users\LENOVO\AppData\Local\Pub\Cache\hosted\pub.dev\speech_to_text-7.3.0\android\build.gradle'
[        ] Build was configured to prefer settings repositories over project repositories but repository 'Google11' was added by build file 'C:\Users\LENOVO\AppData\Local\Pub\Cache\hosted\pub.dev\speech_to_text-7.3.0\android\build.gradle'
[        ] Build was configured to prefer settings repositories over project repositories but repository 'MavenRepo11' was added by build file 'C:\Users\LENOVO\AppData\Local\Pub\Cache\hosted\pub.dev\speech_to_text-7.3.0\android\build.gradle'
[        ] Build was configured to prefer settings repositories over project repositories but repository 'Google11' was added by build file 'C:\Users\LENOVO\AppData\Local\Pub\Cache\hosted\pub.dev\speech_to_text-7.3.0\android\build.gradle'
[        ] Build was configured to prefer settings repositories over project repositories but repository 'MavenRepo11' was added by build file 'C:\Users\LENOVO\AppData\Local\Pub\Cache\hosted\pub.dev\speech_to_text-7.3.0\android\build.gradle'
[        ] Build was configured to prefer settings repositories over project repositories but repository 'Google11' was added by build file 'C:\Users\LENOVO\AppData\Local\Pub\Cache\hosted\pub.dev\speech_to_text-7.3.0\android\build.gradle'
[        ] Build was configured to prefer settings repositories over project repositories but repository 'MavenRepo11' was added by build file 'C:\Users\LENOVO\AppData\Local\Pub\Cache\hosted\pub.dev\speech_to_text-7.3.0\android\build.gradle'
[        ] Build was configured to prefer settings repositories over project repositories but repository 'Google11' was added by build file 'C:\Users\LENOVO\AppData\Local\Pub\Cache\hosted\pub.dev\speech_to_text-7.3.0\android\build.gradle'
[        ] Build was configured to prefer settings repositories over project repositories but repository 'MavenRepo11' was added by build file 'C:\Users\LENOVO\AppData\Local\Pub\Cache\hosted\pub.dev\speech_to_text-7.3.0\android\build.gradle'
[        ] Build was configured to prefer settings repositories over project repositories but repository 'Google11' was added by build file 'C:\Users\LENOVO\AppData\Local\Pub\Cache\hosted\pub.dev\speech_to_text-7.3.0\android\build.gradle'
[        ] Build was configured to prefer settings repositories over project repositories but repository 'MavenRepo11' was added by build file 'C:\Users\LENOVO\AppData\Local\Pub\Cache\hosted\pub.dev\speech_to_text-7.3.0\android\build.gradle'
[        ] Build was configured to prefer settings repositories over project repositories but repository 'Google11' was added by build file 'C:\Users\LENOVO\AppData\Local\Pub\Cache\hosted\pub.dev\speech_to_text-7.3.0\android\build.gradle'
[        ] Build was configured to prefer settings repositories over project repositories but repository 'MavenRepo11' was added by build file 'C:\Users\LENOVO\AppData\Local\Pub\Cache\hosted\pub.dev\speech_to_text-7.3.0\android\build.gradle'
[        ] Build was configured to prefer settings repositories over project repositories but repository 'Google12' was added by build file 'C:\Users\LENOVO\AppData\Local\Pub\Cache\hosted\pub.dev\speech_to_text-7.3.0\android\build.gradle'
[        ] Build was configured to prefer settings repositories over project repositories but repository 'MavenRepo12' was added by build file 'C:\Users\LENOVO\AppData\Local\Pub\Cache\hosted\pub.dev\speech_to_text-7.3.0\android\build.gradle'
[        ] Build was configured to prefer settings repositories over project repositories but repository 'Google11' was added by build file 'C:\Users\LENOVO\AppData\Local\Pub\Cache\hosted\pub.dev\speech_to_text-7.3.0\android\build.gradle'
[        ] Build was configured to prefer settings repositories over project repositories but repository 'MavenRepo11' was added by build file 'C:\Users\LENOVO\AppData\Local\Pub\Cache\hosted\pub.dev\speech_to_text-7.3.0\android\build.gradle'
[        ] Build was configured to prefer settings repositories over project repositories but repository 'Google11' was added by build file 'C:\Users\LENOVO\AppData\Local\Pub\Cache\hosted\pub.dev\speech_to_text-7.3.0\android\build.gradle'
[        ] Build was configured to prefer settings repositories over project repositories but repository 'MavenRepo11' was added by build file 'C:\Users\LENOVO\AppData\Local\Pub\Cache\hosted\pub.dev\speech_to_text-7.3.0\android\build.gradle'
[        ] Build was configured to prefer settings repositories over project repositories but repository 'Google11' was added by build file 'C:\Users\LENOVO\AppData\Local\Pub\Cache\hosted\pub.dev\speech_to_text-7.3.0\android\build.gradle'
[        ] Build was configured to prefer settings repositories over project repositories but repository 'MavenRepo11' was added by build file 'C:\Users\LENOVO\AppData\Local\Pub\Cache\hosted\pub.dev\speech_to_text-7.3.0\android\build.gradle'
[        ] Using default execution profile
[        ] Using Kotlin Gradle Plugin gradle85 variant
[        ] All projects evaluated.
[ +103 ms] Task name matched 'assembleDebug'
[        ] Selected primary task 'assembleDebug' from project :
[        ] WARNING: We recommend using a newer Android Gradle plugin to use compileSdk = 36
[        ] This Android Gradle plugin (8.7.3) was tested up to compileSdk = 35.
[        ] You are strongly encouraged to update your project to use a newer
[        ] Android Gradle plugin that has been tested with compileSdk = 36.
[        ] If you are already using the latest version of the Android Gradle plugin,
[        ] you may need to wait until a newer version with support for compileSdk = 36 is available.
[        ] For more information refer to the compatibility table:
[        ] https://d.android.com/r/tools/api-level-support
[        ] To suppress this warning, add/update
[        ]     android.suppressUnsupportedCompileSdk=36
[        ] to this project's gradle.properties.
[ +498 ms] Tasks to be executed: [task ':app:DebugMinSdkCheck', task ':app:preBuild', task ':app:preDebugBuild', task ':app:mergeDebugNativeDebugMetadata', task ':app:checkKotlinGradlePluginConfigurationErrors', task ':app:compileFlutterBuildDebug', task ':app:packJniLibsflutterBuildDebug', task ':connectivity_plus:preBuild', task ':connectivity_plus:preDebugBuild', task ':connectivity_plus:writeDebugAarMetadata', task ':flutter_local_notifications:preBuild', task ':flutter_local_notifications:preDebugBuild', task ':flutter_local_notifications:writeDebugAarMetadata', task ':flutter_native_splash:preBuild', task ':flutter_native_splash:preDebugBuild', task ':flutter_native_splash:writeDebugAarMetadata', task ':flutter_plugin_android_lifecycle:preBuild', task ':flutter_plugin_android_lifecycle:preDebugBuild', task ':flutter_plugin_android_lifecycle:writeDebugAarMetadata', task ':google_mlkit_commons:preBuild', task ':google_mlkit_commons:preDebugBuild', task ':google_mlkit_commons:writeDebugAarMetadata', task ':google_mlkit_text_recognition:preBuild', task ':google_mlkit_text_recognition:preDebugBuild', task ':google_mlkit_text_recognition:writeDebugAarMetadata', task ':image_picker_android:preBuild', task ':image_picker_android:preDebugBuild', task ':image_picker_android:writeDebugAarMetadata', task ':mobile_scanner:preBuild', task ':mobile_scanner:preDebugBuild', task ':mobile_scanner:writeDebugAarMetadata', task ':path_provider_android:preBuild', task ':path_provider_android:preDebugBuild', task ':path_provider_android:writeDebugAarMetadata', task ':permission_handler_android:preBuild', task ':permission_handler_android:preDebugBuild', task ':permission_handler_android:writeDebugAarMetadata', task ':speech_to_text:preBuild', task ':speech_to_text:preDebugBuild', task ':speech_to_text:writeDebugAarMetadata', task ':app:checkDebugAarMetadata', task ':app:cleanMergeDebugAssets', task ':app:mergeDebugShaders', task ':app:compileDebugShaders', task ':app:generateDebugAssets', task ':connectivity_plus:mergeDebugShaders', task ':connectivity_plus:compileDebugShaders', task ':connectivity_plus:generateDebugAssets', task ':connectivity_plus:packageDebugAssets', task ':flutter_local_notifications:mergeDebugShaders', task ':flutter_local_notifications:compileDebugShaders', task ':flutter_local_notifications:generateDebugAssets', task ':flutter_local_notifications:packageDebugAssets', task ':flutter_native_splash:mergeDebugShaders', task ':flutter_native_splash:compileDebugShaders', task ':flutter_native_splash:generateDebugAssets', task ':flutter_native_splash:packageDebugAssets', task ':flutter_plugin_android_lifecycle:mergeDebugShaders', task ':flutter_plugin_android_lifecycle:compileDebugShaders', task ':flutter_plugin_android_lifecycle:generateDebugAssets', task ':flutter_plugin_android_lifecycle:packageDebugAssets', task ':google_mlkit_commons:mergeDebugShaders', task ':google_mlkit_commons:compileDebugShaders', task ':google_mlkit_commons:generateDebugAssets', task ':google_mlkit_commons:packageDebugAssets', task ':google_mlkit_text_recognition:mergeDebugShaders', task ':google_mlkit_text_recognition:compileDebugShaders', task ':google_mlkit_text_recognition:generateDebugAssets', task ':google_mlkit_text_recognition:packageDebugAssets', task ':image_picker_android:mergeDebugShaders', task ':image_picker_android:compileDebugShaders', task ':image_picker_android:generateDebugAssets', task ':image_picker_android:packageDebugAssets', task ':mobile_scanner:mergeDebugShaders', task ':mobile_scanner:compileDebugShaders', task ':mobile_scanner:generateDebugAssets', task ':mobile_scanner:packageDebugAssets', task ':path_provider_android:mergeDebugShaders', task ':path_provider_android:compileDebugShaders', task ':path_provider_android:generateDebugAssets', task ':path_provider_android:packageDebugAssets', task ':permission_handler_android:mergeDebugShaders', task ':permission_handler_android:compileDebugShaders', task ':permission_handler_android:generateDebugAssets', task ':permission_handler_android:packageDebugAssets', task ':speech_to_text:mergeDebugShaders', task ':speech_to_text:compileDebugShaders', task ':speech_to_text:generateDebugAssets', task ':speech_to_text:packageDebugAssets', task ':app:mergeDebugAssets', task ':app:copyFlutterAssetsDebug', task ':app:generateDebugResValues', task ':connectivity_plus:generateDebugResValues', task ':connectivity_plus:generateDebugResources', task ':connectivity_plus:packageDebugResources', task ':flutter_local_notifications:generateDebugResValues', task ':flutter_local_notifications:generateDebugResources', task ':flutter_local_notifications:packageDebugResources', task ':flutter_native_splash:generateDebugResValues', task ':flutter_native_splash:generateDebugResources', task ':flutter_native_splash:packageDebugResources', task ':flutter_plugin_android_lifecycle:generateDebugResValues', task ':flutter_plugin_android_lifecycle:generateDebugResources', task ':flutter_plugin_android_lifecycle:packageDebugResources', task ':google_mlkit_commons:generateDebugResValues', task ':google_mlkit_commons:generateDebugResources', task ':google_mlkit_commons:packageDebugResources', task ':google_mlkit_text_recognition:generateDebugResValues', task ':google_mlkit_text_recognition:generateDebugResources', task ':google_mlkit_text_recognition:packageDebugResources', task ':image_picker_android:generateDebugResValues', task ':image_picker_android:generateDebugResources', task ':image_picker_android:packageDebugResources', task ':mobile_scanner:generateDebugResValues', task ':mobile_scanner:generateDebugResources', task ':mobile_scanner:packageDebugResources', task ':path_provider_android:generateDebugResValues', task ':path_provider_android:generateDebugResources', task ':path_provider_android:packageDebugResources', task ':permission_handler_android:generateDebugResValues', task ':permission_handler_android:generateDebugResources', task ':permission_handler_android:packageDebugResources', task ':speech_to_text:generateDebugResValues', task ':speech_to_text:generateDebugResources', task ':speech_to_text:packageDebugResources', task ':app:mapDebugSourceSetPaths', task ':app:generateDebugResources', task ':app:mergeDebugResources', task ':app:packageDebugResources', task ':app:parseDebugLocalResources', task ':app:createDebugCompatibleScreenManifests', task ':app:extractDeepLinksDebug', task ':connectivity_plus:extractDeepLinksDebug', task ':connectivity_plus:processDebugManifest', task ':flutter_local_notifications:extractDeepLinksDebug', task ':flutter_local_notifications:processDebugManifest', task ':flutter_native_splash:extractDeepLinksDebug', task ':flutter_native_splash:processDebugManifest', task ':flutter_plugin_android_lifecycle:extractDeepLinksDebug', task ':flutter_plugin_android_lifecycle:processDebugManifest', task ':google_mlkit_commons:extractDeepLinksDebug', task ':google_mlkit_commons:processDebugManifest', task ':google_mlkit_text_recognition:extractDeepLinksDebug', task ':google_mlkit_text_recognition:processDebugManifest', task ':image_picker_android:extractDeepLinksDebug', task ':image_picker_android:processDebugManifest', task ':mobile_scanner:extractDeepLinksDebug', task ':mobile_scanner:processDebugManifest', task ':path_provider_android:extractDeepLinksDebug', task ':path_provider_android:processDebugManifest', task ':permission_handler_android:extractDeepLinksDebug', task ':permission_handler_android:processDebugManifest', task ':speech_to_text:extractDeepLinksDebug', task ':speech_to_text:processDebugManifest', task ':app:processDebugMainManifest', task ':app:processDebugManifest', task ':app:processDebugManifestForPackage', task ':connectivity_plus:compileDebugLibraryResources', task ':connectivity_plus:parseDebugLocalResources', task ':connectivity_plus:generateDebugRFile', task ':flutter_local_notifications:compileDebugLibraryResources', task ':flutter_local_notifications:parseDebugLocalResources', task ':flutter_local_notifications:generateDebugRFile', task ':flutter_native_splash:compileDebugLibraryResources', task ':flutter_native_splash:parseDebugLocalResources', task ':flutter_native_splash:generateDebugRFile', task ':flutter_plugin_android_lifecycle:compileDebugLibraryResources', task ':flutter_plugin_android_lifecycle:parseDebugLocalResources', task ':flutter_plugin_android_lifecycle:generateDebugRFile', task ':google_mlkit_commons:compileDebugLibraryResources', task ':google_mlkit_commons:parseDebugLocalResources', task ':google_mlkit_commons:generateDebugRFile', task ':google_mlkit_text_recognition:compileDebugLibraryResources', task ':google_mlkit_text_recognition:parseDebugLocalResources', task ':google_mlkit_text_recognition:generateDebugRFile', task ':image_picker_android:compileDebugLibraryResources', task ':image_picker_android:parseDebugLocalResources', task ':image_picker_android:generateDebugRFile', task ':mobile_scanner:compileDebugLibraryResources', task ':mobile_scanner:parseDebugLocalResources', task ':mobile_scanner:generateDebugRFile', task ':path_provider_android:compileDebugLibraryResources', task ':path_provider_android:parseDebugLocalResources', task ':path_provider_android:generateDebugRFile', task ':permission_handler_android:compileDebugLibraryResources', task ':permission_handler_android:parseDebugLocalResources', task ':permission_handler_android:generateDebugRFile', task ':speech_to_text:compileDebugLibraryResources', task ':speech_to_text:parseDebugLocalResources', task ':speech_to_text:generateDebugRFile', task ':app:processDebugResources', task ':connectivity_plus:javaPreCompileDebug', task ':connectivity_plus:compileDebugJavaWithJavac', task ':connectivity_plus:bundleLibCompileToJarDebug', task ':flutter_local_notifications:javaPreCompileDebug', task ':flutter_local_notifications:compileDebugJavaWithJavac', task ':flutter_local_notifications:bundleLibCompileToJarDebug', task ':flutter_native_splash:javaPreCompileDebug', task ':flutter_native_splash:compileDebugJavaWithJavac', task ':flutter_native_splash:bundleLibCompileToJarDebug', task ':flutter_plugin_android_lifecycle:javaPreCompileDebug', task ':flutter_plugin_android_lifecycle:compileDebugJavaWithJavac', task ':flutter_plugin_android_lifecycle:bundleLibCompileToJarDebug', task ':google_mlkit_commons:javaPreCompileDebug', task ':google_mlkit_commons:compileDebugJavaWithJavac', task ':google_mlkit_commons:bundleLibCompileToJarDebug', task ':google_mlkit_text_recognition:javaPreCompileDebug', task ':google_mlkit_text_recognition:compileDebugJavaWithJavac', task ':google_mlkit_text_recognition:bundleLibCompileToJarDebug', task ':image_picker_android:javaPreCompileDebug', task ':image_picker_android:compileDebugJavaWithJavac', task ':image_picker_android:bundleLibCompileToJarDebug', task ':mobile_scanner:checkKotlinGradlePluginConfigurationErrors', task ':mobile_scanner:compileDebugKotlin', task ':mobile_scanner:javaPreCompileDebug', task ':mobile_scanner:compileDebugJavaWithJavac', task ':mobile_scanner:bundleLibCompileToJarDebug', task ':path_provider_android:javaPreCompileDebug', task ':path_provider_android:compileDebugJavaWithJavac', task ':path_provider_android:bundleLibCompileToJarDebug', task ':permission_handler_android:javaPreCompileDebug', task ':permission_handler_android:compileDebugJavaWithJavac', task ':permission_handler_android:bundleLibCompileToJarDebug', task ':speech_to_text:checkKotlinGradlePluginConfigurationErrors', task ':speech_to_text:compileDebugKotlin', task ':speech_to_text:javaPreCompileDebug', task ':speech_to_text:compileDebugJavaWithJavac', task ':speech_to_text:bundleLibCompileToJarDebug', task ':app:compileDebugKotlin', task ':app:javaPreCompileDebug', task ':app:compileDebugJavaWithJavac', task ':app:compressDebugAssets', task ':app:l8DexDesugarLibDebug', task ':app:processDebugJavaRes', task ':connectivity_plus:processDebugJavaRes', task ':flutter_local_notifications:processDebugJavaRes', task ':flutter_native_splash:processDebugJavaRes', task ':flutter_plugin_android_lifecycle:processDebugJavaRes', task ':google_mlkit_commons:processDebugJavaRes', task ':google_mlkit_text_recognition:processDebugJavaRes', task ':image_picker_android:processDebugJavaRes', task ':mobile_scanner:processDebugJavaRes', task ':path_provider_android:processDebugJavaRes', task ':permission_handler_android:processDebugJavaRes', task ':speech_to_text:processDebugJavaRes', task ':app:mergeDebugJavaResource', task ':app:checkDebugDuplicateClasses', task ':app:desugarDebugFileDependencies', task ':app:mergeExtDexDebug', task ':connectivity_plus:bundleLibRuntimeToJarDebug', task ':flutter_local_notifications:bundleLibRuntimeToJarDebug', task ':flutter_native_splash:bundleLibRuntimeToJarDebug', task ':image_picker_android:bundleLibRuntimeToJarDebug', task ':flutter_plugin_android_lifecycle:bundleLibRuntimeToJarDebug', task ':google_mlkit_text_recognition:bundleLibRuntimeToJarDebug', task ':google_mlkit_commons:bundleLibRuntimeToJarDebug', task ':mobile_scanner:bundleLibRuntimeToJarDebug', task ':path_provider_android:bundleLibRuntimeToJarDebug', task ':permission_handler_android:bundleLibRuntimeToJarDebug', task ':speech_to_text:bundleLibRuntimeToJarDebug', task ':app:mergeLibDexDebug', task ':app:dexBuilderDebug', task ':app:mergeProjectDexDebug', task ':app:preProfileBuild', task ':app:configureCMakeDebug[arm64-v8a]', task ':app:buildCMakeDebug[arm64-v8a]', task ':app:configureCMakeDebug[armeabi-v7a]', task ':app:buildCMakeDebug[armeabi-v7a]', task ':app:configureCMakeDebug[x86]', task ':app:buildCMakeDebug[x86]', task ':app:configureCMakeDebug[x86_64]', task ':app:buildCMakeDebug[x86_64]', task ':app:mergeDebugJniLibFolders', task ':connectivity_plus:mergeDebugJniLibFolders', task ':connectivity_plus:mergeDebugNativeLibs', task ':connectivity_plus:copyDebugJniLibsProjectOnly', task ':flutter_local_notifications:mergeDebugJniLibFolders', task ':flutter_local_notifications:mergeDebugNativeLibs', task ':flutter_local_notifications:copyDebugJniLibsProjectOnly', task ':flutter_native_splash:mergeDebugJniLibFolders', task ':flutter_native_splash:mergeDebugNativeLibs', task ':flutter_native_splash:copyDebugJniLibsProjectOnly', task ':flutter_plugin_android_lifecycle:mergeDebugJniLibFolders', task ':flutter_plugin_android_lifecycle:mergeDebugNativeLibs', task ':flutter_plugin_android_lifecycle:copyDebugJniLibsProjectOnly', task ':google_mlkit_commons:mergeDebugJniLibFolders', task ':google_mlkit_commons:mergeDebugNativeLibs', task ':google_mlkit_commons:copyDebugJniLibsProjectOnly', task ':google_mlkit_text_recognition:mergeDebugJniLibFolders', task ':google_mlkit_text_recognition:mergeDebugNativeLibs', task ':google_mlkit_text_recognition:copyDebugJniLibsProjectOnly', task ':image_picker_android:mergeDebugJniLibFolders', task ':image_picker_android:mergeDebugNativeLibs', task ':image_picker_android:copyDebugJniLibsProjectOnly', task ':mobile_scanner:mergeDebugJniLibFolders', task ':mobile_scanner:mergeDebugNativeLibs', task ':mobile_scanner:copyDebugJniLibsProjectOnly', task ':path_provider_android:mergeDebugJniLibFolders', task ':path_provider_android:mergeDebugNativeLibs', task ':path_provider_android:copyDebugJniLibsProjectOnly', task ':permission_handler_android:mergeDebugJniLibFolders', task ':permission_handler_android:mergeDebugNativeLibs', task ':permission_handler_android:copyDebugJniLibsProjectOnly', task ':speech_to_text:mergeDebugJniLibFolders', task ':speech_to_text:mergeDebugNativeLibs', task ':speech_to_text:copyDebugJniLibsProjectOnly', task ':app:mergeDebugNativeLibs', task ':app:stripDebugDebugSymbols', task ':app:validateSigningDebug', task ':app:writeDebugAppMetadata', task ':app:writeDebugSigningConfigVersions', task ':app:packageDebug', task ':app:createDebugApkListingFileRedirect', task ':app:assembleDebug', task ':connectivity_plus:stripDebugDebugSymbols', task ':connectivity_plus:copyDebugJniLibsProjectAndLocalJars', task ':connectivity_plus:extractDebugAnnotations', task ':connectivity_plus:extractDeepLinksForAarDebug', task ':connectivity_plus:mergeDebugGeneratedProguardFiles', task ':connectivity_plus:mergeDebugConsumerProguardFiles', task ':connectivity_plus:prepareDebugArtProfile', task ':connectivity_plus:prepareLintJarForPublish', task ':connectivity_plus:mergeDebugJavaResource', task ':connectivity_plus:syncDebugLibJars', task ':connectivity_plus:bundleDebugAar', task ':connectivity_plus:assembleDebug', task ':flutter_local_notifications:stripDebugDebugSymbols', task ':flutter_local_notifications:copyDebugJniLibsProjectAndLocalJars', task ':flutter_local_notifications:extractDebugAnnotations', task ':flutter_local_notifications:extractDeepLinksForAarDebug', task ':flutter_local_notifications:mergeDebugGeneratedProguardFiles', task ':flutter_local_notifications:mergeDebugConsumerProguardFiles', task ':flutter_local_notifications:prepareDebugArtProfile', task ':flutter_local_notifications:prepareLintJarForPublish', task ':flutter_local_notifications:mergeDebugJavaResource', task ':flutter_local_notifications:syncDebugLibJars', task ':flutter_local_notifications:bundleDebugAar', task ':flutter_local_notifications:assembleDebug', task ':flutter_native_splash:stripDebugDebugSymbols', task ':flutter_native_splash:copyDebugJniLibsProjectAndLocalJars', task ':flutter_native_splash:extractDebugAnnotations', task ':flutter_native_splash:extractDeepLinksForAarDebug', task ':flutter_native_splash:mergeDebugGeneratedProguardFiles', task ':flutter_native_splash:mergeDebugConsumerProguardFiles', task ':flutter_native_splash:prepareDebugArtProfile', task ':flutter_native_splash:prepareLintJarForPublish', task ':flutter_native_splash:mergeDebugJavaResource', task ':flutter_native_splash:syncDebugLibJars', task ':flutter_native_splash:bundleDebugAar', task ':flutter_native_splash:assembleDebug', task ':flutter_plugin_android_lifecycle:stripDebugDebugSymbols', task ':flutter_plugin_android_lifecycle:copyDebugJniLibsProjectAndLocalJars', task ':flutter_plugin_android_lifecycle:extractDebugAnnotations', task ':flutter_plugin_android_lifecycle:extractDeepLinksForAarDebug', task ':flutter_plugin_android_lifecycle:mergeDebugGeneratedProguardFiles', task ':flutter_plugin_android_lifecycle:mergeDebugConsumerProguardFiles', task ':flutter_plugin_android_lifecycle:prepareDebugArtProfile', task ':flutter_plugin_android_lifecycle:prepareLintJarForPublish', task ':flutter_plugin_android_lifecycle:mergeDebugJavaResource', task ':flutter_plugin_android_lifecycle:syncDebugLibJars', task ':flutter_plugin_android_lifecycle:bundleDebugAar', task ':flutter_plugin_android_lifecycle:assembleDebug', task ':google_mlkit_commons:stripDebugDebugSymbols', task ':google_mlkit_commons:copyDebugJniLibsProjectAndLocalJars', task ':google_mlkit_commons:extractDebugAnnotations', task ':google_mlkit_commons:extractDeepLinksForAarDebug', task ':google_mlkit_commons:mergeDebugGeneratedProguardFiles', task ':google_mlkit_commons:mergeDebugConsumerProguardFiles', task ':google_mlkit_commons:prepareDebugArtProfile', task ':google_mlkit_commons:prepareLintJarForPublish', task ':google_mlkit_commons:mergeDebugJavaResource', task ':google_mlkit_commons:syncDebugLibJars', task ':google_mlkit_commons:bundleDebugAar', task ':google_mlkit_commons:assembleDebug', task ':google_mlkit_text_recognition:stripDebugDebugSymbols', task ':google_mlkit_text_recognition:copyDebugJniLibsProjectAndLocalJars', task ':google_mlkit_text_recognition:extractDebugAnnotations', task ':google_mlkit_text_recognition:extractDeepLinksForAarDebug', task ':google_mlkit_text_recognition:mergeDebugGeneratedProguardFiles', task ':google_mlkit_text_recognition:mergeDebugConsumerProguardFiles', task ':google_mlkit_text_recognition:prepareDebugArtProfile', task ':google_mlkit_text_recognition:prepareLintJarForPublish', task ':google_mlkit_text_recognition:mergeDebugJavaResource', task ':google_mlkit_text_recognition:syncDebugLibJars', task ':google_mlkit_text_recognition:bundleDebugAar', task ':google_mlkit_text_recognition:assembleDebug', task ':image_picker_android:stripDebugDebugSymbols', task ':image_picker_android:copyDebugJniLibsProjectAndLocalJars', task ':image_picker_android:extractDebugAnnotations', task ':image_picker_android:extractDeepLinksForAarDebug', task ':image_picker_android:mergeDebugGeneratedProguardFiles', task ':image_picker_android:mergeDebugConsumerProguardFiles', task ':image_picker_android:prepareDebugArtProfile', task ':image_picker_android:prepareLintJarForPublish', task ':image_picker_android:mergeDebugJavaResource', task ':image_picker_android:syncDebugLibJars', task ':image_picker_android:bundleDebugAar', task ':image_picker_android:assembleDebug', task ':mobile_scanner:stripDebugDebugSymbols', task ':mobile_scanner:copyDebugJniLibsProjectAndLocalJars', task ':mobile_scanner:extractDebugAnnotations', task ':mobile_scanner:extractDeepLinksForAarDebug', task ':mobile_scanner:mergeDebugGeneratedProguardFiles', task ':mobile_scanner:mergeDebugConsumerProguardFiles', task ':mobile_scanner:prepareDebugArtProfile', task ':mobile_scanner:prepareLintJarForPublish', task ':mobile_scanner:mergeDebugJavaResource', task ':mobile_scanner:syncDebugLibJars', task ':mobile_scanner:bundleDebugAar', task ':mobile_scanner:assembleDebug', task ':path_provider_android:stripDebugDebugSymbols', task ':path_provider_android:copyDebugJniLibsProjectAndLocalJars', task ':path_provider_android:extractDebugAnnotations', task ':path_provider_android:extractDeepLinksForAarDebug', task ':path_provider_android:mergeDebugGeneratedProguardFiles', task ':path_provider_android:mergeDebugConsumerProguardFiles', task ':path_provider_android:prepareDebugArtProfile', task ':path_provider_android:prepareLintJarForPublish', task ':path_provider_android:mergeDebugJavaResource', task ':path_provider_android:syncDebugLibJars', task ':path_provider_android:bundleDebugAar', task ':path_provider_android:assembleDebug', task ':permission_handler_android:stripDebugDebugSymbols', task ':permission_handler_android:copyDebugJniLibsProjectAndLocalJars', task ':permission_handler_android:extractDebugAnnotations', task ':permission_handler_android:extractDeepLinksForAarDebug', task ':permission_handler_android:mergeDebugGeneratedProguardFiles', task ':permission_handler_android:mergeDebugConsumerProguardFiles', task ':permission_handler_android:prepareDebugArtProfile', task ':permission_handler_android:prepareLintJarForPublish', task ':permission_handler_android:mergeDebugJavaResource', task ':permission_handler_android:syncDebugLibJars', task ':permission_handler_android:bundleDebugAar', task ':permission_handler_android:assembleDebug', task ':speech_to_text:stripDebugDebugSymbols', task ':speech_to_text:copyDebugJniLibsProjectAndLocalJars', task ':speech_to_text:extractDebugAnnotations', task ':speech_to_text:extractDeepLinksForAarDebug', task ':speech_to_text:mergeDebugGeneratedProguardFiles', task ':speech_to_text:mergeDebugConsumerProguardFiles', task ':speech_to_text:prepareDebugArtProfile', task ':speech_to_text:prepareLintJarForPublish', task ':speech_to_text:mergeDebugJavaResource', task ':speech_to_text:syncDebugLibJars', task ':speech_to_text:bundleDebugAar', task ':speech_to_text:assembleDebug']
[   +8 ms] Tasks that were excluded: []
[  +78 ms] work action Parameters of DexingWithClasspathTransform (Thread[included builds,5,main]) started.
[        ] Resolve mutations for :app:DebugMinSdkCheck (Thread[Execution worker Thread 9,5,main]) started.
[        ] :app:DebugMinSdkCheck (Thread[Execution worker Thread 9,5,main]) started.
[   +1 ms] > Task :app:DebugMinSdkCheck
[        ] Caching disabled for task ':app:DebugMinSdkCheck' because:
[        ]   Build cache is disabled
[        ] Task ':app:DebugMinSdkCheck' is not up-to-date because:
[        ]   Task has not declared any outputs despite executing actions.
[        ] Resolve mutations for :app:preBuild (Thread[Execution worker Thread 9,5,main]) started.
[        ] :app:preBuild (Thread[Execution worker Thread 9,5,main]) started.
[        ] > Task :app:preBuild UP-TO-DATE
[        ] Skipping task ':app:preBuild' as it has no actions.
[        ] Resolve mutations for :app:preDebugBuild (Thread[Execution worker Thread 9,5,main]) started.
[        ] :app:preDebugBuild (Thread[Execution worker Thread 9,5,main]) started.
[        ] > Task :app:preDebugBuild UP-TO-DATE
[        ] Skipping task ':app:preDebugBuild' as it has no actions.
[        ] Resolve mutations for :app:mergeDebugNativeDebugMetadata (Thread[Execution worker Thread 9,5,main]) started.
[        ] :app:mergeDebugNativeDebugMetadata (Thread[Execution worker Thread 9,5,main]) started.
[        ] > Task :app:mergeDebugNativeDebugMetadata NO-SOURCE
[        ] Skipping task ':app:mergeDebugNativeDebugMetadata' as it has no source files and no previous output files.
[        ] Resolve mutations for :app:checkKotlinGradlePluginConfigurationErrors (Thread[Execution worker Thread 9,5,main]) started.
[        ] :app:checkKotlinGradlePluginConfigurationErrors (Thread[Execution worker,5,main]) started.
[        ] > Task :app:checkKotlinGradlePluginConfigurationErrors SKIPPED
[        ] Skipping task ':app:checkKotlinGradlePluginConfigurationErrors' as task onlyIf 'errorDiagnostics are present' is false.
[        ] Resolve mutations for :app:compileFlutterBuildDebug (Thread[Execution worker,5,main]) started.
[        ] :app:compileFlutterBuildDebug (Thread[Execution worker,5,main]) started.
[+1993 ms] > Task :app:compileFlutterBuildDebug
[        ] Caching disabled for task ':app:compileFlutterBuildDebug' because:
[        ]   Build cache is disabled
[        ]   Caching has not been enabled for the task
[        ] Task ':app:compileFlutterBuildDebug' is not up-to-date because:
[        ]   Value of input property 'verbose' has changed for task ':app:compileFlutterBuildDebug'
[        ] Starting process 'command 'D:\Flutter Data\Futter\flutter\bin\flutter.bat''. Working directory: D:\Flutter Data\Projects\noor-mostafa-main Command: D:\Flutter Data\Futter\flutter\bin\flutter.bat --verbose assemble --no-version-check --depfile D:\Flutter Data\Projects\noor-mostafa-main\android\app\build\intermediates\flutter\debug/flutter_build.d --output D:\Flutter Data\Projects\noor-mostafa-main\android\app\build\intermediates\flutter\debug -dTargetFile=lib\main.dart -dTargetPlatform=android -dBuildMode=debug -dTrackWidgetCreation=true --DartDefines=RkxVVFRFUl9WRVJTSU9OPTMuMzIuOA==,RkxVVFRFUl9DSEFOTkVMPXN0YWJsZQ==,RkxVVFRFUl9HSVRfVVJMPWh0dHBzOi8vZ2l0aHViLmNvbS9mbHV0dGVyL2ZsdXR0ZXIuZ2l0,RkxVVFRFUl9GUkFNRVdPUktfUkVWSVNJT049ZWRhZGE3YzU2ZQ==,RkxVVFRFUl9FTkdJTkVfUkVWSVNJT049ZWYwY2QwMDA5MQ==,RkxVVFRFUl9EQVJUX1ZFUlNJT049My44LjE= -dFlavor= -dAndroidArchs=android-arm android-arm64 android-x86 android-x64 -dMinSdkVersion=23 debug_android_application
[        ] Successfully started process 'command 'D:\Flutter Data\Futter\flutter\bin\flutter.bat''
[ +506 ms] [ +316 ms] Artifact Instance of 'AndroidGenSnapshotArtifacts' is not required, skipping update.
[        ] [   +5 ms] Artifact Instance of 'AndroidInternalBuildArtifacts' is not required, skipping update.
[        ] [        ] Artifact Instance of 'IOSEngineArtifacts' is not required, skipping update.
[        ] [        ] Artifact Instance of 'FlutterWebSdk' is not required, skipping update.
[        ] [        ] Artifact Instance of 'LegacyCanvasKitRemover' is not required, skipping update.
[        ] [   +5 ms] Artifact Instance of 'WindowsEngineArtifacts' is not required, skipping update.
[        ] [        ] Artifact Instance of 'MacOSEngineArtifacts' is not required, skipping update.
[        ] [        ] Artifact Instance of 'LinuxEngineArtifacts' is not required, skipping update.
[        ] [        ] Artifact Instance of 'LinuxFuchsiaSDKArtifacts' is not required, skipping update.
[        ] [        ] Artifact Instance of 'MacOSFuchsiaSDKArtifacts' is not required, skipping update.
[        ] [        ] Artifact Instance of 'FlutterRunnerSDKArtifacts' is not required, skipping update.
[        ] [        ] Artifact Instance of 'FlutterRunnerDebugSymbols' is not required, skipping update.
[ +187 ms] [ +126 ms] Artifact Instance of 'MaterialFonts' is not required, skipping update.
[        ] [        ] Artifact Instance of 'GradleWrapper' is not required, skipping update.
[        ] [   +6 ms] Artifact Instance of 'AndroidInternalBuildArtifacts' is not required, skipping update.
[        ] [        ] Artifact Instance of 'IOSEngineArtifacts' is not required, skipping update.
[        ] [        ] Artifact Instance of 'FlutterWebSdk' is not required, skipping update.
[        ] [        ] Artifact Instance of 'LegacyCanvasKitRemover' is not required, skipping update.
[        ] [        ] Artifact Instance of 'FlutterSdk' is not required, skipping update.
[        ] [        ] Artifact Instance of 'WindowsEngineArtifacts' is not required, skipping update.
[        ] [        ] Artifact Instance of 'MacOSEngineArtifacts' is not required, skipping update.
[        ] [        ] Artifact Instance of 'LinuxEngineArtifacts' is not required, skipping update.
[        ] [        ] Artifact Instance of 'LinuxFuchsiaSDKArtifacts' is not required, skipping update.
[        ] [        ] Artifact Instance of 'MacOSFuchsiaSDKArtifacts' is not required, skipping update.
[        ] [        ] Artifact Instance of 'FlutterRunnerSDKArtifacts' is not required, skipping update.
[        ] [        ] Artifact Instance of 'FlutterRunnerDebugSymbols' is not required, skipping update.
[        ] [        ] Artifact Instance of 'IosUsbArtifacts' is not required, skipping update.
[        ] [        ] Artifact Instance of 'IosUsbArtifacts' is not required, skipping update.
[        ] [        ] Artifact Instance of 'IosUsbArtifacts' is not required, skipping update.
[        ] [        ] Artifact Instance of 'IosUsbArtifacts' is not required, skipping update.
[        ] [        ] Artifact Instance of 'IosUsbArtifacts' is not required, skipping update.
[        ] [        ] Artifact Instance of 'FontSubsetArtifacts' is not required, skipping update.
[        ] [        ] Artifact Instance of 'PubDependencies' is not required, skipping update.
[  +99 ms] [ +107 ms] Initializing file store
[        ] [  +50 ms] Done initializing file store
[ +203 ms] [ +123 ms] Skipping target: gen_localizations
[        ] [  +15 ms] Skipping target: gen_dart_plugin_registrant
[+52296 ms] [+52351 ms] Skipping target: kernel_snapshot_program
[        ] [   +6 ms] Skipping target: dart_build
[        ] [        ] Skipping target: install_code_assets
[ +992 ms] [ +944 ms] Skipping target: debug_android_application
[        ] [   +2 ms] Persisting file store
[        ] [  +30 ms] Done persisting file store
[ +110 ms] [  +40 ms] build succeeded.
[        ] [  +27 ms] "flutter assemble" took 53,860ms.
[ +186 ms] [ +178 ms] Running 1 shutdown hook
[        ] [   +3 ms] Shutdown hooks complete
[ +202 ms] [ +275 ms] exiting with code 0
[ +108 ms] Resolve mutations for :app:packJniLibsflutterBuildDebug (Thread[Execution worker,5,main]) started.
[        ] :app:packJniLibsflutterBuildDebug (Thread[Execution worker,5,main]) started.
[        ] > Task :app:packJniLibsflutterBuildDebug UP-TO-DATE
[        ] Caching disabled for task ':app:packJniLibsflutterBuildDebug' because:
[        ]   Build cache is disabled
[        ]   Not worth caching
[        ] Skipping task ':app:packJniLibsflutterBuildDebug' as it is up-to-date.
[        ] work action org.gradle.api.internal.artifacts.transform.DefaultTransformUpstreamDependenciesResolver$FinalizeTransformDependenciesFromSelectedArtifacts$CalculateFinalDependencies@3ca6dfd7 (Thread[Execution worker,5,main]) started.
[ +199 ms] work action Dependencies for project :connectivity_plus {artifactType=android-classes-jar, dexing-component-attributes=ComponentSpecificParameters(minSdkVersion=23, debuggable=true, enableCoreLibraryDesugaring=true, enableGlobalSynthetics=false, enableApiModeling=false, dependenciesClassesAreInstrumented=false, asmTransformComponent=null, useJacocoTransformInstrumentation=false, enableDesugaring=true, needsClasspath=true, useFullClasspath=false, componentIfUsingFullClasspath=null)} (Thread[Execution worker,5,main]) started.
[        ] work action org.gradle.api.internal.artifacts.transform.DefaultTransformUpstreamDependenciesResolver$FinalizeTransformDependenciesFromSelectedArtifacts$CalculateFinalDependencies@36253f8b (Thread[Execution worker Thread 10,5,main]) started.
[        ] work action Dependencies for project :flutter_local_notifications {artifactType=android-classes-jar, dexing-component-attributes=ComponentSpecificParameters(minSdkVersion=23, debuggable=true, enableCoreLibraryDesugaring=true, enableGlobalSynthetics=false, enableApiModeling=false, dependenciesClassesAreInstrumented=false, asmTransformComponent=null, useJacocoTransformInstrumentation=false, enableDesugaring=true, needsClasspath=true, useFullClasspath=false, componentIfUsingFullClasspath=null)} (Thread[Execution worker Thread 10,5,main]) started.
[        ] work action org.gradle.api.internal.artifacts.transform.DefaultTransformUpstreamDependenciesResolver$FinalizeTransformDependenciesFromSelectedArtifacts$CalculateFinalDependencies@1ec99654 (Thread[Execution worker Thread 9,5,main]) started.
[        ] work action Dependencies for project :flutter_native_splash {artifactType=android-classes-jar, dexing-component-attributes=ComponentSpecificParameters(minSdkVersion=23, debuggable=true, enableCoreLibraryDesugaring=true, enableGlobalSynthetics=false, enableApiModeling=false, dependenciesClassesAreInstrumented=false, asmTransformComponent=null, useJacocoTransformInstrumentation=false, enableDesugaring=true, needsClasspath=true, useFullClasspath=false, componentIfUsingFullClasspath=null)} (Thread[Execution worker Thread 9,5,main]) started.
[        ] work action org.gradle.api.internal.artifacts.transform.DefaultTransformUpstreamDependenciesResolver$FinalizeTransformDependenciesFromSelectedArtifacts$CalculateFinalDependencies@631b2d84 (Thread[Execution worker Thread 9,5,main]) started.
[        ] work action Dependencies for project :flutter_plugin_android_lifecycle {artifactType=android-classes-jar, dexing-component-attributes=ComponentSpecificParameters(minSdkVersion=23, debuggable=true, enableCoreLibraryDesugaring=true, enableGlobalSynthetics=false, enableApiModeling=false, dependenciesClassesAreInstrumented=false, asmTransformComponent=null, useJacocoTransformInstrumentation=false, enableDesugaring=true, needsClasspath=true, useFullClasspath=false, componentIfUsingFullClasspath=null)} (Thread[Execution worker Thread 9,5,main]) started.
[        ] work action org.gradle.api.internal.artifacts.transform.DefaultTransformUpstreamDependenciesResolver$FinalizeTransformDependenciesFromSelectedArtifacts$CalculateFinalDependencies@2c6f377f (Thread[Execution worker Thread 9,5,main]) started.
[        ] work action Dependencies for project :google_mlkit_commons {artifactType=android-classes-jar, dexing-component-attributes=ComponentSpecificParameters(minSdkVersion=23, debuggable=true, enableCoreLibraryDesugaring=true, enableGlobalSynthetics=false, enableApiModeling=false, dependenciesClassesAreInstrumented=false, asmTransformComponent=null, useJacocoTransformInstrumentation=false, enableDesugaring=true, needsClasspath=true, useFullClasspath=false, componentIfUsingFullClasspath=null)} (Thread[Execution worker Thread 9,5,main]) started.
[        ] work action org.gradle.api.internal.artifacts.transform.DefaultTransformUpstreamDependenciesResolver$FinalizeTransformDependenciesFromSelectedArtifacts$CalculateFinalDependencies@4c574508 (Thread[included builds,5,main]) started.
[        ] work action Dependencies for project :mobile_scanner {artifactType=android-classes-jar, dexing-component-attributes=ComponentSpecificParameters(minSdkVersion=23, debuggable=true, enableCoreLibraryDesugaring=true, enableGlobalSynthetics=false, enableApiModeling=false, dependenciesClassesAreInstrumented=false, asmTransformComponent=null, useJacocoTransformInstrumentation=false, enableDesugaring=true, needsClasspath=true, useFullClasspath=false, componentIfUsingFullClasspath=null)} (Thread[included builds,5,main]) started.
[        ] work action org.gradle.api.internal.artifacts.transform.DefaultTransformUpstreamDependenciesResolver$FinalizeTransformDependenciesFromSelectedArtifacts$CalculateFinalDependencies@7a2f5ccc (Thread[Execution worker Thread 5,5,main]) started.
[        ] work action Dependencies for project :path_provider_android {artifactType=android-classes-jar, dexing-component-attributes=ComponentSpecificParameters(minSdkVersion=23, debuggable=true, enableCoreLibraryDesugaring=true, enableGlobalSynthetics=false, enableApiModeling=false, dependenciesClassesAreInstrumented=false, asmTransformComponent=null, useJacocoTransformInstrumentation=false, enableDesugaring=true, needsClasspath=true, useFullClasspath=false, componentIfUsingFullClasspath=null)} (Thread[Execution worker Thread 5,5,main]) started.
[        ] work action org.gradle.api.internal.artifacts.transform.DefaultTransformUpstreamDependenciesResolver$FinalizeTransformDependenciesFromSelectedArtifacts$CalculateFinalDependencies@72b1ecf7 (Thread[Execution worker Thread 5,5,main]) started.
[        ] work action Dependencies for project :permission_handler_android {artifactType=android-classes-jar, dexing-component-attributes=ComponentSpecificParameters(minSdkVersion=23, debuggable=true, enableCoreLibraryDesugaring=true, enableGlobalSynthetics=false, enableApiModeling=false, dependenciesClassesAreInstrumented=false, asmTransformComponent=null, useJacocoTransformInstrumentation=false, enableDesugaring=true, needsClasspath=true, useFullClasspath=false, componentIfUsingFullClasspath=null)} (Thread[Execution worker Thread 5,5,main]) started.
[        ] work action org.gradle.api.internal.artifacts.transform.DefaultTransformUpstreamDependenciesResolver$FinalizeTransformDependenciesFromSelectedArtifacts$CalculateFinalDependencies@5f739624 (Thread[Execution worker Thread 5,5,main]) started.
[        ] work action Dependencies for project :speech_to_text {artifactType=android-classes-jar, dexing-component-attributes=ComponentSpecificParameters(minSdkVersion=23, debuggable=true, enableCoreLibraryDesugaring=true, enableGlobalSynthetics=false, enableApiModeling=false, dependenciesClassesAreInstrumented=false, asmTransformComponent=null, useJacocoTransformInstrumentation=false, enableDesugaring=true, needsClasspath=true, useFullClasspath=false, componentIfUsingFullClasspath=null)} (Thread[Execution worker Thread 8,5,main]) started.
[        ] Resolve mutations for :connectivity_plus:preBuild (Thread[Execution worker Thread 8,5,main]) started.
[        ] :connectivity_plus:preBuild (Thread[Execution worker,5,main]) started.
[        ] > Task :connectivity_plus:preBuild UP-TO-DATE
[        ] Skipping task ':connectivity_plus:preBuild' as it has no actions.
[        ] Resolve mutations for :connectivity_plus:preDebugBuild (Thread[Execution worker,5,main]) started.
[        ] :connectivity_plus:preDebugBuild (Thread[included builds,5,main]) started.
[        ] > Task :connectivity_plus:preDebugBuild UP-TO-DATE
[        ] Skipping task ':connectivity_plus:preDebugBuild' as it has no actions.
[        ] Resolve mutations for :connectivity_plus:writeDebugAarMetadata (Thread[included builds,5,main]) started.
[        ] :connectivity_plus:writeDebugAarMetadata (Thread[Execution worker Thread 2,5,main]) started.
[        ] > Task :connectivity_plus:writeDebugAarMetadata UP-TO-DATE
[        ] Caching disabled for task ':connectivity_plus:writeDebugAarMetadata' because:
[        ]   Build cache is disabled
[        ]   Caching has been disabled for the task
[        ] Skipping task ':connectivity_plus:writeDebugAarMetadata' as it is up-to-date.
[        ] work action resolve aar-metadata.properties (project :connectivity_plus) (Thread[Execution worker Thread 2,5,main]) started.
[        ] Resolve mutations for :flutter_local_notifications:preBuild (Thread[Execution worker Thread 2,5,main]) started.
[        ] :flutter_local_notifications:preBuild (Thread[Execution worker Thread 3,5,main]) started.
[        ] > Task :flutter_local_notifications:preBuild UP-TO-DATE
[        ] Skipping task ':flutter_local_notifications:preBuild' as it has no actions.
[        ] Resolve mutations for :flutter_local_notifications:preDebugBuild (Thread[Execution worker Thread 3,5,main]) started.
[        ] :flutter_local_notifications:preDebugBuild (Thread[Execution worker Thread 3,5,main]) started.
[        ] > Task :flutter_local_notifications:preDebugBuild UP-TO-DATE
[        ] Skipping task ':flutter_local_notifications:preDebugBuild' as it has no actions.
[        ] Resolve mutations for :flutter_local_notifications:writeDebugAarMetadata (Thread[Execution worker Thread 3,5,main]) started.
[        ] :flutter_local_notifications:writeDebugAarMetadata (Thread[Execution worker Thread 3,5,main]) started.
[        ] > Task :flutter_local_notifications:writeDebugAarMetadata UP-TO-DATE
[        ] Caching disabled for task ':flutter_local_notifications:writeDebugAarMetadata' because:
[        ]   Build cache is disabled
[        ]   Caching has been disabled for the task
[        ] Skipping task ':flutter_local_notifications:writeDebugAarMetadata' as it is up-to-date.
[        ] work action resolve aar-metadata.properties (project :flutter_local_notifications) (Thread[Execution worker Thread 3,5,main]) started.
[        ] Resolve mutations for :flutter_native_splash:preBuild (Thread[Execution worker Thread 10,5,main]) started.
[        ] :flutter_native_splash:preBuild (Thread[Execution worker Thread 10,5,main]) started.
[        ] > Task :flutter_native_splash:preBuild UP-TO-DATE
[        ] Skipping task ':flutter_native_splash:preBuild' as it has no actions.
[        ] Resolve mutations for :flutter_native_splash:preDebugBuild (Thread[Execution worker Thread 10,5,main]) started.
[        ] :flutter_native_splash:preDebugBuild (Thread[Execution worker Thread 6,5,main]) started.
[        ] > Task :flutter_native_splash:preDebugBuild UP-TO-DATE
[        ] Skipping task ':flutter_native_splash:preDebugBuild' as it has no actions.
[        ] Resolve mutations for :flutter_native_splash:writeDebugAarMetadata (Thread[Execution worker Thread 6,5,main]) started.
[        ] :flutter_native_splash:writeDebugAarMetadata (Thread[Execution worker Thread 6,5,main]) started.
[        ] > Task :flutter_native_splash:writeDebugAarMetadata UP-TO-DATE
[        ] Caching disabled for task ':flutter_native_splash:writeDebugAarMetadata' because:
[        ]   Build cache is disabled
[        ]   Caching has been disabled for the task
[        ] Skipping task ':flutter_native_splash:writeDebugAarMetadata' as it is up-to-date.
[        ] work action resolve aar-metadata.properties (project :flutter_native_splash) (Thread[Execution worker Thread 6,5,main]) started.
[        ] Resolve mutations for :flutter_plugin_android_lifecycle:preBuild (Thread[Execution worker Thread 11,5,main]) started.
[        ] :flutter_plugin_android_lifecycle:preBuild (Thread[Execution worker Thread 4,5,main]) started.
[        ] > Task :flutter_plugin_android_lifecycle:preBuild UP-TO-DATE
[        ] Skipping task ':flutter_plugin_android_lifecycle:preBuild' as it has no actions.
[        ] Resolve mutations for :flutter_plugin_android_lifecycle:preDebugBuild (Thread[Execution worker Thread 4,5,main]) started.
[        ] :flutter_plugin_android_lifecycle:preDebugBuild (Thread[Execution worker Thread 5,5,main]) started.
[        ] > Task :flutter_plugin_android_lifecycle:preDebugBuild UP-TO-DATE
[        ] Skipping task ':flutter_plugin_android_lifecycle:preDebugBuild' as it has no actions.
[        ] Resolve mutations for :flutter_plugin_android_lifecycle:writeDebugAarMetadata (Thread[Execution worker Thread 8,5,main]) started.
[        ] :flutter_plugin_android_lifecycle:writeDebugAarMetadata (Thread[Execution worker Thread 8,5,main]) started.
[        ] > Task :flutter_plugin_android_lifecycle:writeDebugAarMetadata UP-TO-DATE
[        ] Caching disabled for task ':flutter_plugin_android_lifecycle:writeDebugAarMetadata' because:
[        ]   Build cache is disabled
[        ]   Caching has been disabled for the task
[        ] Skipping task ':flutter_plugin_android_lifecycle:writeDebugAarMetadata' as it is up-to-date.
[        ] work action resolve aar-metadata.properties (project :flutter_plugin_android_lifecycle) (Thread[Execution worker Thread 8,5,main]) started.
[        ] Resolve mutations for :google_mlkit_commons:preBuild (Thread[Execution worker Thread 10,5,main]) started.
[        ] :google_mlkit_commons:preBuild (Thread[Execution worker Thread 7,5,main]) started.
[        ] > Task :google_mlkit_commons:preBuild UP-TO-DATE
[        ] Skipping task ':google_mlkit_commons:preBuild' as it has no actions.
[        ] Resolve mutations for :google_mlkit_commons:preDebugBuild (Thread[Execution worker Thread 7,5,main]) started.
[        ] :google_mlkit_commons:preDebugBuild (Thread[Execution worker Thread 8,5,main]) started.
[        ] > Task :google_mlkit_commons:preDebugBuild UP-TO-DATE
[        ] Skipping task ':google_mlkit_commons:preDebugBuild' as it has no actions.
[        ] Resolve mutations for :google_mlkit_commons:writeDebugAarMetadata (Thread[Execution worker Thread 8,5,main]) started.
[        ] :google_mlkit_commons:writeDebugAarMetadata (Thread[Execution worker Thread 4,5,main]) started.
[        ] > Task :google_mlkit_commons:writeDebugAarMetadata UP-TO-DATE
[        ] Caching disabled for task ':google_mlkit_commons:writeDebugAarMetadata' because:
[        ]   Build cache is disabled
[        ]   Caching has been disabled for the task
[        ] Skipping task ':google_mlkit_commons:writeDebugAarMetadata' as it is up-to-date.
[        ] work action resolve aar-metadata.properties (project :google_mlkit_commons) (Thread[Execution worker Thread 4,5,main]) started.
[        ] Resolve mutations for :google_mlkit_text_recognition:preBuild (Thread[Execution worker Thread 4,5,main]) started.
[        ] :google_mlkit_text_recognition:preBuild (Thread[Execution worker Thread 5,5,main]) started.
[        ] > Task :google_mlkit_text_recognition:preBuild UP-TO-DATE
[        ] Skipping task ':google_mlkit_text_recognition:preBuild' as it has no actions.
[        ] Resolve mutations for :google_mlkit_text_recognition:preDebugBuild (Thread[Execution worker Thread 5,5,main]) started.
[        ] :google_mlkit_text_recognition:preDebugBuild (Thread[Execution worker Thread 3,5,main]) started.
[        ] > Task :google_mlkit_text_recognition:preDebugBuild UP-TO-DATE
[        ] Skipping task ':google_mlkit_text_recognition:preDebugBuild' as it has no actions.
[        ] Resolve mutations for :google_mlkit_text_recognition:writeDebugAarMetadata (Thread[Execution worker Thread 3,5,main]) started.
[        ] :google_mlkit_text_recognition:writeDebugAarMetadata (Thread[Execution worker Thread 3,5,main]) started.
[        ] > Task :google_mlkit_text_recognition:writeDebugAarMetadata UP-TO-DATE
[        ] Caching disabled for task ':google_mlkit_text_recognition:writeDebugAarMetadata' because:
[        ]   Build cache is disabled
[        ]   Caching has been disabled for the task
[        ] Skipping task ':google_mlkit_text_recognition:writeDebugAarMetadata' as it is up-to-date.
[        ] work action resolve aar-metadata.properties (project :google_mlkit_text_recognition) (Thread[Execution worker Thread 3,5,main]) started.
[        ] Resolve mutations for :image_picker_android:preBuild (Thread[Execution worker Thread 3,5,main]) started.
[        ] :image_picker_android:preBuild (Thread[Execution worker Thread 10,5,main]) started.
[        ] > Task :image_picker_android:preBuild UP-TO-DATE
[        ] Skipping task ':image_picker_android:preBuild' as it has no actions.
[        ] Resolve mutations for :image_picker_android:preDebugBuild (Thread[Execution worker Thread 10,5,main]) started.
[        ] :image_picker_android:preDebugBuild (Thread[Execution worker Thread 10,5,main]) started.
[        ] > Task :image_picker_android:preDebugBuild UP-TO-DATE
[        ] Skipping task ':image_picker_android:preDebugBuild' as it has no actions.
[        ] Resolve mutations for :image_picker_android:writeDebugAarMetadata (Thread[Execution worker Thread 10,5,main]) started.
[        ] :image_picker_android:writeDebugAarMetadata (Thread[Execution worker Thread 10,5,main]) started.
[        ] > Task :image_picker_android:writeDebugAarMetadata UP-TO-DATE
[        ] Caching disabled for task ':image_picker_android:writeDebugAarMetadata' because:
[        ]   Build cache is disabled
[        ]   Caching has been disabled for the task
[        ] Skipping task ':image_picker_android:writeDebugAarMetadata' as it is up-to-date.
[        ] work action resolve aar-metadata.properties (project :image_picker_android) (Thread[Execution worker Thread 10,5,main]) started.
[        ] Resolve mutations for :mobile_scanner:preBuild (Thread[Execution worker Thread 10,5,main]) started.
[        ] :mobile_scanner:preBuild (Thread[Execution worker Thread 10,5,main]) started.
[        ] > Task :mobile_scanner:preBuild UP-TO-DATE
[        ] Skipping task ':mobile_scanner:preBuild' as it has no actions.
[        ] Resolve mutations for :mobile_scanner:preDebugBuild (Thread[Execution worker Thread 10,5,main]) started.
[        ] :mobile_scanner:preDebugBuild (Thread[Execution worker Thread 10,5,main]) started.
[        ] > Task :mobile_scanner:preDebugBuild UP-TO-DATE
[        ] Skipping task ':mobile_scanner:preDebugBuild' as it has no actions.
[        ] Resolve mutations for :mobile_scanner:writeDebugAarMetadata (Thread[Execution worker Thread 10,5,main]) started.
[        ] :mobile_scanner:writeDebugAarMetadata (Thread[Execution worker Thread 9,5,main]) started.
[   +1 ms] > Task :mobile_scanner:writeDebugAarMetadata UP-TO-DATE
[        ] Caching disabled for task ':mobile_scanner:writeDebugAarMetadata' because:
[        ]   Build cache is disabled
[        ]   Caching has been disabled for the task
[        ] Skipping task ':mobile_scanner:writeDebugAarMetadata' as it is up-to-date.
[        ] work action resolve aar-metadata.properties (project :mobile_scanner) (Thread[Execution worker Thread 9,5,main]) started.
[        ] Resolve mutations for :path_provider_android:preBuild (Thread[Execution worker Thread 9,5,main]) started.
[        ] :path_provider_android:preBuild (Thread[Execution worker Thread 9,5,main]) started.
[        ] > Task :path_provider_android:preBuild UP-TO-DATE
[        ] Skipping task ':path_provider_android:preBuild' as it has no actions.
[        ] Resolve mutations for :path_provider_android:preDebugBuild (Thread[Execution worker Thread 9,5,main]) started.
[        ] :path_provider_android:preDebugBuild (Thread[Execution worker Thread 9,5,main]) started.
[        ] > Task :path_provider_android:preDebugBuild UP-TO-DATE
[        ] Skipping task ':path_provider_android:preDebugBuild' as it has no actions.
[        ] Resolve mutations for :path_provider_android:writeDebugAarMetadata (Thread[Execution worker Thread 9,5,main]) started.
[        ] :path_provider_android:writeDebugAarMetadata (Thread[Execution worker Thread 9,5,main]) started.
[        ] > Task :path_provider_android:writeDebugAarMetadata UP-TO-DATE
[        ] Caching disabled for task ':path_provider_android:writeDebugAarMetadata' because:
[        ]   Build cache is disabled
[        ]   Caching has been disabled for the task
[        ] Skipping task ':path_provider_android:writeDebugAarMetadata' as it is up-to-date.
[        ] work action resolve aar-metadata.properties (project :path_provider_android) (Thread[Execution worker Thread 9,5,main]) started.
[        ] Resolve mutations for :permission_handler_android:preBuild (Thread[Execution worker Thread 10,5,main]) started.
[        ] :permission_handler_android:preBuild (Thread[Execution worker Thread 10,5,main]) started.
[  +60 ms] > Task :permission_handler_android:preBuild UP-TO-DATE
[        ] Skipping task ':permission_handler_android:preBuild' as it has no actions.
[        ] Resolve mutations for :permission_handler_android:preDebugBuild (Thread[Execution worker Thread 10,5,main]) started.
[        ] :permission_handler_android:preDebugBuild (Thread[Execution worker Thread 7,5,main]) started.
[        ] > Task :permission_handler_android:preDebugBuild UP-TO-DATE
[        ] Skipping task ':permission_handler_android:preDebugBuild' as it has no actions.
[        ] Resolve mutations for :permission_handler_android:writeDebugAarMetadata (Thread[Execution worker Thread 7,5,main]) started.
[        ] :permission_handler_android:writeDebugAarMetadata (Thread[Execution worker Thread 7,5,main]) started.
[        ] > Task :permission_handler_android:writeDebugAarMetadata UP-TO-DATE
[        ] Caching disabled for task ':permission_handler_android:writeDebugAarMetadata' because:
[        ]   Build cache is disabled
[        ]   Caching has been disabled for the task
[        ] Skipping task ':permission_handler_android:writeDebugAarMetadata' as it is up-to-date.
[        ] work action resolve aar-metadata.properties (project :permission_handler_android) (Thread[Execution worker Thread 7,5,main]) started.
[        ] Resolve mutations for :speech_to_text:preBuild (Thread[Execution worker Thread 7,5,main]) started.
[        ] :speech_to_text:preBuild (Thread[Execution worker Thread 7,5,main]) started.
[        ] > Task :speech_to_text:preBuild UP-TO-DATE
[        ] Skipping task ':speech_to_text:preBuild' as it has no actions.
[        ] Resolve mutations for :speech_to_text:preDebugBuild (Thread[Execution worker Thread 7,5,main]) started.
[        ] :speech_to_text:preDebugBuild (Thread[Execution worker Thread 5,5,main]) started.
[        ] > Task :speech_to_text:preDebugBuild UP-TO-DATE
[        ] Skipping task ':speech_to_text:preDebugBuild' as it has no actions.
[        ] Resolve mutations for :speech_to_text:writeDebugAarMetadata (Thread[Execution worker Thread 5,5,main]) started.
[        ] :speech_to_text:writeDebugAarMetadata (Thread[Execution worker Thread 5,5,main]) started.
[        ] > Task :speech_to_text:writeDebugAarMetadata UP-TO-DATE
[        ] Caching disabled for task ':speech_to_text:writeDebugAarMetadata' because:
[        ]   Build cache is disabled
[        ]   Caching has been disabled for the task
[        ] Skipping task ':speech_to_text:writeDebugAarMetadata' as it is up-to-date.
[        ] work action resolve aar-metadata.properties (project :speech_to_text) (Thread[Execution worker Thread 5,5,main]) started.
[        ] Resolve mutations for :app:checkDebugAarMetadata (Thread[Execution worker Thread 10,5,main]) started.
[        ] :app:checkDebugAarMetadata (Thread[Execution worker Thread 10,5,main]) started.
[        ] > Task :app:checkDebugAarMetadata UP-TO-DATE
[        ] Caching disabled for task ':app:checkDebugAarMetadata' because:
[        ]   Build cache is disabled
[        ]   Caching has been disabled for the task
[        ] Skipping task ':app:checkDebugAarMetadata' as it is up-to-date.
[        ] Resolve mutations for :app:cleanMergeDebugAssets (Thread[Execution worker Thread 10,5,main]) started.
[        ] :app:cleanMergeDebugAssets (Thread[Execution worker Thread 10,5,main]) started.
[        ] > Task :app:cleanMergeDebugAssets
[        ] Caching disabled for task ':app:cleanMergeDebugAssets' because:
[        ]   Build cache is disabled
[        ] Task ':app:cleanMergeDebugAssets' is not up-to-date because:
[        ]   Task has not declared any outputs despite executing actions.
[        ] Resolve mutations for :app:mergeDebugShaders (Thread[Execution worker Thread 10,5,main]) started.
[        ] :app:mergeDebugShaders (Thread[Execution worker Thread 10,5,main]) started.
[        ] > Task :app:mergeDebugShaders UP-TO-DATE
[        ] Caching disabled for task ':app:mergeDebugShaders' because:
[        ]   Build cache is disabled
[        ]   Simple merging task
[        ] Skipping task ':app:mergeDebugShaders' as it is up-to-date.
[        ] Resolve mutations for :app:compileDebugShaders (Thread[Execution worker Thread 10,5,main]) started.
[        ] :app:compileDebugShaders (Thread[Execution worker Thread 10,5,main]) started.
[        ] > Task :app:compileDebugShaders NO-SOURCE
[        ] Skipping task ':app:compileDebugShaders' as it has no source files and no previous output files.
[        ] Resolve mutations for :app:generateDebugAssets (Thread[Execution worker Thread 10,5,main]) started.
[        ] :app:generateDebugAssets (Thread[Execution worker Thread 6,5,main]) started.
[        ] > Task :app:generateDebugAssets UP-TO-DATE
[        ] Skipping task ':app:generateDebugAssets' as it has no actions.
[        ] Resolve mutations for :connectivity_plus:mergeDebugShaders (Thread[Execution worker Thread 6,5,main]) started.
[        ] :connectivity_plus:mergeDebugShaders (Thread[Execution worker Thread 6,5,main]) started.
[        ] > Task :connectivity_plus:mergeDebugShaders UP-TO-DATE
[        ] Caching disabled for task ':connectivity_plus:mergeDebugShaders' because:
[        ]   Build cache is disabled
[        ]   Simple merging task
[        ] Skipping task ':connectivity_plus:mergeDebugShaders' as it is up-to-date.
[        ] Resolve mutations for :connectivity_plus:compileDebugShaders (Thread[Execution worker Thread 6,5,main]) started.
[        ] :connectivity_plus:compileDebugShaders (Thread[Execution worker Thread 6,5,main]) started.
[        ] > Task :connectivity_plus:compileDebugShaders NO-SOURCE
[        ] Skipping task ':connectivity_plus:compileDebugShaders' as it has no source files and no previous output files.
[        ] Resolve mutations for :connectivity_plus:generateDebugAssets (Thread[Execution worker Thread 6,5,main]) started.
[        ] :connectivity_plus:generateDebugAssets (Thread[Execution worker Thread 6,5,main]) started.
[        ] > Task :connectivity_plus:generateDebugAssets UP-TO-DATE
[        ] Skipping task ':connectivity_plus:generateDebugAssets' as it has no actions.
[        ] Resolve mutations for :connectivity_plus:packageDebugAssets (Thread[Execution worker Thread 8,5,main]) started.
[        ] :connectivity_plus:packageDebugAssets (Thread[Execution worker Thread 8,5,main]) started.
[        ] > Task :connectivity_plus:packageDebugAssets UP-TO-DATE
[        ] Caching disabled for task ':connectivity_plus:packageDebugAssets' because:
[        ]   Build cache is disabled
[        ]   Simple merging task
[        ] Skipping task ':connectivity_plus:packageDebugAssets' as it is up-to-date.
[        ] work action resolve out (project :connectivity_plus) (Thread[Execution worker Thread 8,5,main]) started.
[        ] Resolve mutations for :flutter_local_notifications:mergeDebugShaders (Thread[Execution worker Thread 8,5,main]) started.
[        ] :flutter_local_notifications:mergeDebugShaders (Thread[Execution worker Thread 10,5,main]) started.
[        ] > Task :flutter_local_notifications:mergeDebugShaders UP-TO-DATE
[        ] Caching disabled for task ':flutter_local_notifications:mergeDebugShaders' because:
[        ]   Build cache is disabled
[        ]   Simple merging task
[        ] Skipping task ':flutter_local_notifications:mergeDebugShaders' as it is up-to-date.
[        ] Resolve mutations for :flutter_local_notifications:compileDebugShaders (Thread[Execution worker Thread 10,5,main]) started.
[        ] :flutter_local_notifications:compileDebugShaders (Thread[Execution worker Thread 10,5,main]) started.
[        ] > Task :flutter_local_notifications:compileDebugShaders NO-SOURCE
[        ] Skipping task ':flutter_local_notifications:compileDebugShaders' as it has no source files and no previous output files.
[        ] Resolve mutations for :flutter_local_notifications:generateDebugAssets (Thread[Execution worker Thread 10,5,main]) started.
[        ] :flutter_local_notifications:generateDebugAssets (Thread[Execution worker Thread 10,5,main]) started.
[        ] > Task :flutter_local_notifications:generateDebugAssets UP-TO-DATE
[        ] Skipping task ':flutter_local_notifications:generateDebugAssets' as it has no actions.
[        ] Resolve mutations for :flutter_local_notifications:packageDebugAssets (Thread[Execution worker,5,main]) started.
[        ] :flutter_local_notifications:packageDebugAssets (Thread[Execution worker,5,main]) started.
[        ] > Task :flutter_local_notifications:packageDebugAssets UP-TO-DATE
[        ] Caching disabled for task ':flutter_local_notifications:packageDebugAssets' because:
[        ]   Build cache is disabled
[        ]   Simple merging task
[        ] Skipping task ':flutter_local_notifications:packageDebugAssets' as it is up-to-date.
[        ] work action resolve out (project :flutter_local_notifications) (Thread[Execution worker,5,main]) started.
[        ] Resolve mutations for :flutter_native_splash:mergeDebugShaders (Thread[Execution worker,5,main]) started.
[        ] :flutter_native_splash:mergeDebugShaders (Thread[Execution worker,5,main]) started.
[        ] > Task :flutter_native_splash:mergeDebugShaders UP-TO-DATE
[        ] Caching disabled for task ':flutter_native_splash:mergeDebugShaders' because:
[        ]   Build cache is disabled
[        ]   Simple merging task
[        ] Skipping task ':flutter_native_splash:mergeDebugShaders' as it is up-to-date.
[        ] Resolve mutations for :flutter_native_splash:compileDebugShaders (Thread[Execution worker,5,main]) started.
[        ] :flutter_native_splash:compileDebugShaders (Thread[Execution worker,5,main]) started.
[        ] > Task :flutter_native_splash:compileDebugShaders NO-SOURCE
[        ] Skipping task ':flutter_native_splash:compileDebugShaders' as it has no source files and no previous output files.
[        ] Resolve mutations for :flutter_native_splash:generateDebugAssets (Thread[Execution worker,5,main]) started.
[        ] :flutter_native_splash:generateDebugAssets (Thread[Execution worker,5,main]) started.
[        ] > Task :flutter_native_splash:generateDebugAssets UP-TO-DATE
[        ] Skipping task ':flutter_native_splash:generateDebugAssets' as it has no actions.
[        ] Resolve mutations for :flutter_native_splash:packageDebugAssets (Thread[Execution worker,5,main]) started.
[        ] :flutter_native_splash:packageDebugAssets (Thread[Execution worker,5,main]) started.
[        ] > Task :flutter_native_splash:packageDebugAssets UP-TO-DATE
[        ] Caching disabled for task ':flutter_native_splash:packageDebugAssets' because:
[        ]   Build cache is disabled
[        ]   Simple merging task
[        ] Skipping task ':flutter_native_splash:packageDebugAssets' as it is up-to-date.
[        ] work action resolve out (project :flutter_native_splash) (Thread[Execution worker,5,main]) started.
[        ] Resolve mutations for :flutter_plugin_android_lifecycle:mergeDebugShaders (Thread[Execution worker Thread 11,5,main]) started.
[        ] :flutter_plugin_android_lifecycle:mergeDebugShaders (Thread[Execution worker Thread 11,5,main]) started.
[        ] > Task :flutter_plugin_android_lifecycle:mergeDebugShaders UP-TO-DATE
[        ] Caching disabled for task ':flutter_plugin_android_lifecycle:mergeDebugShaders' because:
[        ]   Build cache is disabled
[        ]   Simple merging task
[        ] Skipping task ':flutter_plugin_android_lifecycle:mergeDebugShaders' as it is up-to-date.
[        ] Resolve mutations for :flutter_plugin_android_lifecycle:compileDebugShaders (Thread[Execution worker Thread 11,5,main]) started.
[        ] :flutter_plugin_android_lifecycle:compileDebugShaders (Thread[Execution worker Thread 11,5,main]) started.
[        ] > Task :flutter_plugin_android_lifecycle:compileDebugShaders NO-SOURCE
[        ] Skipping task ':flutter_plugin_android_lifecycle:compileDebugShaders' as it has no source files and no previous output files.
[        ] Resolve mutations for :flutter_plugin_android_lifecycle:generateDebugAssets (Thread[Execution worker Thread 11,5,main]) started.
[        ] :flutter_plugin_android_lifecycle:generateDebugAssets (Thread[Execution worker Thread 11,5,main]) started.
[        ] > Task :flutter_plugin_android_lifecycle:generateDebugAssets UP-TO-DATE
[        ] Skipping task ':flutter_plugin_android_lifecycle:generateDebugAssets' as it has no actions.
[        ] Resolve mutations for :flutter_plugin_android_lifecycle:packageDebugAssets (Thread[Execution worker Thread 11,5,main]) started.
[        ] :flutter_plugin_android_lifecycle:packageDebugAssets (Thread[Execution worker Thread 11,5,main]) started.
[        ] > Task :flutter_plugin_android_lifecycle:packageDebugAssets UP-TO-DATE
[        ] Caching disabled for task ':flutter_plugin_android_lifecycle:packageDebugAssets' because:
[        ]   Build cache is disabled
[        ]   Simple merging task
[        ] Skipping task ':flutter_plugin_android_lifecycle:packageDebugAssets' as it is up-to-date.
[        ] work action resolve out (project :flutter_plugin_android_lifecycle) (Thread[Execution worker Thread 11,5,main]) started.
[        ] Resolve mutations for :google_mlkit_commons:mergeDebugShaders (Thread[Execution worker Thread 11,5,main]) started.
[        ] :google_mlkit_commons:mergeDebugShaders (Thread[Execution worker Thread 11,5,main]) started.
[        ] > Task :google_mlkit_commons:mergeDebugShaders UP-TO-DATE
[        ] Caching disabled for task ':google_mlkit_commons:mergeDebugShaders' because:
[        ]   Build cache is disabled
[        ]   Simple merging task
[        ] Skipping task ':google_mlkit_commons:mergeDebugShaders' as it is up-to-date.
[        ] Resolve mutations for :google_mlkit_commons:compileDebugShaders (Thread[Execution worker Thread 11,5,main]) started.
[        ] :google_mlkit_commons:compileDebugShaders (Thread[Execution worker Thread 11,5,main]) started.
[        ] > Task :google_mlkit_commons:compileDebugShaders NO-SOURCE
[        ] Skipping task ':google_mlkit_commons:compileDebugShaders' as it has no source files and no previous output files.
[        ] Resolve mutations for :google_mlkit_commons:generateDebugAssets (Thread[Execution worker Thread 11,5,main]) started.
[        ] :google_mlkit_commons:generateDebugAssets (Thread[Execution worker Thread 11,5,main]) started.
[        ] > Task :google_mlkit_commons:generateDebugAssets UP-TO-DATE
[        ] Skipping task ':google_mlkit_commons:generateDebugAssets' as it has no actions.
[        ] Resolve mutations for :google_mlkit_commons:packageDebugAssets (Thread[Execution worker Thread 11,5,main]) started.
[        ] :google_mlkit_commons:packageDebugAssets (Thread[Execution worker Thread 5,5,main]) started.
[        ] > Task :google_mlkit_commons:packageDebugAssets UP-TO-DATE
[        ] Caching disabled for task ':google_mlkit_commons:packageDebugAssets' because:
[        ]   Build cache is disabled
[        ]   Simple merging task
[        ] Skipping task ':google_mlkit_commons:packageDebugAssets' as it is up-to-date.
[        ] work action resolve out (project :google_mlkit_commons) (Thread[Execution worker Thread 5,5,main]) started.
[        ] Resolve mutations for :google_mlkit_text_recognition:mergeDebugShaders (Thread[Execution worker Thread 5,5,main]) started.
[        ] :google_mlkit_text_recognition:mergeDebugShaders (Thread[Execution worker Thread 2,5,main]) started.
[        ] > Task :google_mlkit_text_recognition:mergeDebugShaders UP-TO-DATE
[        ] Caching disabled for task ':google_mlkit_text_recognition:mergeDebugShaders' because:
[        ]   Build cache is disabled
[        ]   Simple merging task
[   +1 ms] Skipping task ':google_mlkit_text_recognition:mergeDebugShaders' as it is up-to-date.
[   +1 ms] Resolve mutations for :google_mlkit_text_recognition:compileDebugShaders (Thread[Execution worker Thread 2,5,main]) started.
[        ] :google_mlkit_text_recognition:compileDebugShaders (Thread[Execution worker Thread 2,5,main]) started.
[        ] > Task :google_mlkit_text_recognition:compileDebugShaders NO-SOURCE
[        ] Skipping task ':google_mlkit_text_recognition:compileDebugShaders' as it has no source files and no previous output files.
[        ] Resolve mutations for :google_mlkit_text_recognition:generateDebugAssets (Thread[Execution worker Thread 2,5,main]) started.
[        ] :google_mlkit_text_recognition:generateDebugAssets (Thread[Execution worker Thread 2,5,main]) started.
[        ] > Task :google_mlkit_text_recognition:generateDebugAssets UP-TO-DATE
[        ] Skipping task ':google_mlkit_text_recognition:generateDebugAssets' as it has no actions.
[        ] Resolve mutations for :google_mlkit_text_recognition:packageDebugAssets (Thread[Execution worker Thread 2,5,main]) started.
[        ] :google_mlkit_text_recognition:packageDebugAssets (Thread[Execution worker Thread 2,5,main]) started.
[        ] > Task :google_mlkit_text_recognition:packageDebugAssets UP-TO-DATE
[        ] Caching disabled for task ':google_mlkit_text_recognition:packageDebugAssets' because:
[        ]   Build cache is disabled
[        ]   Simple merging task
[        ] Skipping task ':google_mlkit_text_recognition:packageDebugAssets' as it is up-to-date.
[        ] work action resolve out (project :google_mlkit_text_recognition) (Thread[Execution worker Thread 2,5,main]) started.
[        ] Resolve mutations for :image_picker_android:mergeDebugShaders (Thread[Execution worker Thread 2,5,main]) started.
[        ] :image_picker_android:mergeDebugShaders (Thread[Execution worker Thread 2,5,main]) started.
[        ] > Task :image_picker_android:mergeDebugShaders UP-TO-DATE
[        ] Caching disabled for task ':image_picker_android:mergeDebugShaders' because:
[        ]   Build cache is disabled
[        ]   Simple merging task
[        ] Skipping task ':image_picker_android:mergeDebugShaders' as it is up-to-date.
[        ] Resolve mutations for :image_picker_android:compileDebugShaders (Thread[Execution worker Thread 2,5,main]) started.
[        ] :image_picker_android:compileDebugShaders (Thread[Execution worker Thread 7,5,main]) started.
[  +51 ms] > Task :image_picker_android:compileDebugShaders NO-SOURCE
[        ] Skipping task ':image_picker_android:compileDebugShaders' as it has no source files and no previous output files.
[        ] Resolve mutations for :image_picker_android:generateDebugAssets (Thread[Execution worker Thread 7,5,main]) started.
[        ] :image_picker_android:generateDebugAssets (Thread[Execution worker Thread 7,5,main]) started.
[        ] > Task :image_picker_android:generateDebugAssets UP-TO-DATE
[        ] Skipping task ':image_picker_android:generateDebugAssets' as it has no actions.
[        ] Resolve mutations for :image_picker_android:packageDebugAssets (Thread[Execution worker Thread 7,5,main]) started.
[        ] :image_picker_android:packageDebugAssets (Thread[Execution worker Thread 7,5,main]) started.
[        ] > Task :image_picker_android:packageDebugAssets UP-TO-DATE
[        ] Caching disabled for task ':image_picker_android:packageDebugAssets' because:
[        ]   Build cache is disabled
[        ]   Simple merging task
[        ] Skipping task ':image_picker_android:packageDebugAssets' as it is up-to-date.
[        ] work action resolve out (project :image_picker_android) (Thread[Execution worker Thread 7,5,main]) started.
[        ] Resolve mutations for :mobile_scanner:mergeDebugShaders (Thread[Execution worker Thread 2,5,main]) started.
[        ] :mobile_scanner:mergeDebugShaders (Thread[Execution worker Thread 2,5,main]) started.
[        ] > Task :mobile_scanner:mergeDebugShaders UP-TO-DATE
[        ] Caching disabled for task ':mobile_scanner:mergeDebugShaders' because:
[        ]   Build cache is disabled
[        ]   Simple merging task
[        ] Skipping task ':mobile_scanner:mergeDebugShaders' as it is up-to-date.
[        ] Resolve mutations for :mobile_scanner:compileDebugShaders (Thread[Execution worker Thread 2,5,main]) started.
[        ] :mobile_scanner:compileDebugShaders (Thread[Execution worker Thread 2,5,main]) started.
[        ] > Task :mobile_scanner:compileDebugShaders NO-SOURCE
[        ] Skipping task ':mobile_scanner:compileDebugShaders' as it has no source files and no previous output files.
[        ] Resolve mutations for :mobile_scanner:generateDebugAssets (Thread[Execution worker Thread 2,5,main]) started.
[        ] :mobile_scanner:generateDebugAssets (Thread[Execution worker Thread 2,5,main]) started.
[        ] > Task :mobile_scanner:generateDebugAssets UP-TO-DATE
[        ] Skipping task ':mobile_scanner:generateDebugAssets' as it has no actions.
[        ] Resolve mutations for :mobile_scanner:packageDebugAssets (Thread[Execution worker Thread 2,5,main]) started.
[        ] :mobile_scanner:packageDebugAssets (Thread[Execution worker Thread 2,5,main]) started.
[        ] > Task :mobile_scanner:packageDebugAssets UP-TO-DATE
[        ] Caching disabled for task ':mobile_scanner:packageDebugAssets' because:
[        ]   Build cache is disabled
[        ]   Simple merging task
[        ] Skipping task ':mobile_scanner:packageDebugAssets' as it is up-to-date.
[        ] work action resolve out (project :mobile_scanner) (Thread[Execution worker Thread 2,5,main]) started.
[        ] Resolve mutations for :path_provider_android:mergeDebugShaders (Thread[Execution worker Thread 11,5,main]) started.
[        ] :path_provider_android:mergeDebugShaders (Thread[Execution worker Thread 11,5,main]) started.
[        ] > Task :path_provider_android:mergeDebugShaders UP-TO-DATE
[        ] Caching disabled for task ':path_provider_android:mergeDebugShaders' because:
[        ]   Build cache is disabled
[        ]   Simple merging task
[        ] Skipping task ':path_provider_android:mergeDebugShaders' as it is up-to-date.
[        ] Resolve mutations for :path_provider_android:compileDebugShaders (Thread[Execution worker Thread 11,5,main]) started.
[        ] :path_provider_android:compileDebugShaders (Thread[Execution worker Thread 11,5,main]) started.
[        ] > Task :path_provider_android:compileDebugShaders NO-SOURCE
[        ] Skipping task ':path_provider_android:compileDebugShaders' as it has no source files and no previous output files.
[        ] Resolve mutations for :path_provider_android:generateDebugAssets (Thread[Execution worker Thread 11,5,main]) started.
[        ] :path_provider_android:generateDebugAssets (Thread[Execution worker Thread 11,5,main]) started.
[        ] > Task :path_provider_android:generateDebugAssets UP-TO-DATE
[        ] Skipping task ':path_provider_android:generateDebugAssets' as it has no actions.
[        ] Resolve mutations for :path_provider_android:packageDebugAssets (Thread[Execution worker Thread 11,5,main]) started.
[        ] :path_provider_android:packageDebugAssets (Thread[Execution worker Thread 11,5,main]) started.
[        ] > Task :path_provider_android:packageDebugAssets UP-TO-DATE
[        ] Caching disabled for task ':path_provider_android:packageDebugAssets' because:
[        ]   Build cache is disabled
[        ]   Simple merging task
[   +1 ms] Skipping task ':path_provider_android:packageDebugAssets' as it is up-to-date.
[        ] work action resolve out (project :path_provider_android) (Thread[Execution worker Thread 11,5,main]) started.
[        ] Resolve mutations for :permission_handler_android:mergeDebugShaders (Thread[Execution worker Thread 11,5,main]) started.
[        ] :permission_handler_android:mergeDebugShaders (Thread[Execution worker Thread 11,5,main]) started.
[        ] > Task :permission_handler_android:mergeDebugShaders UP-TO-DATE
[        ] Caching disabled for task ':permission_handler_android:mergeDebugShaders' because:
[        ]   Build cache is disabled
[        ]   Simple merging task
[        ] Skipping task ':permission_handler_android:mergeDebugShaders' as it is up-to-date.
[        ] Resolve mutations for :permission_handler_android:compileDebugShaders (Thread[Execution worker Thread 11,5,main]) started.
[        ] :permission_handler_android:compileDebugShaders (Thread[Execution worker Thread 11,5,main]) started.
[        ] > Task :permission_handler_android:compileDebugShaders NO-SOURCE
[        ] Skipping task ':permission_handler_android:compileDebugShaders' as it has no source files and no previous output files.
[        ] Resolve mutations for :permission_handler_android:generateDebugAssets (Thread[Execution worker Thread 11,5,main]) started.
[        ] :permission_handler_android:generateDebugAssets (Thread[Execution worker Thread 11,5,main]) started.
[        ] > Task :permission_handler_android:generateDebugAssets UP-TO-DATE
[        ] Skipping task ':permission_handler_android:generateDebugAssets' as it has no actions.
[        ] Resolve mutations for :permission_handler_android:packageDebugAssets (Thread[Execution worker Thread 11,5,main]) started.
[        ] :permission_handler_android:packageDebugAssets (Thread[Execution worker Thread 11,5,main]) started.
[        ] > Task :permission_handler_android:packageDebugAssets UP-TO-DATE
[        ] Caching disabled for task ':permission_handler_android:packageDebugAssets' because:
[        ]   Build cache is disabled
[        ]   Simple merging task
[        ] Skipping task ':permission_handler_android:packageDebugAssets' as it is up-to-date.
[        ] work action resolve out (project :permission_handler_android) (Thread[Execution worker Thread 11,5,main]) started.
[        ] Resolve mutations for :speech_to_text:mergeDebugShaders (Thread[Execution worker Thread 11,5,main]) started.
[        ] :speech_to_text:mergeDebugShaders (Thread[Execution worker Thread 11,5,main]) started.
[        ] > Task :speech_to_text:mergeDebugShaders UP-TO-DATE
[        ] Caching disabled for task ':speech_to_text:mergeDebugShaders' because:
[        ]   Build cache is disabled
[        ]   Simple merging task
[        ] Skipping task ':speech_to_text:mergeDebugShaders' as it is up-to-date.
[        ] Resolve mutations for :speech_to_text:compileDebugShaders (Thread[Execution worker Thread 11,5,main]) started.
[        ] :speech_to_text:compileDebugShaders (Thread[Execution worker Thread 11,5,main]) started.
[        ] > Task :speech_to_text:compileDebugShaders NO-SOURCE
[        ] Skipping task ':speech_to_text:compileDebugShaders' as it has no source files and no previous output files.
[        ] Resolve mutations for :speech_to_text:generateDebugAssets (Thread[Execution worker Thread 11,5,main]) started.
[        ] :speech_to_text:generateDebugAssets (Thread[Execution worker Thread 11,5,main]) started.
[        ] > Task :speech_to_text:generateDebugAssets UP-TO-DATE
[        ] Skipping task ':speech_to_text:generateDebugAssets' as it has no actions.
[        ] Resolve mutations for :speech_to_text:packageDebugAssets (Thread[Execution worker Thread 11,5,main]) started.
[        ] :speech_to_text:packageDebugAssets (Thread[Execution worker Thread 11,5,main]) started.
[        ] > Task :speech_to_text:packageDebugAssets UP-TO-DATE
[        ] Caching disabled for task ':speech_to_text:packageDebugAssets' because:
[        ]   Build cache is disabled
[        ]   Simple merging task
[        ] Skipping task ':speech_to_text:packageDebugAssets' as it is up-to-date.
[        ] work action resolve out (project :speech_to_text) (Thread[Execution worker Thread 11,5,main]) started.
[        ] Resolve mutations for :app:mergeDebugAssets (Thread[Execution worker Thread 11,5,main]) started.
[        ] :app:mergeDebugAssets (Thread[Execution worker Thread 11,5,main]) started.
[  +87 ms] > Task :app:mergeDebugAssets
[        ] Caching disabled for task ':app:mergeDebugAssets' because:
[        ]   Build cache is disabled
[        ]   Simple merging task
[        ] Task ':app:mergeDebugAssets' is not up-to-date because:
[        ]   Output property 'outputDir' file D:\Flutter Data\Projects\noor-mostafa-main\android\app\build\intermediates\assets\debug\mergeDebugAssets has been removed.
[        ]   Output property 'outputDir' file D:\Flutter Data\Projects\noor-mostafa-main\android\app\build\intermediates\assets\debug\mergeDebugAssets\mlkit-google-ocr-models has been removed.
[        ]   Output property 'outputDir' file D:\Flutter Data\Projects\noor-mostafa-main\android\app\build\intermediates\assets\debug\mergeDebugAssets\mlkit-google-ocr-models\aksara has been removed.
[        ]   and more...
[        ] The input changes require a full rebuild for incremental task ':app:mergeDebugAssets'.
[        ] Resolve mutations for :app:copyFlutterAssetsDebug (Thread[Execution worker Thread 11,5,main]) started.
[        ] :app:copyFlutterAssetsDebug (Thread[Execution worker Thread 11,5,main]) started.
[ +401 ms] > Task :app:copyFlutterAssetsDebug
[        ] Caching disabled for task ':app:copyFlutterAssetsDebug' because:
[        ]   Build cache is disabled
[        ]   Not worth caching
[        ] Task ':app:copyFlutterAssetsDebug' is not up-to-date because:
[        ]   Output property 'destinationDir' file D:\Flutter Data\Projects\noor-mostafa-main\android\app\build\intermediates\assets\debug\mergeDebugAssets\flutter_assets has been removed.
[        ]   Output property 'destinationDir' file D:\Flutter Data\Projects\noor-mostafa-main\android\app\build\intermediates\assets\debug\mergeDebugAssets\flutter_assets\AssetManifest.bin has been removed.
[        ]   Output property 'destinationDir' file D:\Flutter Data\Projects\noor-mostafa-main\android\app\build\intermediates\assets\debug\mergeDebugAssets\flutter_assets\AssetManifest.json has been removed.
[        ]   and more...
[        ] Resolve mutations for :app:generateDebugResValues (Thread[Execution worker Thread 11,5,main]) started.
[        ] :app:generateDebugResValues (Thread[Execution worker Thread 11,5,main]) started.
[        ] > Task :app:generateDebugResValues UP-TO-DATE
[        ] Caching disabled for task ':app:generateDebugResValues' because:
[        ]   Build cache is disabled
[        ] Skipping task ':app:generateDebugResValues' as it is up-to-date.
[        ] Resolve mutations for :connectivity_plus:generateDebugResValues (Thread[Execution worker Thread 4,5,main]) started.
[        ] :connectivity_plus:generateDebugResValues (Thread[Execution worker Thread 4,5,main]) started.
[        ] > Task :connectivity_plus:generateDebugResValues UP-TO-DATE
[        ] Caching disabled for task ':connectivity_plus:generateDebugResValues' because:
[        ]   Build cache is disabled
[        ] Skipping task ':connectivity_plus:generateDebugResValues' as it is up-to-date.
[        ] Resolve mutations for :connectivity_plus:generateDebugResources (Thread[Execution worker Thread 4,5,main]) started.
[        ] :connectivity_plus:generateDebugResources (Thread[Execution worker Thread 4,5,main]) started.
[        ] > Task :connectivity_plus:generateDebugResources UP-TO-DATE
[        ] Caching disabled for task ':connectivity_plus:generateDebugResources' because:
[        ]   Build cache is disabled
[        ] Skipping task ':connectivity_plus:generateDebugResources' as it is up-to-date.
[        ] Resolve mutations for :connectivity_plus:packageDebugResources (Thread[Execution worker Thread 4,5,main]) started.
[        ] :connectivity_plus:packageDebugResources (Thread[Execution worker Thread 4,5,main]) started.
[        ] > Task :connectivity_plus:packageDebugResources UP-TO-DATE
[        ] Caching disabled for task ':connectivity_plus:packageDebugResources' because:
[        ]   Build cache is disabled
[        ] Skipping task ':connectivity_plus:packageDebugResources' as it is up-to-date.
[        ] work action resolve packageDebugResources (project :connectivity_plus) (Thread[Execution worker Thread 4,5,main]) started.
[        ] Resolve mutations for :flutter_local_notifications:generateDebugResValues (Thread[Execution worker Thread 4,5,main]) started.
[        ] :flutter_local_notifications:generateDebugResValues (Thread[Execution worker,5,main]) started.
[        ] > Task :flutter_local_notifications:generateDebugResValues UP-TO-DATE
[        ] Caching disabled for task ':flutter_local_notifications:generateDebugResValues' because:
[        ]   Build cache is disabled
[        ] Skipping task ':flutter_local_notifications:generateDebugResValues' as it is up-to-date.
[        ] Resolve mutations for :flutter_local_notifications:generateDebugResources (Thread[Execution worker,5,main]) started.
[        ] :flutter_local_notifications:generateDebugResources (Thread[Execution worker,5,main]) started.
[        ] > Task :flutter_local_notifications:generateDebugResources UP-TO-DATE
[        ] Caching disabled for task ':flutter_local_notifications:generateDebugResources' because:
[        ]   Build cache is disabled
[        ] Skipping task ':flutter_local_notifications:generateDebugResources' as it is up-to-date.
[        ] Resolve mutations for :flutter_local_notifications:packageDebugResources (Thread[Execution worker,5,main]) started.
[        ] :flutter_local_notifications:packageDebugResources (Thread[Execution worker,5,main]) started.
[        ] > Task :flutter_local_notifications:packageDebugResources UP-TO-DATE
[        ] Caching disabled for task ':flutter_local_notifications:packageDebugResources' because:
[        ]   Build cache is disabled
[        ] Skipping task ':flutter_local_notifications:packageDebugResources' as it is up-to-date.
[        ] work action resolve packageDebugResources (project :flutter_local_notifications) (Thread[Execution worker,5,main]) started.
[        ] Resolve mutations for :flutter_native_splash:generateDebugResValues (Thread[Execution worker,5,main]) started.
[        ] :flutter_native_splash:generateDebugResValues (Thread[Execution worker,5,main]) started.
[        ] > Task :flutter_native_splash:generateDebugResValues UP-TO-DATE
[        ] Caching disabled for task ':flutter_native_splash:generateDebugResValues' because:
[        ]   Build cache is disabled
[        ] Skipping task ':flutter_native_splash:generateDebugResValues' as it is up-to-date.
[        ] Resolve mutations for :flutter_native_splash:generateDebugResources (Thread[Execution worker,5,main]) started.
[        ] :flutter_native_splash:generateDebugResources (Thread[Execution worker,5,main]) started.
[        ] > Task :flutter_native_splash:generateDebugResources UP-TO-DATE
[        ] Caching disabled for task ':flutter_native_splash:generateDebugResources' because:
[        ]   Build cache is disabled
[        ] Skipping task ':flutter_native_splash:generateDebugResources' as it is up-to-date.
[        ] Resolve mutations for :flutter_native_splash:packageDebugResources (Thread[Execution worker,5,main]) started.
[        ] :flutter_native_splash:packageDebugResources (Thread[Execution worker,5,main]) started.
[        ] > Task :flutter_native_splash:packageDebugResources UP-TO-DATE
[        ] Caching disabled for task ':flutter_native_splash:packageDebugResources' because:
[        ]   Build cache is disabled
[        ] Skipping task ':flutter_native_splash:packageDebugResources' as it is up-to-date.
[        ] work action resolve packageDebugResources (project :flutter_native_splash) (Thread[Execution worker,5,main]) started.
[        ] Resolve mutations for :flutter_plugin_android_lifecycle:generateDebugResValues (Thread[Execution worker,5,main]) started.
[        ] :flutter_plugin_android_lifecycle:generateDebugResValues (Thread[Execution worker,5,main]) started.
[        ] > Task :flutter_plugin_android_lifecycle:generateDebugResValues UP-TO-DATE
[        ] Caching disabled for task ':flutter_plugin_android_lifecycle:generateDebugResValues' because:
[        ]   Build cache is disabled
[        ] Skipping task ':flutter_plugin_android_lifecycle:generateDebugResValues' as it is up-to-date.
[        ] Resolve mutations for :flutter_plugin_android_lifecycle:generateDebugResources (Thread[Execution worker,5,main]) started.
[        ] :flutter_plugin_android_lifecycle:generateDebugResources (Thread[Execution worker,5,main]) started.
[        ] > Task :flutter_plugin_android_lifecycle:generateDebugResources UP-TO-DATE
[        ] Caching disabled for task ':flutter_plugin_android_lifecycle:generateDebugResources' because:
[        ]   Build cache is disabled
[        ] Skipping task ':flutter_plugin_android_lifecycle:generateDebugResources' as it is up-to-date.
[        ] Resolve mutations for :flutter_plugin_android_lifecycle:packageDebugResources (Thread[Execution worker,5,main]) started.
[        ] :flutter_plugin_android_lifecycle:packageDebugResources (Thread[Execution worker Thread 2,5,main]) started.
[  +75 ms] > Task :flutter_plugin_android_lifecycle:packageDebugResources UP-TO-DATE
[        ] Caching disabled for task ':flutter_plugin_android_lifecycle:packageDebugResources' because:
[        ]   Build cache is disabled
[        ] Skipping task ':flutter_plugin_android_lifecycle:packageDebugResources' as it is up-to-date.
[        ] work action resolve packageDebugResources (project :flutter_plugin_android_lifecycle) (Thread[Execution worker Thread 2,5,main]) started.
[        ] Resolve mutations for :google_mlkit_commons:generateDebugResValues (Thread[Execution worker Thread 2,5,main]) started.
[        ] :google_mlkit_commons:generateDebugResValues (Thread[Execution worker Thread 2,5,main]) started.
[        ] > Task :google_mlkit_commons:generateDebugResValues UP-TO-DATE
[        ] Caching disabled for task ':google_mlkit_commons:generateDebugResValues' because:
[        ]   Build cache is disabled
[        ] Skipping task ':google_mlkit_commons:generateDebugResValues' as it is up-to-date.
[        ] Resolve mutations for :google_mlkit_commons:generateDebugResources (Thread[Execution worker Thread 2,5,main]) started.
[        ] :google_mlkit_commons:generateDebugResources (Thread[Execution worker Thread 2,5,main]) started.
[        ] > Task :google_mlkit_commons:generateDebugResources UP-TO-DATE
[        ] Caching disabled for task ':google_mlkit_commons:generateDebugResources' because:
[        ]   Build cache is disabled
[        ] Skipping task ':google_mlkit_commons:generateDebugResources' as it is up-to-date.
[        ] Resolve mutations for :google_mlkit_commons:packageDebugResources (Thread[Execution worker Thread 2,5,main]) started.
[        ] :google_mlkit_commons:packageDebugResources (Thread[Execution worker Thread 2,5,main]) started.
[        ] > Task :google_mlkit_commons:packageDebugResources UP-TO-DATE
[        ] Caching disabled for task ':google_mlkit_commons:packageDebugResources' because:
[        ]   Build cache is disabled
[        ] Skipping task ':google_mlkit_commons:packageDebugResources' as it is up-to-date.
[        ] work action resolve packageDebugResources (project :google_mlkit_commons) (Thread[Execution worker Thread 2,5,main]) started.
[        ] Resolve mutations for :google_mlkit_text_recognition:generateDebugResValues (Thread[Execution worker Thread 2,5,main]) started.
[        ] :google_mlkit_text_recognition:generateDebugResValues (Thread[Execution worker Thread 2,5,main]) started.
[        ] > Task :google_mlkit_text_recognition:generateDebugResValues UP-TO-DATE
[        ] Caching disabled for task ':google_mlkit_text_recognition:generateDebugResValues' because:
[        ]   Build cache is disabled
[        ] Skipping task ':google_mlkit_text_recognition:generateDebugResValues' as it is up-to-date.
[        ] Resolve mutations for :google_mlkit_text_recognition:generateDebugResources (Thread[Execution worker Thread 2,5,main]) started.
[        ] :google_mlkit_text_recognition:generateDebugResources (Thread[Execution worker Thread 2,5,main]) started.
[        ] > Task :google_mlkit_text_recognition:generateDebugResources UP-TO-DATE
[        ] Caching disabled for task ':google_mlkit_text_recognition:generateDebugResources' because:
[        ]   Build cache is disabled
[        ] Skipping task ':google_mlkit_text_recognition:generateDebugResources' as it is up-to-date.
[        ] Resolve mutations for :google_mlkit_text_recognition:packageDebugResources (Thread[Execution worker Thread 2,5,main]) started.
[        ] :google_mlkit_text_recognition:packageDebugResources (Thread[Execution worker Thread 2,5,main]) started.
[        ] > Task :google_mlkit_text_recognition:packageDebugResources UP-TO-DATE
[        ] Caching disabled for task ':google_mlkit_text_recognition:packageDebugResources' because:
[        ]   Build cache is disabled
[        ] Skipping task ':google_mlkit_text_recognition:packageDebugResources' as it is up-to-date.
[        ] work action resolve packageDebugResources (project :google_mlkit_text_recognition) (Thread[Execution worker Thread 2,5,main]) started.
[        ] Resolve mutations for :image_picker_android:generateDebugResValues (Thread[Execution worker Thread 2,5,main]) started.
[        ] :image_picker_android:generateDebugResValues (Thread[Execution worker Thread 2,5,main]) started.
[        ] > Task :image_picker_android:generateDebugResValues UP-TO-DATE
[        ] Caching disabled for task ':image_picker_android:generateDebugResValues' because:
[        ]   Build cache is disabled
[        ] Skipping task ':image_picker_android:generateDebugResValues' as it is up-to-date.
[        ] Resolve mutations for :image_picker_android:generateDebugResources (Thread[Execution worker Thread 2,5,main]) started.
[        ] :image_picker_android:generateDebugResources (Thread[Execution worker Thread 2,5,main]) started.
[        ] > Task :image_picker_android:generateDebugResources UP-TO-DATE
[        ] Caching disabled for task ':image_picker_android:generateDebugResources' because:
[        ]   Build cache is disabled
[        ] Skipping task ':image_picker_android:generateDebugResources' as it is up-to-date.
[        ] Resolve mutations for :image_picker_android:packageDebugResources (Thread[Execution worker Thread 2,5,main]) started.
[        ] :image_picker_android:packageDebugResources (Thread[Execution worker Thread 2,5,main]) started.
[        ] > Task :image_picker_android:packageDebugResources UP-TO-DATE
[        ] Caching disabled for task ':image_picker_android:packageDebugResources' because:
[        ]   Build cache is disabled
[        ] Skipping task ':image_picker_android:packageDebugResources' as it is up-to-date.
[        ] work action resolve packageDebugResources (project :image_picker_android) (Thread[Execution worker Thread 2,5,main]) started.
[        ] Resolve mutations for :mobile_scanner:generateDebugResValues (Thread[Execution worker Thread 2,5,main]) started.
[        ] :mobile_scanner:generateDebugResValues (Thread[Execution worker Thread 2,5,main]) started.
[        ] > Task :mobile_scanner:generateDebugResValues UP-TO-DATE
[        ] Caching disabled for task ':mobile_scanner:generateDebugResValues' because:
[        ]   Build cache is disabled
[        ] Skipping task ':mobile_scanner:generateDebugResValues' as it is up-to-date.
[        ] Resolve mutations for :mobile_scanner:generateDebugResources (Thread[Execution worker Thread 2,5,main]) started.
[        ] :mobile_scanner:generateDebugResources (Thread[Execution worker Thread 2,5,main]) started.
[        ] > Task :mobile_scanner:generateDebugResources UP-TO-DATE
[        ] Caching disabled for task ':mobile_scanner:generateDebugResources' because:
[        ]   Build cache is disabled
[        ] Skipping task ':mobile_scanner:generateDebugResources' as it is up-to-date.
[        ] Resolve mutations for :mobile_scanner:packageDebugResources (Thread[Execution worker Thread 2,5,main]) started.
[        ] :mobile_scanner:packageDebugResources (Thread[Execution worker Thread 2,5,main]) started.
[        ] > Task :mobile_scanner:packageDebugResources UP-TO-DATE
[        ] Caching disabled for task ':mobile_scanner:packageDebugResources' because:
[        ]   Build cache is disabled
[        ] Skipping task ':mobile_scanner:packageDebugResources' as it is up-to-date.
[        ] work action resolve packageDebugResources (project :mobile_scanner) (Thread[Execution worker Thread 2,5,main]) started.
[        ] Resolve mutations for :path_provider_android:generateDebugResValues (Thread[Execution worker Thread 2,5,main]) started.
[        ] :path_provider_android:generateDebugResValues (Thread[Execution worker Thread 2,5,main]) started.
[        ] > Task :path_provider_android:generateDebugResValues UP-TO-DATE
[        ] Caching disabled for task ':path_provider_android:generateDebugResValues' because:
[        ]   Build cache is disabled
[        ] Skipping task ':path_provider_android:generateDebugResValues' as it is up-to-date.
[        ] Resolve mutations for :path_provider_android:generateDebugResources (Thread[Execution worker Thread 2,5,main]) started.
[        ] :path_provider_android:generateDebugResources (Thread[Execution worker Thread 2,5,main]) started.
[        ] > Task :path_provider_android:generateDebugResources UP-TO-DATE
[        ] Caching disabled for task ':path_provider_android:generateDebugResources' because:
[        ]   Build cache is disabled
[        ] Skipping task ':path_provider_android:generateDebugResources' as it is up-to-date.
[        ] Resolve mutations for :path_provider_android:packageDebugResources (Thread[Execution worker Thread 2,5,main]) started.
[        ] :path_provider_android:packageDebugResources (Thread[Execution worker Thread 2,5,main]) started.
[        ] > Task :path_provider_android:packageDebugResources UP-TO-DATE
[        ] Caching disabled for task ':path_provider_android:packageDebugResources' because:
[        ]   Build cache is disabled
[        ] Skipping task ':path_provider_android:packageDebugResources' as it is up-to-date.
[        ] work action resolve packageDebugResources (project :path_provider_android) (Thread[Execution worker Thread 2,5,main]) started.
[        ] Resolve mutations for :permission_handler_android:generateDebugResValues (Thread[Execution worker Thread 2,5,main]) started.
[        ] :permission_handler_android:generateDebugResValues (Thread[Execution worker Thread 2,5,main]) started.
[        ] > Task :permission_handler_android:generateDebugResValues UP-TO-DATE
[        ] Caching disabled for task ':permission_handler_android:generateDebugResValues' because:
[        ]   Build cache is disabled
[        ] Skipping task ':permission_handler_android:generateDebugResValues' as it is up-to-date.
[        ] Resolve mutations for :permission_handler_android:generateDebugResources (Thread[Execution worker Thread 2,5,main]) started.
[        ] :permission_handler_android:generateDebugResources (Thread[Execution worker Thread 2,5,main]) started.
[        ] > Task :permission_handler_android:generateDebugResources UP-TO-DATE
[        ] Caching disabled for task ':permission_handler_android:generateDebugResources' because:
[        ]   Build cache is disabled
[        ] Skipping task ':permission_handler_android:generateDebugResources' as it is up-to-date.
[        ] Resolve mutations for :permission_handler_android:packageDebugResources (Thread[Execution worker Thread 2,5,main]) started.
[        ] :permission_handler_android:packageDebugResources (Thread[Execution worker Thread 2,5,main]) started.
[        ] > Task :permission_handler_android:packageDebugResources UP-TO-DATE
[        ] Caching disabled for task ':permission_handler_android:packageDebugResources' because:
[        ]   Build cache is disabled
[        ] Skipping task ':permission_handler_android:packageDebugResources' as it is up-to-date.
[        ] work action resolve packageDebugResources (project :permission_handler_android) (Thread[Execution worker Thread 2,5,main]) started.
[        ] Resolve mutations for :speech_to_text:generateDebugResValues (Thread[Execution worker Thread 2,5,main]) started.
[        ] :speech_to_text:generateDebugResValues (Thread[Execution worker Thread 2,5,main]) started.
[        ] > Task :speech_to_text:generateDebugResValues UP-TO-DATE
[        ] Caching disabled for task ':speech_to_text:generateDebugResValues' because:
[        ]   Build cache is disabled
[        ] Skipping task ':speech_to_text:generateDebugResValues' as it is up-to-date.
[        ] Resolve mutations for :speech_to_text:generateDebugResources (Thread[Execution worker Thread 2,5,main]) started.
[        ] :speech_to_text:generateDebugResources (Thread[Execution worker Thread 2,5,main]) started.
[        ] > Task :speech_to_text:generateDebugResources UP-TO-DATE
[        ] Caching disabled for task ':speech_to_text:generateDebugResources' because:
[        ]   Build cache is disabled
[        ] Skipping task ':speech_to_text:generateDebugResources' as it is up-to-date.
[        ] Resolve mutations for :speech_to_text:packageDebugResources (Thread[Execution worker Thread 2,5,main]) started.
[        ] :speech_to_text:packageDebugResources (Thread[Execution worker Thread 2,5,main]) started.
[        ] > Task :speech_to_text:packageDebugResources UP-TO-DATE
[        ] Caching disabled for task ':speech_to_text:packageDebugResources' because:
[        ]   Build cache is disabled
[        ] Skipping task ':speech_to_text:packageDebugResources' as it is up-to-date.
[        ] work action resolve packageDebugResources (project :speech_to_text) (Thread[Execution worker Thread 2,5,main]) started.
[        ] Resolve mutations for :app:mapDebugSourceSetPaths (Thread[Execution worker Thread 2,5,main]) started.
[        ] :app:mapDebugSourceSetPaths (Thread[Execution worker Thread 2,5,main]) started.
[  +84 ms] > Task :app:mapDebugSourceSetPaths UP-TO-DATE
[        ] Caching disabled for task ':app:mapDebugSourceSetPaths' because:
[        ]   Build cache is disabled
[        ]   Caching has been disabled for the task
[        ] Skipping task ':app:mapDebugSourceSetPaths' as it is up-to-date.
[        ] Resolve mutations for :app:generateDebugResources (Thread[Execution worker Thread 2,5,main]) started.
[        ] :app:generateDebugResources (Thread[Execution worker Thread 2,5,main]) started.
[        ] > Task :app:generateDebugResources UP-TO-DATE
[        ] Caching disabled for task ':app:generateDebugResources' because:
[        ]   Build cache is disabled
[        ] Skipping task ':app:generateDebugResources' as it is up-to-date.
[        ] Resolve mutations for :app:mergeDebugResources (Thread[Execution worker Thread 2,5,main]) started.
[        ] :app:mergeDebugResources (Thread[Execution worker Thread 2,5,main]) started.
[        ] > Task :app:mergeDebugResources UP-TO-DATE
[        ] Caching disabled for task ':app:mergeDebugResources' because:
[        ]   Build cache is disabled
[        ] Skipping task ':app:mergeDebugResources' as it is up-to-date.
[        ] Resolve mutations for :app:packageDebugResources (Thread[Execution worker Thread 2,5,main]) started.
[        ] :app:packageDebugResources (Thread[Execution worker Thread 2,5,main]) started.
[        ] > Task :app:packageDebugResources UP-TO-DATE
[        ] Caching disabled for task ':app:packageDebugResources' because:
[        ]   Build cache is disabled
[        ] Skipping task ':app:packageDebugResources' as it is up-to-date.
[        ] Resolve mutations for :app:parseDebugLocalResources (Thread[Execution worker Thread 2,5,main]) started.
[        ] :app:parseDebugLocalResources (Thread[Execution worker Thread 2,5,main]) started.
[        ] > Task :app:parseDebugLocalResources UP-TO-DATE
[        ] Caching disabled for task ':app:parseDebugLocalResources' because:
[        ]   Build cache is disabled
[        ] Skipping task ':app:parseDebugLocalResources' as it is up-to-date.
[        ] Resolve mutations for :app:createDebugCompatibleScreenManifests (Thread[Execution worker Thread 2,5,main]) started.
[        ] :app:createDebugCompatibleScreenManifests (Thread[Execution worker Thread 2,5,main]) started.
[        ] > Task :app:createDebugCompatibleScreenManifests UP-TO-DATE
[        ] Caching disabled for task ':app:createDebugCompatibleScreenManifests' because:
[        ]   Build cache is disabled
[        ]   Caching has been disabled for the task
[        ] Skipping task ':app:createDebugCompatibleScreenManifests' as it is up-to-date.
[        ] Resolve mutations for :app:extractDeepLinksDebug (Thread[Execution worker Thread 2,5,main]) started.
[        ] :app:extractDeepLinksDebug (Thread[Execution worker Thread 2,5,main]) started.
[        ] > Task :app:extractDeepLinksDebug UP-TO-DATE
[        ] Caching disabled for task ':app:extractDeepLinksDebug' because:
[        ]   Build cache is disabled
[        ] Skipping task ':app:extractDeepLinksDebug' as it is up-to-date.
[        ] Resolve mutations for :connectivity_plus:extractDeepLinksDebug (Thread[Execution worker Thread 2,5,main]) started.
[        ] :connectivity_plus:extractDeepLinksDebug (Thread[Execution worker Thread 2,5,main]) started.
[        ] > Task :connectivity_plus:extractDeepLinksDebug UP-TO-DATE
[        ] Caching disabled for task ':connectivity_plus:extractDeepLinksDebug' because:
[        ]   Build cache is disabled
[        ] Skipping task ':connectivity_plus:extractDeepLinksDebug' as it is up-to-date.
[        ] work action resolve navigation.json (project :connectivity_plus) (Thread[Execution worker Thread 2,5,main]) started.
[        ] Resolve mutations for :connectivity_plus:processDebugManifest (Thread[Execution worker Thread 2,5,main]) started.
[        ] :connectivity_plus:processDebugManifest (Thread[Execution worker Thread 2,5,main]) started.
[        ] > Task :connectivity_plus:processDebugManifest UP-TO-DATE
[        ] Caching disabled for task ':connectivity_plus:processDebugManifest' because:
[        ]   Build cache is disabled
[        ] Skipping task ':connectivity_plus:processDebugManifest' as it is up-to-date.
[        ] work action resolve AndroidManifest.xml (project :connectivity_plus) (Thread[Execution worker Thread 2,5,main]) started.
[        ] Resolve mutations for :flutter_local_notifications:extractDeepLinksDebug (Thread[Execution worker Thread 2,5,main]) started.
[        ] :flutter_local_notifications:extractDeepLinksDebug (Thread[Execution worker Thread 2,5,main]) started.
[        ] > Task :flutter_local_notifications:extractDeepLinksDebug UP-TO-DATE
[        ] Caching disabled for task ':flutter_local_notifications:extractDeepLinksDebug' because:
[        ]   Build cache is disabled
[        ] Skipping task ':flutter_local_notifications:extractDeepLinksDebug' as it is up-to-date.
[        ] work action resolve navigation.json (project :flutter_local_notifications) (Thread[Execution worker Thread 2,5,main]) started.
[        ] Resolve mutations for :flutter_local_notifications:processDebugManifest (Thread[Execution worker Thread 2,5,main]) started.
[        ] :flutter_local_notifications:processDebugManifest (Thread[Execution worker Thread 2,5,main]) started.
[        ] > Task :flutter_local_notifications:processDebugManifest UP-TO-DATE
[        ] Caching disabled for task ':flutter_local_notifications:processDebugManifest' because:
[        ]   Build cache is disabled
[        ] Skipping task ':flutter_local_notifications:processDebugManifest' as it is up-to-date.
[        ] work action resolve AndroidManifest.xml (project :flutter_local_notifications) (Thread[Execution worker Thread 2,5,main]) started.
[        ] Resolve mutations for :flutter_native_splash:extractDeepLinksDebug (Thread[Execution worker Thread 2,5,main]) started.
[        ] :flutter_native_splash:extractDeepLinksDebug (Thread[Execution worker Thread 2,5,main]) started.
[        ] > Task :flutter_native_splash:extractDeepLinksDebug UP-TO-DATE
[        ] Caching disabled for task ':flutter_native_splash:extractDeepLinksDebug' because:
[        ]   Build cache is disabled
[        ] Skipping task ':flutter_native_splash:extractDeepLinksDebug' as it is up-to-date.
[        ] work action resolve navigation.json (project :flutter_native_splash) (Thread[Execution worker Thread 2,5,main]) started.
[        ] Resolve mutations for :flutter_native_splash:processDebugManifest (Thread[Execution worker Thread 2,5,main]) started.
[        ] :flutter_native_splash:processDebugManifest (Thread[Execution worker Thread 2,5,main]) started.
[        ] > Task :flutter_native_splash:processDebugManifest UP-TO-DATE
[        ] Caching disabled for task ':flutter_native_splash:processDebugManifest' because:
[        ]   Build cache is disabled
[        ] Skipping task ':flutter_native_splash:processDebugManifest' as it is up-to-date.
[        ] work action resolve AndroidManifest.xml (project :flutter_native_splash) (Thread[Execution worker Thread 2,5,main]) started.
[        ] Resolve mutations for :flutter_plugin_android_lifecycle:extractDeepLinksDebug (Thread[Execution worker Thread 2,5,main]) started.
[        ] :flutter_plugin_android_lifecycle:extractDeepLinksDebug (Thread[Execution worker Thread 2,5,main]) started.
[        ] > Task :flutter_plugin_android_lifecycle:extractDeepLinksDebug UP-TO-DATE
[        ] Caching disabled for task ':flutter_plugin_android_lifecycle:extractDeepLinksDebug' because:
[        ]   Build cache is disabled
[        ] Skipping task ':flutter_plugin_android_lifecycle:extractDeepLinksDebug' as it is up-to-date.
[        ] work action resolve navigation.json (project :flutter_plugin_android_lifecycle) (Thread[Execution worker Thread 2,5,main]) started.
[        ] Resolve mutations for :flutter_plugin_android_lifecycle:processDebugManifest (Thread[Execution worker Thread 2,5,main]) started.
[        ] :flutter_plugin_android_lifecycle:processDebugManifest (Thread[Execution worker Thread 2,5,main]) started.
[        ] > Task :flutter_plugin_android_lifecycle:processDebugManifest UP-TO-DATE
[        ] Caching disabled for task ':flutter_plugin_android_lifecycle:processDebugManifest' because:
[        ]   Build cache is disabled
[        ] Skipping task ':flutter_plugin_android_lifecycle:processDebugManifest' as it is up-to-date.
[        ] work action resolve AndroidManifest.xml (project :flutter_plugin_android_lifecycle) (Thread[Execution worker Thread 2,5,main]) started.
[        ] Resolve mutations for :google_mlkit_commons:extractDeepLinksDebug (Thread[Execution worker Thread 2,5,main]) started.
[        ] :google_mlkit_commons:extractDeepLinksDebug (Thread[Execution worker Thread 2,5,main]) started.
[        ] > Task :google_mlkit_commons:extractDeepLinksDebug UP-TO-DATE
[        ] Caching disabled for task ':google_mlkit_commons:extractDeepLinksDebug' because:
[        ]   Build cache is disabled
[        ] Skipping task ':google_mlkit_commons:extractDeepLinksDebug' as it is up-to-date.
[        ] work action resolve navigation.json (project :google_mlkit_commons) (Thread[Execution worker Thread 2,5,main]) started.
[        ] Resolve mutations for :google_mlkit_commons:processDebugManifest (Thread[Execution worker Thread 2,5,main]) started.
[        ] :google_mlkit_commons:processDebugManifest (Thread[Execution worker Thread 2,5,main]) started.
[        ] > Task :google_mlkit_commons:processDebugManifest UP-TO-DATE
[        ] Caching disabled for task ':google_mlkit_commons:processDebugManifest' because:
[        ]   Build cache is disabled
[        ] Skipping task ':google_mlkit_commons:processDebugManifest' as it is up-to-date.
[        ] work action resolve AndroidManifest.xml (project :google_mlkit_commons) (Thread[Execution worker Thread 2,5,main]) started.
[        ] Resolve mutations for :google_mlkit_text_recognition:extractDeepLinksDebug (Thread[Execution worker Thread 2,5,main]) started.
[        ] :google_mlkit_text_recognition:extractDeepLinksDebug (Thread[Execution worker Thread 2,5,main]) started.
[        ] > Task :google_mlkit_text_recognition:extractDeepLinksDebug UP-TO-DATE
[        ] Caching disabled for task ':google_mlkit_text_recognition:extractDeepLinksDebug' because:
[        ]   Build cache is disabled
[        ] Skipping task ':google_mlkit_text_recognition:extractDeepLinksDebug' as it is up-to-date.
[        ] work action resolve navigation.json (project :google_mlkit_text_recognition) (Thread[Execution worker Thread 2,5,main]) started.
[        ] Resolve mutations for :google_mlkit_text_recognition:processDebugManifest (Thread[Execution worker Thread 2,5,main]) started.
[        ] :google_mlkit_text_recognition:processDebugManifest (Thread[Execution worker Thread 2,5,main]) started.
[        ] > Task :google_mlkit_text_recognition:processDebugManifest UP-TO-DATE
[        ] Caching disabled for task ':google_mlkit_text_recognition:processDebugManifest' because:
[        ]   Build cache is disabled
[        ] Skipping task ':google_mlkit_text_recognition:processDebugManifest' as it is up-to-date.
[        ] work action resolve AndroidManifest.xml (project :google_mlkit_text_recognition) (Thread[Execution worker Thread 2,5,main]) started.
[        ] Resolve mutations for :image_picker_android:extractDeepLinksDebug (Thread[Execution worker Thread 2,5,main]) started.
[        ] :image_picker_android:extractDeepLinksDebug (Thread[Execution worker Thread 2,5,main]) started.
[        ] > Task :image_picker_android:extractDeepLinksDebug UP-TO-DATE
[        ] Caching disabled for task ':image_picker_android:extractDeepLinksDebug' because:
[        ]   Build cache is disabled
[        ] Skipping task ':image_picker_android:extractDeepLinksDebug' as it is up-to-date.
[        ] work action resolve navigation.json (project :image_picker_android) (Thread[Execution worker Thread 2,5,main]) started.
[        ] Resolve mutations for :image_picker_android:processDebugManifest (Thread[Execution worker Thread 2,5,main]) started.
[        ] :image_picker_android:processDebugManifest (Thread[Execution worker Thread 2,5,main]) started.
[        ] > Task :image_picker_android:processDebugManifest UP-TO-DATE
[        ] Caching disabled for task ':image_picker_android:processDebugManifest' because:
[        ]   Build cache is disabled
[        ] Skipping task ':image_picker_android:processDebugManifest' as it is up-to-date.
[        ] work action resolve AndroidManifest.xml (project :image_picker_android) (Thread[Execution worker Thread 2,5,main]) started.
[        ] Resolve mutations for :mobile_scanner:extractDeepLinksDebug (Thread[Execution worker Thread 2,5,main]) started.
[        ] :mobile_scanner:extractDeepLinksDebug (Thread[Execution worker Thread 2,5,main]) started.
[        ] > Task :mobile_scanner:extractDeepLinksDebug UP-TO-DATE
[        ] Caching disabled for task ':mobile_scanner:extractDeepLinksDebug' because:
[        ]   Build cache is disabled
[        ] Skipping task ':mobile_scanner:extractDeepLinksDebug' as it is up-to-date.
[        ] work action resolve navigation.json (project :mobile_scanner) (Thread[Execution worker Thread 2,5,main]) started.
[        ] Resolve mutations for :mobile_scanner:processDebugManifest (Thread[Execution worker Thread 2,5,main]) started.
[        ] :mobile_scanner:processDebugManifest (Thread[Execution worker Thread 2,5,main]) started.
[        ] > Task :mobile_scanner:processDebugManifest UP-TO-DATE
[        ] Caching disabled for task ':mobile_scanner:processDebugManifest' because:
[        ]   Build cache is disabled
[        ] Skipping task ':mobile_scanner:processDebugManifest' as it is up-to-date.
[        ] work action resolve AndroidManifest.xml (project :mobile_scanner) (Thread[Execution worker Thread 2,5,main]) started.
[        ] Resolve mutations for :path_provider_android:extractDeepLinksDebug (Thread[Execution worker Thread 2,5,main]) started.
[        ] :path_provider_android:extractDeepLinksDebug (Thread[Execution worker Thread 2,5,main]) started.
[        ] > Task :path_provider_android:extractDeepLinksDebug UP-TO-DATE
[        ] Caching disabled for task ':path_provider_android:extractDeepLinksDebug' because:
[        ]   Build cache is disabled
[        ] Skipping task ':path_provider_android:extractDeepLinksDebug' as it is up-to-date.
[        ] work action resolve navigation.json (project :path_provider_android) (Thread[Execution worker Thread 2,5,main]) started.
[        ] Resolve mutations for :path_provider_android:processDebugManifest (Thread[Execution worker Thread 2,5,main]) started.
[        ] :path_provider_android:processDebugManifest (Thread[Execution worker Thread 2,5,main]) started.
[        ] > Task :path_provider_android:processDebugManifest UP-TO-DATE
[        ] Caching disabled for task ':path_provider_android:processDebugManifest' because:
[        ]   Build cache is disabled
[        ] Skipping task ':path_provider_android:processDebugManifest' as it is up-to-date.
[        ] work action resolve AndroidManifest.xml (project :path_provider_android) (Thread[Execution worker Thread 2,5,main]) started.
[        ] Resolve mutations for :permission_handler_android:extractDeepLinksDebug (Thread[Execution worker Thread 2,5,main]) started.
[        ] :permission_handler_android:extractDeepLinksDebug (Thread[Execution worker Thread 2,5,main]) started.
[        ] > Task :permission_handler_android:extractDeepLinksDebug UP-TO-DATE
[        ] Caching disabled for task ':permission_handler_android:extractDeepLinksDebug' because:
[        ]   Build cache is disabled
[        ] Skipping task ':permission_handler_android:extractDeepLinksDebug' as it is up-to-date.
[        ] work action resolve navigation.json (project :permission_handler_android) (Thread[Execution worker Thread 2,5,main]) started.
[        ] Resolve mutations for :permission_handler_android:processDebugManifest (Thread[Execution worker Thread 2,5,main]) started.
[   +4 ms] :permission_handler_android:processDebugManifest (Thread[Execution worker Thread 2,5,main]) started.
[        ] > Task :permission_handler_android:processDebugManifest UP-TO-DATE
[        ] Caching disabled for task ':permission_handler_android:processDebugManifest' because:
[        ]   Build cache is disabled
[        ] Skipping task ':permission_handler_android:processDebugManifest' as it is up-to-date.
[        ] work action resolve AndroidManifest.xml (project :permission_handler_android) (Thread[Execution worker Thread 2,5,main]) started.
[        ] Resolve mutations for :speech_to_text:extractDeepLinksDebug (Thread[Execution worker Thread 2,5,main]) started.
[        ] :speech_to_text:extractDeepLinksDebug (Thread[Execution worker Thread 2,5,main]) started.
[        ] > Task :speech_to_text:extractDeepLinksDebug UP-TO-DATE
[        ] Caching disabled for task ':speech_to_text:extractDeepLinksDebug' because:
[        ]   Build cache is disabled
[        ] Skipping task ':speech_to_text:extractDeepLinksDebug' as it is up-to-date.
[        ] work action resolve navigation.json (project :speech_to_text) (Thread[Execution worker Thread 2,5,main]) started.
[        ] Resolve mutations for :speech_to_text:processDebugManifest (Thread[Execution worker Thread 2,5,main]) started.
[        ] :speech_to_text:processDebugManifest (Thread[Execution worker Thread 2,5,main]) started.
[        ] > Task :speech_to_text:processDebugManifest UP-TO-DATE
[        ] Caching disabled for task ':speech_to_text:processDebugManifest' because:
[        ]   Build cache is disabled
[        ] Skipping task ':speech_to_text:processDebugManifest' as it is up-to-date.
[        ] work action resolve AndroidManifest.xml (project :speech_to_text) (Thread[Execution worker Thread 9,5,main]) started.
[        ] Resolve mutations for :app:processDebugMainManifest (Thread[Execution worker Thread 9,5,main]) started.
[        ] :app:processDebugMainManifest (Thread[Execution worker Thread 9,5,main]) started.
[        ] > Task :app:processDebugMainManifest UP-TO-DATE
[        ] Caching disabled for task ':app:processDebugMainManifest' because:
[        ]   Build cache is disabled
[        ] Skipping task ':app:processDebugMainManifest' as it is up-to-date.
[        ] Resolve mutations for :app:processDebugManifest (Thread[Execution worker Thread 4,5,main]) started.
[        ] :app:processDebugManifest (Thread[Execution worker Thread 4,5,main]) started.
[  +49 ms] > Task :app:processDebugManifest UP-TO-DATE
[        ] Caching disabled for task ':app:processDebugManifest' because:
[        ]   Build cache is disabled
[        ] Skipping task ':app:processDebugManifest' as it is up-to-date.
[        ] Resolve mutations for :app:processDebugManifestForPackage (Thread[Execution worker Thread 4,5,main]) started.
[        ] :app:processDebugManifestForPackage (Thread[Execution worker Thread 4,5,main]) started.
[        ] > Task :app:processDebugManifestForPackage UP-TO-DATE
[        ] Custom actions are attached to task ':app:processDebugManifestForPackage'.
[        ] Caching disabled for task ':app:processDebugManifestForPackage' because:
[        ]   Build cache is disabled
[        ] Skipping task ':app:processDebugManifestForPackage' as it is up-to-date.
[        ] Resolve mutations for :connectivity_plus:compileDebugLibraryResources (Thread[Execution worker Thread 4,5,main]) started.
[        ] :connectivity_plus:compileDebugLibraryResources (Thread[Execution worker Thread 4,5,main]) started.
[        ] > Task :connectivity_plus:compileDebugLibraryResources UP-TO-DATE
[        ] Caching disabled for task ':connectivity_plus:compileDebugLibraryResources' because:
[        ]   Build cache is disabled
[        ] Skipping task ':connectivity_plus:compileDebugLibraryResources' as it is up-to-date.
[        ] work action resolve out (project :connectivity_plus) (Thread[Execution worker Thread 4,5,main]) started.
[        ] Resolve mutations for :connectivity_plus:parseDebugLocalResources (Thread[Execution worker Thread 4,5,main]) started.
[        ] :connectivity_plus:parseDebugLocalResources (Thread[Execution worker Thread 4,5,main]) started.
[        ] > Task :connectivity_plus:parseDebugLocalResources UP-TO-DATE
[        ] Caching disabled for task ':connectivity_plus:parseDebugLocalResources' because:
[        ]   Build cache is disabled
[        ] Skipping task ':connectivity_plus:parseDebugLocalResources' as it is up-to-date.
[        ] Resolve mutations for :connectivity_plus:generateDebugRFile (Thread[Execution worker Thread 4,5,main]) started.
[        ] :connectivity_plus:generateDebugRFile (Thread[Execution worker Thread 4,5,main]) started.
[        ] > Task :connectivity_plus:generateDebugRFile UP-TO-DATE
[        ] Caching disabled for task ':connectivity_plus:generateDebugRFile' because:
[        ]   Build cache is disabled
[        ] Skipping task ':connectivity_plus:generateDebugRFile' as it is up-to-date.
[        ] work action resolve package-aware-r.txt (project :connectivity_plus) (Thread[Execution worker Thread 4,5,main]) started.
[        ] Resolve mutations for :flutter_local_notifications:compileDebugLibraryResources (Thread[Execution worker Thread 4,5,main]) started.
[        ] :flutter_local_notifications:compileDebugLibraryResources (Thread[Execution worker Thread 4,5,main]) started.
[        ] > Task :flutter_local_notifications:compileDebugLibraryResources UP-TO-DATE
[        ] Caching disabled for task ':flutter_local_notifications:compileDebugLibraryResources' because:
[        ]   Build cache is disabled
[        ] Skipping task ':flutter_local_notifications:compileDebugLibraryResources' as it is up-to-date.
[        ] work action resolve out (project :flutter_local_notifications) (Thread[Execution worker Thread 4,5,main]) started.
[        ] Resolve mutations for :flutter_local_notifications:parseDebugLocalResources (Thread[Execution worker Thread 4,5,main]) started.
[        ] :flutter_local_notifications:parseDebugLocalResources (Thread[Execution worker Thread 4,5,main]) started.
[        ] > Task :flutter_local_notifications:parseDebugLocalResources UP-TO-DATE
[        ] Caching disabled for task ':flutter_local_notifications:parseDebugLocalResources' because:
[        ]   Build cache is disabled
[        ] Skipping task ':flutter_local_notifications:parseDebugLocalResources' as it is up-to-date.
[        ] Resolve mutations for :flutter_local_notifications:generateDebugRFile (Thread[Execution worker Thread 4,5,main]) started.
[        ] :flutter_local_notifications:generateDebugRFile (Thread[Execution worker Thread 4,5,main]) started.
[        ] > Task :flutter_local_notifications:generateDebugRFile UP-TO-DATE
[        ] Caching disabled for task ':flutter_local_notifications:generateDebugRFile' because:
[        ]   Build cache is disabled
[        ] Skipping task ':flutter_local_notifications:generateDebugRFile' as it is up-to-date.
[        ] work action resolve package-aware-r.txt (project :flutter_local_notifications) (Thread[Execution worker Thread 4,5,main]) started.
[        ] Resolve mutations for :flutter_native_splash:compileDebugLibraryResources (Thread[Execution worker Thread 4,5,main]) started.
[        ] :flutter_native_splash:compileDebugLibraryResources (Thread[Execution worker Thread 4,5,main]) started.
[        ] > Task :flutter_native_splash:compileDebugLibraryResources UP-TO-DATE
[        ] Caching disabled for task ':flutter_native_splash:compileDebugLibraryResources' because:
[        ]   Build cache is disabled
[        ] Skipping task ':flutter_native_splash:compileDebugLibraryResources' as it is up-to-date.
[        ] work action resolve out (project :flutter_native_splash) (Thread[Execution worker Thread 9,5,main]) started.
[        ] Resolve mutations for :flutter_native_splash:parseDebugLocalResources (Thread[Execution worker Thread 9,5,main]) started.
[        ] :flutter_native_splash:parseDebugLocalResources (Thread[Execution worker Thread 9,5,main]) started.
[        ] > Task :flutter_native_splash:parseDebugLocalResources UP-TO-DATE
[        ] Caching disabled for task ':flutter_native_splash:parseDebugLocalResources' because:
[        ]   Build cache is disabled
[        ] Skipping task ':flutter_native_splash:parseDebugLocalResources' as it is up-to-date.
[        ] Resolve mutations for :flutter_native_splash:generateDebugRFile (Thread[Execution worker Thread 9,5,main]) started.
[        ] :flutter_native_splash:generateDebugRFile (Thread[Execution worker Thread 9,5,main]) started.
[        ] > Task :flutter_native_splash:generateDebugRFile UP-TO-DATE
[        ] Caching disabled for task ':flutter_native_splash:generateDebugRFile' because:
[        ]   Build cache is disabled
[        ] Skipping task ':flutter_native_splash:generateDebugRFile' as it is up-to-date.
[        ] work action resolve package-aware-r.txt (project :flutter_native_splash) (Thread[Execution worker Thread 9,5,main]) started.
[        ] Resolve mutations for :flutter_plugin_android_lifecycle:compileDebugLibraryResources (Thread[Execution worker Thread 9,5,main]) started.
[        ] :flutter_plugin_android_lifecycle:compileDebugLibraryResources (Thread[Execution worker Thread 9,5,main]) started.
[        ] > Task :flutter_plugin_android_lifecycle:compileDebugLibraryResources UP-TO-DATE
[        ] Caching disabled for task ':flutter_plugin_android_lifecycle:compileDebugLibraryResources' because:
[        ]   Build cache is disabled
[        ] Skipping task ':flutter_plugin_android_lifecycle:compileDebugLibraryResources' as it is up-to-date.
[        ] work action resolve out (project :flutter_plugin_android_lifecycle) (Thread[Execution worker Thread 9,5,main]) started.
[        ] Resolve mutations for :flutter_plugin_android_lifecycle:parseDebugLocalResources (Thread[Execution worker Thread 9,5,main]) started.
[        ] :flutter_plugin_android_lifecycle:parseDebugLocalResources (Thread[Execution worker Thread 9,5,main]) started.
[        ] > Task :flutter_plugin_android_lifecycle:parseDebugLocalResources UP-TO-DATE
[        ] Caching disabled for task ':flutter_plugin_android_lifecycle:parseDebugLocalResources' because:
[        ]   Build cache is disabled
[        ] Skipping task ':flutter_plugin_android_lifecycle:parseDebugLocalResources' as it is up-to-date.
[        ] Resolve mutations for :flutter_plugin_android_lifecycle:generateDebugRFile (Thread[Execution worker Thread 9,5,main]) started.
[        ] :flutter_plugin_android_lifecycle:generateDebugRFile (Thread[Execution worker Thread 9,5,main]) started.
[        ] > Task :flutter_plugin_android_lifecycle:generateDebugRFile UP-TO-DATE
[        ] Caching disabled for task ':flutter_plugin_android_lifecycle:generateDebugRFile' because:
[        ]   Build cache is disabled
[        ] Skipping task ':flutter_plugin_android_lifecycle:generateDebugRFile' as it is up-to-date.
[        ] work action resolve package-aware-r.txt (project :flutter_plugin_android_lifecycle) (Thread[Execution worker Thread 9,5,main]) started.
[        ] Resolve mutations for :google_mlkit_commons:compileDebugLibraryResources (Thread[Execution worker Thread 9,5,main]) started.
[        ] :google_mlkit_commons:compileDebugLibraryResources (Thread[Execution worker Thread 9,5,main]) started.
[        ] > Task :google_mlkit_commons:compileDebugLibraryResources UP-TO-DATE
[        ] Caching disabled for task ':google_mlkit_commons:compileDebugLibraryResources' because:
[        ]   Build cache is disabled
[        ] Skipping task ':google_mlkit_commons:compileDebugLibraryResources' as it is up-to-date.
[        ] work action resolve out (project :google_mlkit_commons) (Thread[Execution worker Thread 9,5,main]) started.
[        ] Resolve mutations for :google_mlkit_commons:parseDebugLocalResources (Thread[Execution worker Thread 9,5,main]) started.
[        ] :google_mlkit_commons:parseDebugLocalResources (Thread[Execution worker Thread 9,5,main]) started.
[        ] > Task :google_mlkit_commons:parseDebugLocalResources UP-TO-DATE
[        ] Caching disabled for task ':google_mlkit_commons:parseDebugLocalResources' because:
[        ]   Build cache is disabled
[        ] Skipping task ':google_mlkit_commons:parseDebugLocalResources' as it is up-to-date.
[        ] Resolve mutations for :google_mlkit_commons:generateDebugRFile (Thread[Execution worker Thread 9,5,main]) started.
[        ] :google_mlkit_commons:generateDebugRFile (Thread[Execution worker Thread 9,5,main]) started.
[        ] > Task :google_mlkit_commons:generateDebugRFile UP-TO-DATE
[        ] Caching disabled for task ':google_mlkit_commons:generateDebugRFile' because:
[        ]   Build cache is disabled
[        ] Skipping task ':google_mlkit_commons:generateDebugRFile' as it is up-to-date.
[        ] work action resolve package-aware-r.txt (project :google_mlkit_commons) (Thread[Execution worker Thread 9,5,main]) started.
[        ] Resolve mutations for :google_mlkit_text_recognition:compileDebugLibraryResources (Thread[Execution worker Thread 9,5,main]) started.
[        ] :google_mlkit_text_recognition:compileDebugLibraryResources (Thread[Execution worker Thread 9,5,main]) started.
[        ] > Task :google_mlkit_text_recognition:compileDebugLibraryResources UP-TO-DATE
[        ] Caching disabled for task ':google_mlkit_text_recognition:compileDebugLibraryResources' because:
[        ]   Build cache is disabled
[        ] Skipping task ':google_mlkit_text_recognition:compileDebugLibraryResources' as it is up-to-date.
[        ] work action resolve out (project :google_mlkit_text_recognition) (Thread[Execution worker Thread 9,5,main]) started.
[        ] Resolve mutations for :google_mlkit_text_recognition:parseDebugLocalResources (Thread[Execution worker Thread 9,5,main]) started.
[        ] :google_mlkit_text_recognition:parseDebugLocalResources (Thread[Execution worker Thread 9,5,main]) started.
[        ] > Task :google_mlkit_text_recognition:parseDebugLocalResources UP-TO-DATE
[        ] Caching disabled for task ':google_mlkit_text_recognition:parseDebugLocalResources' because:
[        ]   Build cache is disabled
[        ] Skipping task ':google_mlkit_text_recognition:parseDebugLocalResources' as it is up-to-date.
[        ] Resolve mutations for :google_mlkit_text_recognition:generateDebugRFile (Thread[Execution worker Thread 11,5,main]) started.
[        ] :google_mlkit_text_recognition:generateDebugRFile (Thread[Execution worker Thread 11,5,main]) started.
[        ] > Task :google_mlkit_text_recognition:generateDebugRFile UP-TO-DATE
[        ] Caching disabled for task ':google_mlkit_text_recognition:generateDebugRFile' because:
[        ]   Build cache is disabled
[        ] Skipping task ':google_mlkit_text_recognition:generateDebugRFile' as it is up-to-date.
[        ] work action resolve package-aware-r.txt (project :google_mlkit_text_recognition) (Thread[Execution worker Thread 11,5,main]) started.
[        ] Resolve mutations for :image_picker_android:compileDebugLibraryResources (Thread[Execution worker Thread 11,5,main]) started.
[        ] :image_picker_android:compileDebugLibraryResources (Thread[Execution worker Thread 11,5,main]) started.
[        ] > Task :image_picker_android:compileDebugLibraryResources UP-TO-DATE
[        ] Caching disabled for task ':image_picker_android:compileDebugLibraryResources' because:
[        ]   Build cache is disabled
[        ] Skipping task ':image_picker_android:compileDebugLibraryResources' as it is up-to-date.
[        ] work action resolve out (project :image_picker_android) (Thread[Execution worker Thread 11,5,main]) started.
[        ] Resolve mutations for :image_picker_android:parseDebugLocalResources (Thread[Execution worker Thread 11,5,main]) started.
[        ] :image_picker_android:parseDebugLocalResources (Thread[Execution worker Thread 11,5,main]) started.
[        ] > Task :image_picker_android:parseDebugLocalResources UP-TO-DATE
[        ] Caching disabled for task ':image_picker_android:parseDebugLocalResources' because:
[        ]   Build cache is disabled
[        ] Skipping task ':image_picker_android:parseDebugLocalResources' as it is up-to-date.
[        ] Resolve mutations for :image_picker_android:generateDebugRFile (Thread[Execution worker Thread 11,5,main]) started.
[        ] :image_picker_android:generateDebugRFile (Thread[Execution worker Thread 11,5,main]) started.
[        ] > Task :image_picker_android:generateDebugRFile UP-TO-DATE
[        ] Caching disabled for task ':image_picker_android:generateDebugRFile' because:
[        ]   Build cache is disabled
[        ] Skipping task ':image_picker_android:generateDebugRFile' as it is up-to-date.
[        ] work action resolve package-aware-r.txt (project :image_picker_android) (Thread[Execution worker Thread 11,5,main]) started.
[        ] Resolve mutations for :mobile_scanner:compileDebugLibraryResources (Thread[Execution worker Thread 11,5,main]) started.
[        ] :mobile_scanner:compileDebugLibraryResources (Thread[Execution worker Thread 11,5,main]) started.
[        ] > Task :mobile_scanner:compileDebugLibraryResources UP-TO-DATE
[        ] Caching disabled for task ':mobile_scanner:compileDebugLibraryResources' because:
[        ]   Build cache is disabled
[        ] Skipping task ':mobile_scanner:compileDebugLibraryResources' as it is up-to-date.
[        ] work action resolve out (project :mobile_scanner) (Thread[Execution worker Thread 11,5,main]) started.
[        ] Resolve mutations for :mobile_scanner:parseDebugLocalResources (Thread[Execution worker Thread 11,5,main]) started.
[        ] :mobile_scanner:parseDebugLocalResources (Thread[Execution worker Thread 11,5,main]) started.
[  +79 ms] > Task :mobile_scanner:parseDebugLocalResources UP-TO-DATE
[        ] Caching disabled for task ':mobile_scanner:parseDebugLocalResources' because:
[        ]   Build cache is disabled
[        ] Skipping task ':mobile_scanner:parseDebugLocalResources' as it is up-to-date.
[        ] Resolve mutations for :mobile_scanner:generateDebugRFile (Thread[Execution worker Thread 11,5,main]) started.
[        ] :mobile_scanner:generateDebugRFile (Thread[Execution worker Thread 11,5,main]) started.
[        ] > Task :mobile_scanner:generateDebugRFile UP-TO-DATE
[        ] Caching disabled for task ':mobile_scanner:generateDebugRFile' because:
[        ]   Build cache is disabled
[        ] Skipping task ':mobile_scanner:generateDebugRFile' as it is up-to-date.
[        ] work action resolve package-aware-r.txt (project :mobile_scanner) (Thread[Execution worker Thread 11,5,main]) started.
[        ] Resolve mutations for :path_provider_android:compileDebugLibraryResources (Thread[Execution worker Thread 11,5,main]) started.
[        ] :path_provider_android:compileDebugLibraryResources (Thread[Execution worker Thread 11,5,main]) started.
[        ] > Task :path_provider_android:compileDebugLibraryResources UP-TO-DATE
[        ] Caching disabled for task ':path_provider_android:compileDebugLibraryResources' because:
[        ]   Build cache is disabled
[        ] Skipping task ':path_provider_android:compileDebugLibraryResources' as it is up-to-date.
[        ] work action resolve out (project :path_provider_android) (Thread[Execution worker Thread 11,5,main]) started.
[        ] Resolve mutations for :path_provider_android:parseDebugLocalResources (Thread[Execution worker Thread 11,5,main]) started.
[        ] :path_provider_android:parseDebugLocalResources (Thread[Execution worker Thread 11,5,main]) started.
[        ] > Task :path_provider_android:parseDebugLocalResources UP-TO-DATE
[        ] Caching disabled for task ':path_provider_android:parseDebugLocalResources' because:
[        ]   Build cache is disabled
[        ] Skipping task ':path_provider_android:parseDebugLocalResources' as it is up-to-date.
[        ] Resolve mutations for :path_provider_android:generateDebugRFile (Thread[Execution worker Thread 11,5,main]) started.
[        ] :path_provider_android:generateDebugRFile (Thread[Execution worker Thread 11,5,main]) started.
[        ] > Task :path_provider_android:generateDebugRFile UP-TO-DATE
[        ] Caching disabled for task ':path_provider_android:generateDebugRFile' because:
[        ]   Build cache is disabled
[        ] Skipping task ':path_provider_android:generateDebugRFile' as it is up-to-date.
[        ] work action resolve package-aware-r.txt (project :path_provider_android) (Thread[Execution worker Thread 11,5,main]) started.
[        ] Resolve mutations for :permission_handler_android:compileDebugLibraryResources (Thread[Execution worker Thread 11,5,main]) started.
[        ] :permission_handler_android:compileDebugLibraryResources (Thread[Execution worker Thread 11,5,main]) started.
[        ] > Task :permission_handler_android:compileDebugLibraryResources UP-TO-DATE
[        ] Caching disabled for task ':permission_handler_android:compileDebugLibraryResources' because:
[        ]   Build cache is disabled
[        ] Skipping task ':permission_handler_android:compileDebugLibraryResources' as it is up-to-date.
[        ] work action resolve out (project :permission_handler_android) (Thread[Execution worker Thread 11,5,main]) started.
[        ] Resolve mutations for :permission_handler_android:parseDebugLocalResources (Thread[Execution worker Thread 11,5,main]) started.
[        ] :permission_handler_android:parseDebugLocalResources (Thread[Execution worker Thread 11,5,main]) started.
[        ] > Task :permission_handler_android:parseDebugLocalResources UP-TO-DATE
[        ] Caching disabled for task ':permission_handler_android:parseDebugLocalResources' because:
[        ]   Build cache is disabled
[        ] Skipping task ':permission_handler_android:parseDebugLocalResources' as it is up-to-date.
[        ] Resolve mutations for :permission_handler_android:generateDebugRFile (Thread[Execution worker Thread 11,5,main]) started.
[        ] :permission_handler_android:generateDebugRFile (Thread[Execution worker Thread 11,5,main]) started.
[        ] > Task :permission_handler_android:generateDebugRFile UP-TO-DATE
[        ] Caching disabled for task ':permission_handler_android:generateDebugRFile' because:
[        ]   Build cache is disabled
[        ] Skipping task ':permission_handler_android:generateDebugRFile' as it is up-to-date.
[        ] work action resolve package-aware-r.txt (project :permission_handler_android) (Thread[Execution worker Thread 11,5,main]) started.
[        ] Resolve mutations for :speech_to_text:compileDebugLibraryResources (Thread[Execution worker Thread 11,5,main]) started.
[        ] :speech_to_text:compileDebugLibraryResources (Thread[Execution worker Thread 11,5,main]) started.
[        ] > Task :speech_to_text:compileDebugLibraryResources UP-TO-DATE
[        ] Caching disabled for task ':speech_to_text:compileDebugLibraryResources' because:
[        ]   Build cache is disabled
[        ] Skipping task ':speech_to_text:compileDebugLibraryResources' as it is up-to-date.
[        ] work action resolve out (project :speech_to_text) (Thread[Execution worker Thread 11,5,main]) started.
[        ] Resolve mutations for :speech_to_text:parseDebugLocalResources (Thread[Execution worker,5,main]) started.
[        ] :speech_to_text:parseDebugLocalResources (Thread[Execution worker,5,main]) started.
[        ] > Task :speech_to_text:parseDebugLocalResources UP-TO-DATE
[        ] Caching disabled for task ':speech_to_text:parseDebugLocalResources' because:
[        ]   Build cache is disabled
[        ] Skipping task ':speech_to_text:parseDebugLocalResources' as it is up-to-date.
[        ] Resolve mutations for :speech_to_text:generateDebugRFile (Thread[Execution worker,5,main]) started.
[        ] :speech_to_text:generateDebugRFile (Thread[Execution worker,5,main]) started.
[        ] > Task :speech_to_text:generateDebugRFile UP-TO-DATE
[        ] Caching disabled for task ':speech_to_text:generateDebugRFile' because:
[        ]   Build cache is disabled
[        ] Skipping task ':speech_to_text:generateDebugRFile' as it is up-to-date.
[        ] work action resolve package-aware-r.txt (project :speech_to_text) (Thread[Execution worker,5,main]) started.
[        ] Resolve mutations for :app:processDebugResources (Thread[Execution worker Thread 5,5,main]) started.
[        ] :app:processDebugResources (Thread[Execution worker Thread 5,5,main]) started.
[        ] > Task :app:processDebugResources UP-TO-DATE
[        ] Caching disabled for task ':app:processDebugResources' because:
[        ]   Build cache is disabled
[        ] Skipping task ':app:processDebugResources' as it is up-to-date.
[        ] Resolve mutations for :connectivity_plus:javaPreCompileDebug (Thread[Execution worker Thread 5,5,main]) started.
[        ] :connectivity_plus:javaPreCompileDebug (Thread[Execution worker Thread 5,5,main]) started.
[        ] > Task :connectivity_plus:javaPreCompileDebug UP-TO-DATE
[        ] Caching disabled for task ':connectivity_plus:javaPreCompileDebug' because:
[        ]   Build cache is disabled
[        ] Skipping task ':connectivity_plus:javaPreCompileDebug' as it is up-to-date.
[        ] Resolve mutations for :connectivity_plus:compileDebugJavaWithJavac (Thread[Execution worker Thread 5,5,main]) started.
[        ] :connectivity_plus:compileDebugJavaWithJavac (Thread[Execution worker,5,main]) started.
[  +80 ms] > Task :connectivity_plus:compileDebugJavaWithJavac UP-TO-DATE
[        ] Custom actions are attached to task ':connectivity_plus:compileDebugJavaWithJavac'.
[        ] Caching disabled for task ':connectivity_plus:compileDebugJavaWithJavac' because:
[        ]   Build cache is disabled
[        ] Skipping task ':connectivity_plus:compileDebugJavaWithJavac' as it is up-to-date.
[        ] No compile result for :connectivity_plus:compileDebugJavaWithJavac
[        ] No compile result for :connectivity_plus:compileDebugJavaWithJavac
[        ] No compile result for :connectivity_plus:compileDebugJavaWithJavac
[        ] Resolve mutations for :connectivity_plus:bundleLibCompileToJarDebug (Thread[Execution worker,5,main]) started.
[        ] :connectivity_plus:bundleLibCompileToJarDebug (Thread[Execution worker,5,main]) started.
[        ] > Task :connectivity_plus:bundleLibCompileToJarDebug UP-TO-DATE
[        ] Caching disabled for task ':connectivity_plus:bundleLibCompileToJarDebug' because:
[        ]   Build cache is disabled
[        ]   Simple merging task
[        ] Skipping task ':connectivity_plus:bundleLibCompileToJarDebug' as it is up-to-date.
[        ] work action resolve classes.jar (project :connectivity_plus) (Thread[Execution worker,5,main]) started.
[        ] Resolve mutations for :flutter_local_notifications:javaPreCompileDebug (Thread[Execution worker,5,main]) started.
[        ] :flutter_local_notifications:javaPreCompileDebug (Thread[Execution worker,5,main]) started.
[        ] > Task :flutter_local_notifications:javaPreCompileDebug UP-TO-DATE
[        ] Caching disabled for task ':flutter_local_notifications:javaPreCompileDebug' because:
[        ]   Build cache is disabled
[        ] Skipping task ':flutter_local_notifications:javaPreCompileDebug' as it is up-to-date.
[        ] Resolve mutations for :flutter_local_notifications:compileDebugJavaWithJavac (Thread[Execution worker,5,main]) started.
[        ] :flutter_local_notifications:compileDebugJavaWithJavac (Thread[Execution worker,5,main]) started.
[        ] > Task :flutter_local_notifications:compileDebugJavaWithJavac UP-TO-DATE
[        ] Custom actions are attached to task ':flutter_local_notifications:compileDebugJavaWithJavac'.
[        ] Caching disabled for task ':flutter_local_notifications:compileDebugJavaWithJavac' because:
[        ]   Build cache is disabled
[        ] Skipping task ':flutter_local_notifications:compileDebugJavaWithJavac' as it is up-to-date.
[        ] No compile result for :flutter_local_notifications:compileDebugJavaWithJavac
[        ] No compile result for :flutter_local_notifications:compileDebugJavaWithJavac
[        ] No compile result for :flutter_local_notifications:compileDebugJavaWithJavac
[        ] Resolve mutations for :flutter_local_notifications:bundleLibCompileToJarDebug (Thread[Execution worker,5,main]) started.
[        ] :flutter_local_notifications:bundleLibCompileToJarDebug (Thread[Execution worker,5,main]) started.
[        ] > Task :flutter_local_notifications:bundleLibCompileToJarDebug UP-TO-DATE
[        ] Caching disabled for task ':flutter_local_notifications:bundleLibCompileToJarDebug' because:
[        ]   Build cache is disabled
[        ]   Simple merging task
[        ] Skipping task ':flutter_local_notifications:bundleLibCompileToJarDebug' as it is up-to-date.
[        ] work action resolve classes.jar (project :flutter_local_notifications) (Thread[Execution worker,5,main]) started.
[        ] Resolve mutations for :flutter_native_splash:javaPreCompileDebug (Thread[Execution worker,5,main]) started.
[        ] :flutter_native_splash:javaPreCompileDebug (Thread[Execution worker,5,main]) started.
[        ] > Task :flutter_native_splash:javaPreCompileDebug UP-TO-DATE
[        ] Caching disabled for task ':flutter_native_splash:javaPreCompileDebug' because:
[        ]   Build cache is disabled
[        ] Skipping task ':flutter_native_splash:javaPreCompileDebug' as it is up-to-date.
[        ] Resolve mutations for :flutter_native_splash:compileDebugJavaWithJavac (Thread[Execution worker,5,main]) started.
[        ] :flutter_native_splash:compileDebugJavaWithJavac (Thread[Execution worker,5,main]) started.
[  +85 ms] > Task :flutter_native_splash:compileDebugJavaWithJavac UP-TO-DATE
[        ] Custom actions are attached to task ':flutter_native_splash:compileDebugJavaWithJavac'.
[        ] Caching disabled for task ':flutter_native_splash:compileDebugJavaWithJavac' because:
[        ]   Build cache is disabled
[        ] Skipping task ':flutter_native_splash:compileDebugJavaWithJavac' as it is up-to-date.
[        ] No compile result for :flutter_native_splash:compileDebugJavaWithJavac
[        ] No compile result for :flutter_native_splash:compileDebugJavaWithJavac
[        ] No compile result for :flutter_native_splash:compileDebugJavaWithJavac
[        ] Resolve mutations for :flutter_native_splash:bundleLibCompileToJarDebug (Thread[Execution worker,5,main]) started.
[        ] :flutter_native_splash:bundleLibCompileToJarDebug (Thread[Execution worker,5,main]) started.
[        ] > Task :flutter_native_splash:bundleLibCompileToJarDebug UP-TO-DATE
[        ] Caching disabled for task ':flutter_native_splash:bundleLibCompileToJarDebug' because:
[        ]   Build cache is disabled
[        ]   Simple merging task
[        ] Skipping task ':flutter_native_splash:bundleLibCompileToJarDebug' as it is up-to-date.
[        ] work action resolve classes.jar (project :flutter_native_splash) (Thread[Execution worker,5,main]) started.
[        ] Resolve mutations for :flutter_plugin_android_lifecycle:javaPreCompileDebug (Thread[Execution worker,5,main]) started.
[        ] :flutter_plugin_android_lifecycle:javaPreCompileDebug (Thread[Execution worker Thread 4,5,main]) started.
[        ] > Task :flutter_plugin_android_lifecycle:javaPreCompileDebug UP-TO-DATE
[        ] Caching disabled for task ':flutter_plugin_android_lifecycle:javaPreCompileDebug' because:
[        ]   Build cache is disabled
[        ] Skipping task ':flutter_plugin_android_lifecycle:javaPreCompileDebug' as it is up-to-date.
[        ] Resolve mutations for :flutter_plugin_android_lifecycle:compileDebugJavaWithJavac (Thread[Execution worker Thread 4,5,main]) started.
[        ] :flutter_plugin_android_lifecycle:compileDebugJavaWithJavac (Thread[Execution worker Thread 4,5,main]) started.
[        ] > Task :flutter_plugin_android_lifecycle:compileDebugJavaWithJavac UP-TO-DATE
[        ] Custom actions are attached to task ':flutter_plugin_android_lifecycle:compileDebugJavaWithJavac'.
[        ] Caching disabled for task ':flutter_plugin_android_lifecycle:compileDebugJavaWithJavac' because:
[        ]   Build cache is disabled
[        ] Skipping task ':flutter_plugin_android_lifecycle:compileDebugJavaWithJavac' as it is up-to-date.
[        ] No compile result for :flutter_plugin_android_lifecycle:compileDebugJavaWithJavac
[        ] No compile result for :flutter_plugin_android_lifecycle:compileDebugJavaWithJavac
[        ] No compile result for :flutter_plugin_android_lifecycle:compileDebugJavaWithJavac
[        ] Resolve mutations for :flutter_plugin_android_lifecycle:bundleLibCompileToJarDebug (Thread[Execution worker Thread 4,5,main]) started.
[        ] :flutter_plugin_android_lifecycle:bundleLibCompileToJarDebug (Thread[Execution worker Thread 4,5,main]) started.
[        ] > Task :flutter_plugin_android_lifecycle:bundleLibCompileToJarDebug UP-TO-DATE
[        ] Caching disabled for task ':flutter_plugin_android_lifecycle:bundleLibCompileToJarDebug' because:
[        ]   Build cache is disabled
[        ]   Simple merging task
[        ] Skipping task ':flutter_plugin_android_lifecycle:bundleLibCompileToJarDebug' as it is up-to-date.
[        ] work action resolve classes.jar (project :flutter_plugin_android_lifecycle) (Thread[Execution worker Thread 4,5,main]) started.
[        ] Resolve mutations for :google_mlkit_commons:javaPreCompileDebug (Thread[Execution worker Thread 4,5,main]) started.
[        ] :google_mlkit_commons:javaPreCompileDebug (Thread[Execution worker Thread 4,5,main]) started.
[        ] > Task :google_mlkit_commons:javaPreCompileDebug UP-TO-DATE
[        ] Caching disabled for task ':google_mlkit_commons:javaPreCompileDebug' because:
[        ]   Build cache is disabled
[        ] Skipping task ':google_mlkit_commons:javaPreCompileDebug' as it is up-to-date.
[        ] Resolve mutations for :google_mlkit_commons:compileDebugJavaWithJavac (Thread[Execution worker,5,main]) started.
[        ] :google_mlkit_commons:compileDebugJavaWithJavac (Thread[Execution worker,5,main]) started.
[        ] > Task :google_mlkit_commons:compileDebugJavaWithJavac UP-TO-DATE
[        ] Custom actions are attached to task ':google_mlkit_commons:compileDebugJavaWithJavac'.
[        ] Caching disabled for task ':google_mlkit_commons:compileDebugJavaWithJavac' because:
[        ]   Build cache is disabled
[        ] Skipping task ':google_mlkit_commons:compileDebugJavaWithJavac' as it is up-to-date.
[        ] No compile result for :google_mlkit_commons:compileDebugJavaWithJavac
[        ] No compile result for :google_mlkit_commons:compileDebugJavaWithJavac
[        ] No compile result for :google_mlkit_commons:compileDebugJavaWithJavac
[        ] Resolve mutations for :google_mlkit_commons:bundleLibCompileToJarDebug (Thread[Execution worker,5,main]) started.
[        ] :google_mlkit_commons:bundleLibCompileToJarDebug (Thread[Execution worker,5,main]) started.
[        ] > Task :google_mlkit_commons:bundleLibCompileToJarDebug UP-TO-DATE
[        ] Caching disabled for task ':google_mlkit_commons:bundleLibCompileToJarDebug' because:
[        ]   Build cache is disabled
[        ]   Simple merging task
[        ] Skipping task ':google_mlkit_commons:bundleLibCompileToJarDebug' as it is up-to-date.
[        ] work action resolve classes.jar (project :google_mlkit_commons) (Thread[Execution worker Thread 8,5,main]) started.
[        ] Resolve mutations for :google_mlkit_text_recognition:javaPreCompileDebug (Thread[Execution worker Thread 8,5,main]) started.
[        ] :google_mlkit_text_recognition:javaPreCompileDebug (Thread[Execution worker Thread 8,5,main]) started.
[  +92 ms] > Task :google_mlkit_text_recognition:javaPreCompileDebug UP-TO-DATE
[        ] Caching disabled for task ':google_mlkit_text_recognition:javaPreCompileDebug' because:
[        ]   Build cache is disabled
[        ] Skipping task ':google_mlkit_text_recognition:javaPreCompileDebug' as it is up-to-date.
[        ] Resolve mutations for :google_mlkit_text_recognition:compileDebugJavaWithJavac (Thread[Execution worker Thread 8,5,main]) started.
[        ] :google_mlkit_text_recognition:compileDebugJavaWithJavac (Thread[Execution worker Thread 8,5,main]) started.
[        ] > Task :google_mlkit_text_recognition:compileDebugJavaWithJavac UP-TO-DATE
[        ] Custom actions are attached to task ':google_mlkit_text_recognition:compileDebugJavaWithJavac'.
[        ] Caching disabled for task ':google_mlkit_text_recognition:compileDebugJavaWithJavac' because:
[        ]   Build cache is disabled
[        ] Skipping task ':google_mlkit_text_recognition:compileDebugJavaWithJavac' as it is up-to-date.
[        ] No compile result for :google_mlkit_text_recognition:compileDebugJavaWithJavac
[        ] No compile result for :google_mlkit_text_recognition:compileDebugJavaWithJavac
[        ] No compile result for :google_mlkit_text_recognition:compileDebugJavaWithJavac
[        ] Resolve mutations for :google_mlkit_text_recognition:bundleLibCompileToJarDebug (Thread[Execution worker Thread 8,5,main]) started.
[        ] :google_mlkit_text_recognition:bundleLibCompileToJarDebug (Thread[Execution worker Thread 8,5,main]) started.
[        ] > Task :google_mlkit_text_recognition:bundleLibCompileToJarDebug UP-TO-DATE
[        ] Caching disabled for task ':google_mlkit_text_recognition:bundleLibCompileToJarDebug' because:
[        ]   Build cache is disabled
[        ]   Simple merging task
[        ] Skipping task ':google_mlkit_text_recognition:bundleLibCompileToJarDebug' as it is up-to-date.
[        ] work action resolve classes.jar (project :google_mlkit_text_recognition) (Thread[Execution worker Thread 8,5,main]) started.
[        ] Resolve mutations for :image_picker_android:javaPreCompileDebug (Thread[Execution worker Thread 8,5,main]) started.
[        ] :image_picker_android:javaPreCompileDebug (Thread[Execution worker,5,main]) started.
[        ] > Task :image_picker_android:javaPreCompileDebug UP-TO-DATE
[        ] Caching disabled for task ':image_picker_android:javaPreCompileDebug' because:
[        ]   Build cache is disabled
[        ] Skipping task ':image_picker_android:javaPreCompileDebug' as it is up-to-date.
[        ] Resolve mutations for :image_picker_android:compileDebugJavaWithJavac (Thread[Execution worker,5,main]) started.
[        ] :image_picker_android:compileDebugJavaWithJavac (Thread[Execution worker,5,main]) started.
[ +100 ms] > Task :image_picker_android:compileDebugJavaWithJavac UP-TO-DATE
[        ] Custom actions are attached to task ':image_picker_android:compileDebugJavaWithJavac'.
[        ] Caching disabled for task ':image_picker_android:compileDebugJavaWithJavac' because:
[        ]   Build cache is disabled
[        ] Skipping task ':image_picker_android:compileDebugJavaWithJavac' as it is up-to-date.
[        ] No compile result for :image_picker_android:compileDebugJavaWithJavac
[        ] No compile result for :image_picker_android:compileDebugJavaWithJavac
[        ] No compile result for :image_picker_android:compileDebugJavaWithJavac
[        ] Resolve mutations for :image_picker_android:bundleLibCompileToJarDebug (Thread[Execution worker,5,main]) started.
[        ] :image_picker_android:bundleLibCompileToJarDebug (Thread[Execution worker Thread 10,5,main]) started.
[        ] > Task :image_picker_android:bundleLibCompileToJarDebug UP-TO-DATE
[        ] Caching disabled for task ':image_picker_android:bundleLibCompileToJarDebug' because:
[        ]   Build cache is disabled
[        ]   Simple merging task
[        ] Skipping task ':image_picker_android:bundleLibCompileToJarDebug' as it is up-to-date.
[        ] work action resolve classes.jar (project :image_picker_android) (Thread[Execution worker Thread 10,5,main]) started.
[        ] Resolve mutations for :mobile_scanner:checkKotlinGradlePluginConfigurationErrors (Thread[Execution worker Thread 10,5,main]) started.
[        ] :mobile_scanner:checkKotlinGradlePluginConfigurationErrors (Thread[Execution worker Thread 10,5,main]) started.
[        ] > Task :mobile_scanner:checkKotlinGradlePluginConfigurationErrors SKIPPED
[        ] Skipping task ':mobile_scanner:checkKotlinGradlePluginConfigurationErrors' as task onlyIf 'errorDiagnostics are present' is false.
[        ] Resolve mutations for :mobile_scanner:compileDebugKotlin (Thread[Execution worker Thread 10,5,main]) started.
[        ] :mobile_scanner:compileDebugKotlin (Thread[Execution worker Thread 10,5,main]) started.
[  +88 ms] > Task :mobile_scanner:compileDebugKotlin UP-TO-DATE
[        ] GradleBuildProject.Builder should not be accessed through AnalyticsConfiguratorService after AnalyticsService is created. Analytics information of this build might be incomplete.
[        ] Caching disabled for task ':mobile_scanner:compileDebugKotlin' because:
[        ]   Build cache is disabled
[        ] Skipping task ':mobile_scanner:compileDebugKotlin' as it is up-to-date.
[        ] Resolve mutations for :mobile_scanner:javaPreCompileDebug (Thread[Execution worker Thread 10,5,main]) started.
[        ] :mobile_scanner:javaPreCompileDebug (Thread[Execution worker Thread 10,5,main]) started.
[        ] > Task :mobile_scanner:javaPreCompileDebug UP-TO-DATE
[        ] Caching disabled for task ':mobile_scanner:javaPreCompileDebug' because:
[        ]   Build cache is disabled
[        ] Skipping task ':mobile_scanner:javaPreCompileDebug' as it is up-to-date.
[        ] Resolve mutations for :mobile_scanner:compileDebugJavaWithJavac (Thread[Execution worker Thread 10,5,main]) started.
[        ] :mobile_scanner:compileDebugJavaWithJavac (Thread[Execution worker Thread 10,5,main]) started.
[        ] > Task :mobile_scanner:compileDebugJavaWithJavac NO-SOURCE
[        ] Skipping task ':mobile_scanner:compileDebugJavaWithJavac' as it has no source files and no previous output files.
[        ] Resolve mutations for :mobile_scanner:bundleLibCompileToJarDebug (Thread[Execution worker Thread 10,5,main]) started.
[        ] :mobile_scanner:bundleLibCompileToJarDebug (Thread[Execution worker Thread 10,5,main]) started.
[        ] > Task :mobile_scanner:bundleLibCompileToJarDebug UP-TO-DATE
[        ] Caching disabled for task ':mobile_scanner:bundleLibCompileToJarDebug' because:
[        ]   Build cache is disabled
[        ]   Simple merging task
[        ] Skipping task ':mobile_scanner:bundleLibCompileToJarDebug' as it is up-to-date.
[        ] work action resolve classes.jar (project :mobile_scanner) (Thread[Execution worker Thread 10,5,main]) started.
[        ] Resolve mutations for :path_provider_android:javaPreCompileDebug (Thread[Execution worker Thread 10,5,main]) started.
[        ] :path_provider_android:javaPreCompileDebug (Thread[Execution worker Thread 10,5,main]) started.
[        ] > Task :path_provider_android:javaPreCompileDebug UP-TO-DATE
[        ] Caching disabled for task ':path_provider_android:javaPreCompileDebug' because:
[        ]   Build cache is disabled
[        ] Skipping task ':path_provider_android:javaPreCompileDebug' as it is up-to-date.
[        ] Resolve mutations for :path_provider_android:compileDebugJavaWithJavac (Thread[Execution worker Thread 10,5,main]) started.
[        ] :path_provider_android:compileDebugJavaWithJavac (Thread[Execution worker Thread 10,5,main]) started.
[        ] > Task :path_provider_android:compileDebugJavaWithJavac UP-TO-DATE
[        ] Custom actions are attached to task ':path_provider_android:compileDebugJavaWithJavac'.
[        ] Caching disabled for task ':path_provider_android:compileDebugJavaWithJavac' because:
[        ]   Build cache is disabled
[        ] Skipping task ':path_provider_android:compileDebugJavaWithJavac' as it is up-to-date.
[        ] No compile result for :path_provider_android:compileDebugJavaWithJavac
[        ] No compile result for :path_provider_android:compileDebugJavaWithJavac
[        ] No compile result for :path_provider_android:compileDebugJavaWithJavac
[        ] Resolve mutations for :path_provider_android:bundleLibCompileToJarDebug (Thread[Execution worker Thread 10,5,main]) started.
[        ] :path_provider_android:bundleLibCompileToJarDebug (Thread[Execution worker Thread 10,5,main]) started.
[        ] > Task :path_provider_android:bundleLibCompileToJarDebug UP-TO-DATE
[        ] Caching disabled for task ':path_provider_android:bundleLibCompileToJarDebug' because:
[        ]   Build cache is disabled
[        ]   Simple merging task
[        ] Skipping task ':path_provider_android:bundleLibCompileToJarDebug' as it is up-to-date.
[        ] work action resolve classes.jar (project :path_provider_android) (Thread[Execution worker Thread 10,5,main]) started.
[        ] Resolve mutations for :permission_handler_android:javaPreCompileDebug (Thread[Execution worker Thread 7,5,main]) started.
[        ] :permission_handler_android:javaPreCompileDebug (Thread[Execution worker Thread 7,5,main]) started.
[        ] > Task :permission_handler_android:javaPreCompileDebug UP-TO-DATE
[        ] Caching disabled for task ':permission_handler_android:javaPreCompileDebug' because:
[        ]   Build cache is disabled
[        ] Skipping task ':permission_handler_android:javaPreCompileDebug' as it is up-to-date.
[        ] Resolve mutations for :permission_handler_android:compileDebugJavaWithJavac (Thread[Execution worker Thread 7,5,main]) started.
[        ] :permission_handler_android:compileDebugJavaWithJavac (Thread[Execution worker Thread 7,5,main]) started.
[        ] > Task :permission_handler_android:compileDebugJavaWithJavac UP-TO-DATE
[        ] Custom actions are attached to task ':permission_handler_android:compileDebugJavaWithJavac'.
[        ] Caching disabled for task ':permission_handler_android:compileDebugJavaWithJavac' because:
[        ]   Build cache is disabled
[        ] Skipping task ':permission_handler_android:compileDebugJavaWithJavac' as it is up-to-date.
[        ] No compile result for :permission_handler_android:compileDebugJavaWithJavac
[        ] No compile result for :permission_handler_android:compileDebugJavaWithJavac
[        ] No compile result for :permission_handler_android:compileDebugJavaWithJavac
[        ] Resolve mutations for :permission_handler_android:bundleLibCompileToJarDebug (Thread[Execution worker Thread 7,5,main]) started.
[        ] :permission_handler_android:bundleLibCompileToJarDebug (Thread[Execution worker Thread 7,5,main]) started.
[        ] > Task :permission_handler_android:bundleLibCompileToJarDebug UP-TO-DATE
[        ] Caching disabled for task ':permission_handler_android:bundleLibCompileToJarDebug' because:
[        ]   Build cache is disabled
[        ]   Simple merging task
[        ] Skipping task ':permission_handler_android:bundleLibCompileToJarDebug' as it is up-to-date.
[        ] work action resolve classes.jar (project :permission_handler_android) (Thread[Execution worker Thread 7,5,main]) started.
[        ] Resolve mutations for :speech_to_text:checkKotlinGradlePluginConfigurationErrors (Thread[Execution worker Thread 7,5,main]) started.
[        ] :speech_to_text:checkKotlinGradlePluginConfigurationErrors (Thread[Execution worker Thread 7,5,main]) started.
[        ] > Task :speech_to_text:checkKotlinGradlePluginConfigurationErrors SKIPPED
[        ] Skipping task ':speech_to_text:checkKotlinGradlePluginConfigurationErrors' as task onlyIf 'errorDiagnostics are present' is false.
[        ] Resolve mutations for :speech_to_text:compileDebugKotlin (Thread[Execution worker Thread 7,5,main]) started.
[        ] :speech_to_text:compileDebugKotlin (Thread[Execution worker Thread 7,5,main]) started.
[  +94 ms] > Task :speech_to_text:compileDebugKotlin UP-TO-DATE
[        ] GradleBuildProject.Builder should not be accessed through AnalyticsConfiguratorService after AnalyticsService is created. Analytics information of this build might be incomplete.
[        ] Caching disabled for task ':speech_to_text:compileDebugKotlin' because:
[        ]   Build cache is disabled
[        ] Skipping task ':speech_to_text:compileDebugKotlin' as it is up-to-date.
[        ] Resolve mutations for :speech_to_text:javaPreCompileDebug (Thread[Execution worker Thread 7,5,main]) started.
[        ] :speech_to_text:javaPreCompileDebug (Thread[Execution worker Thread 7,5,main]) started.
[        ] > Task :speech_to_text:javaPreCompileDebug UP-TO-DATE
[        ] Caching disabled for task ':speech_to_text:javaPreCompileDebug' because:
[        ]   Build cache is disabled
[        ] Skipping task ':speech_to_text:javaPreCompileDebug' as it is up-to-date.
[        ] Resolve mutations for :speech_to_text:compileDebugJavaWithJavac (Thread[Execution worker Thread 7,5,main]) started.
[        ] :speech_to_text:compileDebugJavaWithJavac (Thread[Execution worker Thread 7,5,main]) started.
[        ] > Task :speech_to_text:compileDebugJavaWithJavac NO-SOURCE
[        ] Skipping task ':speech_to_text:compileDebugJavaWithJavac' as it has no source files and no previous output files.
[        ] Resolve mutations for :speech_to_text:bundleLibCompileToJarDebug (Thread[Execution worker Thread 7,5,main]) started.
[        ] :speech_to_text:bundleLibCompileToJarDebug (Thread[Execution worker Thread 7,5,main]) started.
[        ] > Task :speech_to_text:bundleLibCompileToJarDebug UP-TO-DATE
[        ] Caching disabled for task ':speech_to_text:bundleLibCompileToJarDebug' because:
[        ]   Build cache is disabled
[        ]   Simple merging task
[        ] Skipping task ':speech_to_text:bundleLibCompileToJarDebug' as it is up-to-date.
[        ] work action resolve classes.jar (project :speech_to_text) (Thread[Execution worker Thread 7,5,main]) started.
[        ] Resolve mutations for :app:compileDebugKotlin (Thread[Execution worker Thread 7,5,main]) started.
[        ] :app:compileDebugKotlin (Thread[Execution worker Thread 7,5,main]) started.
[        ] > Task :app:compileDebugKotlin UP-TO-DATE
[        ] GradleBuildProject.Builder should not be accessed through AnalyticsConfiguratorService after AnalyticsService is created. Analytics information of this build might be incomplete.
[        ] Caching disabled for task ':app:compileDebugKotlin' because:
[        ]   Build cache is disabled
[        ] Skipping task ':app:compileDebugKotlin' as it is up-to-date.
[        ] Resolve mutations for :app:javaPreCompileDebug (Thread[Execution worker Thread 7,5,main]) started.
[        ] :app:javaPreCompileDebug (Thread[Execution worker Thread 7,5,main]) started.
[        ] > Task :app:javaPreCompileDebug UP-TO-DATE
[        ] Caching disabled for task ':app:javaPreCompileDebug' because:
[        ]   Build cache is disabled
[        ] Skipping task ':app:javaPreCompileDebug' as it is up-to-date.
[        ] Resolve mutations for :app:compileDebugJavaWithJavac (Thread[Execution worker Thread 7,5,main]) started.
[        ] :app:compileDebugJavaWithJavac (Thread[Execution worker Thread 7,5,main]) started.
[        ] > Task :app:compileDebugJavaWithJavac UP-TO-DATE
[        ] Custom actions are attached to task ':app:compileDebugJavaWithJavac'.
[        ] Caching disabled for task ':app:compileDebugJavaWithJavac' because:
[        ]   Build cache is disabled
[        ] Skipping task ':app:compileDebugJavaWithJavac' as it is up-to-date.
[        ] No compile result for :app:compileDebugJavaWithJavac
[        ] No compile result for :app:compileDebugJavaWithJavac
[        ] No compile result for :app:compileDebugJavaWithJavac
[        ] Resolve mutations for :app:compressDebugAssets (Thread[Execution worker Thread 7,5,main]) started.
[        ] :app:compressDebugAssets (Thread[Execution worker Thread 7,5,main]) started.
[        ] > Task :app:compressDebugAssets UP-TO-DATE
[        ] Caching disabled for task ':app:compressDebugAssets' because:
[        ]   Build cache is disabled
[        ] Skipping task ':app:compressDebugAssets' as it is up-to-date.
[        ] Resolve mutations for :app:l8DexDesugarLibDebug (Thread[Execution worker Thread 7,5,main]) started.
[        ] :app:l8DexDesugarLibDebug (Thread[Execution worker Thread 7,5,main]) started.
[        ] > Task :app:l8DexDesugarLibDebug UP-TO-DATE
[        ] Caching disabled for task ':app:l8DexDesugarLibDebug' because:
[        ]   Build cache is disabled
[        ] Skipping task ':app:l8DexDesugarLibDebug' as it is up-to-date.
[        ] Resolve mutations for :app:processDebugJavaRes (Thread[Execution worker Thread 7,5,main]) started.
[        ] :app:processDebugJavaRes (Thread[Execution worker Thread 7,5,main]) started.
[        ] > Task :app:processDebugJavaRes UP-TO-DATE
[        ] file or directory 'D:\Flutter Data\Projects\noor-mostafa-main\android\app\src\main\resources', not found
[        ] file or directory 'D:\Flutter Data\Projects\noor-mostafa-main\android\app\src\debug\resources', not found
[        ] file or directory 'D:\Flutter Data\Projects\noor-mostafa-main\android\app\src\main\resources', not found
[        ] file or directory 'D:\Flutter Data\Projects\noor-mostafa-main\android\app\src\debug\resources', not found
[        ] Caching disabled for task ':app:processDebugJavaRes' because:
[        ]   Build cache is disabled
[        ]   Caching has been disabled for the task
[        ] Skipping task ':app:processDebugJavaRes' as it is up-to-date.
[        ] Resolve mutations for :connectivity_plus:processDebugJavaRes (Thread[Execution worker Thread 7,5,main]) started.
[        ] :connectivity_plus:processDebugJavaRes (Thread[Execution worker Thread 7,5,main]) started.
[        ] > Task :connectivity_plus:processDebugJavaRes NO-SOURCE
[        ] file or directory 'C:\Users\LENOVO\AppData\Local\Pub\Cache\hosted\pub.dev\connectivity_plus-6.1.5\android\src\main\resources', not found
[        ] file or directory 'C:\Users\LENOVO\AppData\Local\Pub\Cache\hosted\pub.dev\connectivity_plus-6.1.5\android\src\debug\resources', not found
[        ] Skipping task ':connectivity_plus:processDebugJavaRes' as it has no source files and no previous output files.
[        ] work action resolve out (project :connectivity_plus) (Thread[Execution worker Thread 7,5,main]) started.
[        ] Resolve mutations for :flutter_local_notifications:processDebugJavaRes (Thread[Execution worker Thread 7,5,main]) started.
[        ] :flutter_local_notifications:processDebugJavaRes (Thread[Execution worker Thread 7,5,main]) started.
[        ] > Task :flutter_local_notifications:processDebugJavaRes NO-SOURCE
[        ] file or directory 'C:\Users\LENOVO\AppData\Local\Pub\Cache\hosted\pub.dev\flutter_local_notifications-18.0.1\android\src\main\resources', not found
[        ] file or directory 'C:\Users\LENOVO\AppData\Local\Pub\Cache\hosted\pub.dev\flutter_local_notifications-18.0.1\android\src\debug\resources', not found
[        ] Skipping task ':flutter_local_notifications:processDebugJavaRes' as it has no source files and no previous output files.
[        ] work action resolve out (project :flutter_local_notifications) (Thread[Execution worker Thread 7,5,main]) started.
[        ] Resolve mutations for :flutter_native_splash:processDebugJavaRes (Thread[Execution worker Thread 7,5,main]) started.
[        ] :flutter_native_splash:processDebugJavaRes (Thread[Execution worker Thread 7,5,main]) started.
[        ] > Task :flutter_native_splash:processDebugJavaRes NO-SOURCE
[        ] file or directory 'C:\Users\LENOVO\AppData\Local\Pub\Cache\hosted\pub.dev\flutter_native_splash-2.4.7\android\src\main\resources', not found
[        ] file or directory 'C:\Users\LENOVO\AppData\Local\Pub\Cache\hosted\pub.dev\flutter_native_splash-2.4.7\android\src\debug\resources', not found
[        ] Skipping task ':flutter_native_splash:processDebugJavaRes' as it has no source files and no previous output files.
[        ] work action resolve out (project :flutter_native_splash) (Thread[Execution worker Thread 7,5,main]) started.
[        ] Resolve mutations for :flutter_plugin_android_lifecycle:processDebugJavaRes (Thread[Execution worker Thread 7,5,main]) started.
[        ] :flutter_plugin_android_lifecycle:processDebugJavaRes (Thread[Execution worker Thread 7,5,main]) started.
[        ] > Task :flutter_plugin_android_lifecycle:processDebugJavaRes NO-SOURCE
[        ] file or directory 'C:\Users\LENOVO\AppData\Local\Pub\Cache\hosted\pub.dev\flutter_plugin_android_lifecycle-2.0.31\android\src\main\resources', not found
[        ] file or directory 'C:\Users\LENOVO\AppData\Local\Pub\Cache\hosted\pub.dev\flutter_plugin_android_lifecycle-2.0.31\android\src\debug\resources', not found
[        ] Skipping task ':flutter_plugin_android_lifecycle:processDebugJavaRes' as it has no source files and no previous output files.
[        ] work action resolve out (project :flutter_plugin_android_lifecycle) (Thread[Execution worker Thread 7,5,main]) started.
[        ] Resolve mutations for :google_mlkit_commons:processDebugJavaRes (Thread[Execution worker Thread 7,5,main]) started.
[        ] :google_mlkit_commons:processDebugJavaRes (Thread[Execution worker Thread 7,5,main]) started.
[        ] > Task :google_mlkit_commons:processDebugJavaRes NO-SOURCE
[        ] file or directory 'C:\Users\LENOVO\AppData\Local\Pub\Cache\hosted\pub.dev\google_mlkit_commons-0.11.0\android\src\main\resources', not found
[        ] file or directory 'C:\Users\LENOVO\AppData\Local\Pub\Cache\hosted\pub.dev\google_mlkit_commons-0.11.0\android\src\debug\resources', not found
[        ] Skipping task ':google_mlkit_commons:processDebugJavaRes' as it has no source files and no previous output files.
[        ] work action resolve out (project :google_mlkit_commons) (Thread[Execution worker Thread 7,5,main]) started.
[        ] Resolve mutations for :google_mlkit_text_recognition:processDebugJavaRes (Thread[Execution worker Thread 7,5,main]) started.
[        ] :google_mlkit_text_recognition:processDebugJavaRes (Thread[Execution worker Thread 7,5,main]) started.
[  +73 ms] > Task :google_mlkit_text_recognition:processDebugJavaRes NO-SOURCE
[        ] file or directory 'C:\Users\LENOVO\AppData\Local\Pub\Cache\hosted\pub.dev\google_mlkit_text_recognition-0.15.0\android\src\main\resources', not found
[        ] file or directory 'C:\Users\LENOVO\AppData\Local\Pub\Cache\hosted\pub.dev\google_mlkit_text_recognition-0.15.0\android\src\debug\resources', not found
[        ] Skipping task ':google_mlkit_text_recognition:processDebugJavaRes' as it has no source files and no previous output files.
[        ] work action resolve out (project :google_mlkit_text_recognition) (Thread[Execution worker Thread 7,5,main]) started.
[        ] Resolve mutations for :image_picker_android:processDebugJavaRes (Thread[Execution worker Thread 7,5,main]) started.
[        ] :image_picker_android:processDebugJavaRes (Thread[Execution worker Thread 7,5,main]) started.
[        ] > Task :image_picker_android:processDebugJavaRes NO-SOURCE
[        ] file or directory 'C:\Users\LENOVO\AppData\Local\Pub\Cache\hosted\pub.dev\image_picker_android-0.8.13+1\android\src\main\resources', not found
[        ] file or directory 'C:\Users\LENOVO\AppData\Local\Pub\Cache\hosted\pub.dev\image_picker_android-0.8.13+1\android\src\debug\resources', not found
[        ] Skipping task ':image_picker_android:processDebugJavaRes' as it has no source files and no previous output files.
[        ] work action resolve out (project :image_picker_android) (Thread[Execution worker Thread 7,5,main]) started.
[        ] Resolve mutations for :mobile_scanner:processDebugJavaRes (Thread[Execution worker Thread 7,5,main]) started.
[        ] :mobile_scanner:processDebugJavaRes (Thread[Execution worker Thread 7,5,main]) started.
[        ] > Task :mobile_scanner:processDebugJavaRes UP-TO-DATE
[        ] file or directory 'C:\Users\LENOVO\AppData\Local\Pub\Cache\hosted\pub.dev\mobile_scanner-6.0.11\android\src\main\resources', not found
[        ] file or directory 'C:\Users\LENOVO\AppData\Local\Pub\Cache\hosted\pub.dev\mobile_scanner-6.0.11\android\src\debug\resources', not found
[        ] file or directory 'C:\Users\LENOVO\AppData\Local\Pub\Cache\hosted\pub.dev\mobile_scanner-6.0.11\android\src\main\resources', not found
[        ] file or directory 'C:\Users\LENOVO\AppData\Local\Pub\Cache\hosted\pub.dev\mobile_scanner-6.0.11\android\src\debug\resources', not found
[        ] Caching disabled for task ':mobile_scanner:processDebugJavaRes' because:
[        ]   Build cache is disabled
[        ]   Caching has been disabled for the task
[        ] Skipping task ':mobile_scanner:processDebugJavaRes' as it is up-to-date.
[        ] work action resolve out (project :mobile_scanner) (Thread[Execution worker Thread 7,5,main]) started.
[        ] Resolve mutations for :path_provider_android:processDebugJavaRes (Thread[Execution worker Thread 7,5,main]) started.
[        ] :path_provider_android:processDebugJavaRes (Thread[Execution worker Thread 7,5,main]) started.
[        ] > Task :path_provider_android:processDebugJavaRes NO-SOURCE
[        ] file or directory 'C:\Users\LENOVO\AppData\Local\Pub\Cache\hosted\pub.dev\path_provider_android-2.2.19\android\src\main\resources', not found
[        ] file or directory 'C:\Users\LENOVO\AppData\Local\Pub\Cache\hosted\pub.dev\path_provider_android-2.2.19\android\src\debug\resources', not found
[        ] Skipping task ':path_provider_android:processDebugJavaRes' as it has no source files and no previous output files.
[        ] work action resolve out (project :path_provider_android) (Thread[Execution worker Thread 7,5,main]) started.
[        ] Resolve mutations for :permission_handler_android:processDebugJavaRes (Thread[Execution worker Thread 7,5,main]) started.
[        ] :permission_handler_android:processDebugJavaRes (Thread[Execution worker Thread 7,5,main]) started.
[        ] > Task :permission_handler_android:processDebugJavaRes NO-SOURCE
[        ] file or directory 'C:\Users\LENOVO\AppData\Local\Pub\Cache\hosted\pub.dev\permission_handler_android-13.0.1\android\src\main\resources', not found
[        ] file or directory 'C:\Users\LENOVO\AppData\Local\Pub\Cache\hosted\pub.dev\permission_handler_android-13.0.1\android\src\debug\resources', not found
[        ] Skipping task ':permission_handler_android:processDebugJavaRes' as it has no source files and no previous output files.
[        ] work action resolve out (project :permission_handler_android) (Thread[Execution worker Thread 7,5,main]) started.
[        ] Resolve mutations for :speech_to_text:processDebugJavaRes (Thread[Execution worker Thread 7,5,main]) started.
[        ] :speech_to_text:processDebugJavaRes (Thread[Execution worker Thread 7,5,main]) started.
[        ] > Task :speech_to_text:processDebugJavaRes UP-TO-DATE
[        ] file or directory 'C:\Users\LENOVO\AppData\Local\Pub\Cache\hosted\pub.dev\speech_to_text-7.3.0\android\src\main\resources', not found
[        ] file or directory 'C:\Users\LENOVO\AppData\Local\Pub\Cache\hosted\pub.dev\speech_to_text-7.3.0\android\src\debug\resources', not found
[        ] file or directory 'C:\Users\LENOVO\AppData\Local\Pub\Cache\hosted\pub.dev\speech_to_text-7.3.0\android\src\main\resources', not found
[        ] file or directory 'C:\Users\LENOVO\AppData\Local\Pub\Cache\hosted\pub.dev\speech_to_text-7.3.0\android\src\debug\resources', not found
[        ] Caching disabled for task ':speech_to_text:processDebugJavaRes' because:
[        ]   Build cache is disabled
[        ]   Caching has been disabled for the task
[        ] Skipping task ':speech_to_text:processDebugJavaRes' as it is up-to-date.
[        ] work action resolve out (project :speech_to_text) (Thread[Execution worker Thread 7,5,main]) started.
[        ] Resolve mutations for :app:mergeDebugJavaResource (Thread[Execution worker Thread 7,5,main]) started.
[        ] :app:mergeDebugJavaResource (Thread[Execution worker Thread 7,5,main]) started.
[        ] > Task :app:mergeDebugJavaResource UP-TO-DATE
[        ] Caching disabled for task ':app:mergeDebugJavaResource' because:
[        ]   Build cache is disabled
[        ]   Caching has been disabled for the task
[        ] Skipping task ':app:mergeDebugJavaResource' as it is up-to-date.
[        ] Resolve mutations for :app:checkDebugDuplicateClasses (Thread[Execution worker Thread 7,5,main]) started.
[        ] :app:checkDebugDuplicateClasses (Thread[Execution worker Thread 7,5,main]) started.
[        ] > Task :app:checkDebugDuplicateClasses UP-TO-DATE
[        ] Caching disabled for task ':app:checkDebugDuplicateClasses' because:
[        ]   Build cache is disabled
[        ]   Caching has been disabled for the task
[        ] Skipping task ':app:checkDebugDuplicateClasses' as it is up-to-date.
[        ] Resolve mutations for :app:desugarDebugFileDependencies (Thread[Execution worker Thread 7,5,main]) started.
[        ] :app:desugarDebugFileDependencies (Thread[Execution worker Thread 7,5,main]) started.
[        ] > Task :app:desugarDebugFileDependencies UP-TO-DATE
[        ] Caching disabled for task ':app:desugarDebugFileDependencies' because:
[        ]   Build cache is disabled
[        ] Skipping task ':app:desugarDebugFileDependencies' as it is up-to-date.
[        ] Resolve mutations for :app:mergeExtDexDebug (Thread[Execution worker Thread 7,5,main]) started.
[        ] :app:mergeExtDexDebug (Thread[Execution worker Thread 7,5,main]) started.
[  +81 ms] > Task :app:mergeExtDexDebug UP-TO-DATE
[        ] Caching disabled for task ':app:mergeExtDexDebug' because:
[        ]   Build cache is disabled
[        ] Skipping task ':app:mergeExtDexDebug' as it is up-to-date.
[        ] Resolve mutations for :connectivity_plus:bundleLibRuntimeToJarDebug (Thread[Execution worker Thread 7,5,main]) started.
[        ] :connectivity_plus:bundleLibRuntimeToJarDebug (Thread[Execution worker Thread 7,5,main]) started.
[        ] > Task :connectivity_plus:bundleLibRuntimeToJarDebug UP-TO-DATE
[        ] Caching disabled for task ':connectivity_plus:bundleLibRuntimeToJarDebug' because:
[        ]   Build cache is disabled
[        ]   Simple merging task
[        ] Skipping task ':connectivity_plus:bundleLibRuntimeToJarDebug' as it is up-to-date.
[        ] work action resolve classes.jar (project :connectivity_plus) (Thread[Execution worker Thread 7,5,main]) started.
[        ] Resolve mutations for :flutter_local_notifications:bundleLibRuntimeToJarDebug (Thread[Execution worker Thread 5,5,main]) started.
[        ] DexingWithClasspathTransform (Thread[Execution worker Thread 7,5,main]) started.
[        ] :flutter_local_notifications:bundleLibRuntimeToJarDebug (Thread[Execution worker Thread 5,5,main]) started.
[        ] > Task :flutter_local_notifications:bundleLibRuntimeToJarDebug UP-TO-DATE
[        ] Caching disabled for task ':flutter_local_notifications:bundleLibRuntimeToJarDebug' because:
[        ]   Build cache is disabled
[        ]   Simple merging task
[        ] Skipping task ':flutter_local_notifications:bundleLibRuntimeToJarDebug' as it is up-to-date.
[        ] work action resolve classes.jar (project :flutter_local_notifications) (Thread[Execution worker Thread 5,5,main]) started.
[        ] DexingWithClasspathTransform (Thread[Execution worker Thread 5,5,main]) started.
[        ] Resolve mutations for :flutter_native_splash:bundleLibRuntimeToJarDebug (Thread[Execution worker,5,main]) started.
[        ] :flutter_native_splash:bundleLibRuntimeToJarDebug (Thread[Execution worker,5,main]) started.
[        ] > Transform classes.jar (project :connectivity_plus) with DexingWithClasspathTransform
[        ] Caching disabled for DexingWithClasspathTransform: C:\Users\LENOVO\AppData\Local\Pub\Cache\hosted\pub.dev\connectivity_plus-6.1.5\android\build\intermediates\runtime_library_classes_jar\debug\bundleLibRuntimeToJarDebug\classes.jar because:
[        ]   Build cache is disabled
[        ] Skipping DexingWithClasspathTransform: C:\Users\LENOVO\AppData\Local\Pub\Cache\hosted\pub.dev\connectivity_plus-6.1.5\android\build\intermediates\runtime_library_classes_jar\debug\bundleLibRuntimeToJarDebug\classes.jar as it is up-to-date.
[        ] > Task :flutter_native_splash:bundleLibRuntimeToJarDebug UP-TO-DATE
[        ] Caching disabled for task ':flutter_native_splash:bundleLibRuntimeToJarDebug' because:
[        ]   Build cache is disabled
[        ]   Simple merging task
[        ] Skipping task ':flutter_native_splash:bundleLibRuntimeToJarDebug' as it is up-to-date.
[        ] work action resolve classes.jar (project :flutter_native_splash) (Thread[Execution worker,5,main]) started.
[        ] DexingWithClasspathTransform (Thread[Execution worker,5,main]) started.
[        ] Resolve mutations for :image_picker_android:bundleLibRuntimeToJarDebug (Thread[Execution worker Thread 2,5,main]) started.
[        ] :image_picker_android:bundleLibRuntimeToJarDebug (Thread[Execution worker Thread 2,5,main]) started.
[        ] > Transform classes.jar (project :flutter_local_notifications) with DexingWithClasspathTransform
[        ] Caching disabled for DexingWithClasspathTransform: C:\Users\LENOVO\AppData\Local\Pub\Cache\hosted\pub.dev\flutter_local_notifications-18.0.1\android\build\intermediates\runtime_library_classes_jar\debug\bundleLibRuntimeToJarDebug\classes.jar because:
[        ]   Build cache is disabled
[        ] Skipping DexingWithClasspathTransform: C:\Users\LENOVO\AppData\Local\Pub\Cache\hosted\pub.dev\flutter_local_notifications-18.0.1\android\build\intermediates\runtime_library_classes_jar\debug\bundleLibRuntimeToJarDebug\classes.jar as it is up-to-date.
[        ] > Task :image_picker_android:bundleLibRuntimeToJarDebug UP-TO-DATE
[        ] Caching disabled for task ':image_picker_android:bundleLibRuntimeToJarDebug' because:
[        ]   Build cache is disabled
[        ]   Simple merging task
[        ] Skipping task ':image_picker_android:bundleLibRuntimeToJarDebug' as it is up-to-date.
[        ] work action resolve classes.jar (project :image_picker_android) (Thread[Execution worker Thread 2,5,main]) started.
[        ] Resolve mutations for :flutter_plugin_android_lifecycle:bundleLibRuntimeToJarDebug (Thread[Execution worker Thread 2,5,main]) started.
[        ] > Transform classes.jar (project :flutter_native_splash) with DexingWithClasspathTransform
[        ] Caching disabled for DexingWithClasspathTransform: C:\Users\LENOVO\AppData\Local\Pub\Cache\hosted\pub.dev\flutter_native_splash-2.4.7\android\build\intermediates\runtime_library_classes_jar\debug\bundleLibRuntimeToJarDebug\classes.jar because:
[        ]   Build cache is disabled
[        ] Skipping DexingWithClasspathTransform: C:\Users\LENOVO\AppData\Local\Pub\Cache\hosted\pub.dev\flutter_native_splash-2.4.7\android\build\intermediates\runtime_library_classes_jar\debug\bundleLibRuntimeToJarDebug\classes.jar as it is up-to-date.
[        ] :flutter_plugin_android_lifecycle:bundleLibRuntimeToJarDebug (Thread[Execution worker Thread 2,5,main]) started.
[        ] > Task :flutter_plugin_android_lifecycle:bundleLibRuntimeToJarDebug UP-TO-DATE
[        ] Caching disabled for task ':flutter_plugin_android_lifecycle:bundleLibRuntimeToJarDebug' because:
[        ]   Build cache is disabled
[        ]   Simple merging task
[        ] Skipping task ':flutter_plugin_android_lifecycle:bundleLibRuntimeToJarDebug' as it is up-to-date.
[        ] work action resolve classes.jar (project :flutter_plugin_android_lifecycle) (Thread[Execution worker Thread 2,5,main]) started.
[        ] work action org.gradle.api.internal.artifacts.transform.DefaultTransformUpstreamDependenciesResolver$FinalizeTransformDependenciesFromSelectedArtifacts$CalculateFinalDependencies@2b412702 (Thread[Execution worker Thread 2,5,main]) started.
[        ] DexingWithClasspathTransform (Thread[included builds,5,main]) started.
[        ] work action Dependencies for project :image_picker_android {artifactType=android-classes-jar, dexing-component-attributes=ComponentSpecificParameters(minSdkVersion=23, debuggable=true, enableCoreLibraryDesugaring=true, enableGlobalSynthetics=false, enableApiModeling=false, dependenciesClassesAreInstrumented=false, asmTransformComponent=null, useJacocoTransformInstrumentation=false, enableDesugaring=true, needsClasspath=true, useFullClasspath=false, componentIfUsingFullClasspath=null)} (Thread[Execution worker Thread 2,5,main]) started.
[        ] DexingWithClasspathTransform (Thread[Execution worker Thread 2,5,main]) started.
[        ] Resolve mutations for :google_mlkit_text_recognition:bundleLibRuntimeToJarDebug (Thread[Execution worker Thread 7,5,main]) started.
[        ] :google_mlkit_text_recognition:bundleLibRuntimeToJarDebug (Thread[Execution worker Thread 7,5,main]) started.
[        ] > Task :google_mlkit_text_recognition:bundleLibRuntimeToJarDebug UP-TO-DATE
[        ] Caching disabled for task ':google_mlkit_text_recognition:bundleLibRuntimeToJarDebug' because:
[        ]   Build cache is disabled
[        ]   Simple merging task
[        ] Skipping task ':google_mlkit_text_recognition:bundleLibRuntimeToJarDebug' as it is up-to-date.
[        ] work action resolve classes.jar (project :google_mlkit_text_recognition) (Thread[Execution worker Thread 7,5,main]) started.
[        ] > Transform classes.jar (project :flutter_plugin_android_lifecycle) with DexingWithClasspathTransform
[        ] Caching disabled for DexingWithClasspathTransform: C:\Users\LENOVO\AppData\Local\Pub\Cache\hosted\pub.dev\flutter_plugin_android_lifecycle-2.0.31\android\build\intermediates\runtime_library_classes_jar\debug\bundleLibRuntimeToJarDebug\classes.jar because:
[        ]   Build cache is disabled
[        ] Skipping DexingWithClasspathTransform: C:\Users\LENOVO\AppData\Local\Pub\Cache\hosted\pub.dev\flutter_plugin_android_lifecycle-2.0.31\android\build\intermediates\runtime_library_classes_jar\debug\bundleLibRuntimeToJarDebug\classes.jar as it is up-to-date.
[        ] Resolve mutations for :google_mlkit_commons:bundleLibRuntimeToJarDebug (Thread[Execution worker Thread 7,5,main]) started.
[        ] :google_mlkit_commons:bundleLibRuntimeToJarDebug (Thread[Execution worker Thread 7,5,main]) started.
[        ] > Transform classes.jar (project :image_picker_android) with DexingWithClasspathTransform
[        ] Caching disabled for DexingWithClasspathTransform: C:\Users\LENOVO\AppData\Local\Pub\Cache\hosted\pub.dev\image_picker_android-0.8.13+1\android\build\intermediates\runtime_library_classes_jar\debug\bundleLibRuntimeToJarDebug\classes.jar because:
[        ]   Build cache is disabled
[        ] Skipping DexingWithClasspathTransform: C:\Users\LENOVO\AppData\Local\Pub\Cache\hosted\pub.dev\image_picker_android-0.8.13+1\android\build\intermediates\runtime_library_classes_jar\debug\bundleLibRuntimeToJarDebug\classes.jar as it is up-to-date.
[        ] > Task :google_mlkit_commons:bundleLibRuntimeToJarDebug UP-TO-DATE
[        ] Caching disabled for task ':google_mlkit_commons:bundleLibRuntimeToJarDebug' because:
[        ]   Build cache is disabled
[        ]   Simple merging task
[        ] Skipping task ':google_mlkit_commons:bundleLibRuntimeToJarDebug' as it is up-to-date.
[        ] work action resolve classes.jar (project :google_mlkit_commons) (Thread[Execution worker Thread 7,5,main]) started.
[        ] work action org.gradle.api.internal.artifacts.transform.DefaultTransformUpstreamDependenciesResolver$FinalizeTransformDependenciesFromSelectedArtifacts$CalculateFinalDependencies@d8c1012 (Thread[Execution worker Thread 7,5,main]) started.
[        ] DexingWithClasspathTransform (Thread[Execution worker Thread 9,5,main]) started.
[        ] work action Dependencies for project :google_mlkit_text_recognition {artifactType=android-classes-jar, dexing-component-attributes=ComponentSpecificParameters(minSdkVersion=23, debuggable=true, enableCoreLibraryDesugaring=true, enableGlobalSynthetics=false, enableApiModeling=false, dependenciesClassesAreInstrumented=false, asmTransformComponent=null, useJacocoTransformInstrumentation=false, enableDesugaring=true, needsClasspath=true, useFullClasspath=false, componentIfUsingFullClasspath=null)} (Thread[Execution worker Thread 7,5,main]) started.
[        ] DexingWithClasspathTransform (Thread[Execution worker Thread 7,5,main]) started.
[        ] Resolve mutations for :mobile_scanner:bundleLibRuntimeToJarDebug (Thread[Execution worker Thread 4,5,main]) started.
[        ] :mobile_scanner:bundleLibRuntimeToJarDebug (Thread[Execution worker Thread 4,5,main]) started.
[        ] > Transform classes.jar (project :google_mlkit_commons) with DexingWithClasspathTransform
[        ] Caching disabled for DexingWithClasspathTransform: C:\Users\LENOVO\AppData\Local\Pub\Cache\hosted\pub.dev\google_mlkit_commons-0.11.0\android\build\intermediates\runtime_library_classes_jar\debug\bundleLibRuntimeToJarDebug\classes.jar because:
[        ]   Build cache is disabled
[        ] Skipping DexingWithClasspathTransform: C:\Users\LENOVO\AppData\Local\Pub\Cache\hosted\pub.dev\google_mlkit_commons-0.11.0\android\build\intermediates\runtime_library_classes_jar\debug\bundleLibRuntimeToJarDebug\classes.jar as it is up-to-date.
[        ] > Task :mobile_scanner:bundleLibRuntimeToJarDebug UP-TO-DATE
[        ] Caching disabled for task ':mobile_scanner:bundleLibRuntimeToJarDebug' because:
[        ]   Build cache is disabled
[        ]   Simple merging task
[        ] Skipping task ':mobile_scanner:bundleLibRuntimeToJarDebug' as it is up-to-date.
[        ] work action resolve classes.jar (project :mobile_scanner) (Thread[Execution worker Thread 4,5,main]) started.
[        ] DexingWithClasspathTransform (Thread[Execution worker Thread 4,5,main]) started.
[        ] Resolve mutations for :path_provider_android:bundleLibRuntimeToJarDebug (Thread[Execution worker Thread 2,5,main]) started.
[        ] :path_provider_android:bundleLibRuntimeToJarDebug (Thread[Execution worker Thread 2,5,main]) started.
[        ] > Transform classes.jar (project :google_mlkit_text_recognition) with DexingWithClasspathTransform
[        ] Caching disabled for DexingWithClasspathTransform: C:\Users\LENOVO\AppData\Local\Pub\Cache\hosted\pub.dev\google_mlkit_text_recognition-0.15.0\android\build\intermediates\runtime_library_classes_jar\debug\bundleLibRuntimeToJarDebug\classes.jar because:
[        ]   Build cache is disabled
[        ] Skipping DexingWithClasspathTransform: C:\Users\LENOVO\AppData\Local\Pub\Cache\hosted\pub.dev\google_mlkit_text_recognition-0.15.0\android\build\intermediates\runtime_library_classes_jar\debug\bundleLibRuntimeToJarDebug\classes.jar as it is up-to-date.
[        ] > Task :path_provider_android:bundleLibRuntimeToJarDebug UP-TO-DATE
[        ] Caching disabled for task ':path_provider_android:bundleLibRuntimeToJarDebug' because:
[        ]   Build cache is disabled
[        ]   Simple merging task
[        ] Skipping task ':path_provider_android:bundleLibRuntimeToJarDebug' as it is up-to-date.
[        ] work action resolve classes.jar (project :path_provider_android) (Thread[Execution worker Thread 2,5,main]) started.
[        ] DexingWithClasspathTransform (Thread[Execution worker Thread 2,5,main]) started.
[        ] Resolve mutations for :permission_handler_android:bundleLibRuntimeToJarDebug (Thread[Execution worker Thread 9,5,main]) started.
[        ] :permission_handler_android:bundleLibRuntimeToJarDebug (Thread[Execution worker Thread 9,5,main]) started.
[        ] > Transform classes.jar (project :mobile_scanner) with DexingWithClasspathTransform
[        ] Caching disabled for DexingWithClasspathTransform: C:\Users\LENOVO\AppData\Local\Pub\Cache\hosted\pub.dev\mobile_scanner-6.0.11\android\build\intermediates\runtime_library_classes_jar\debug\bundleLibRuntimeToJarDebug\classes.jar because:
[        ]   Build cache is disabled
[        ] Skipping DexingWithClasspathTransform: C:\Users\LENOVO\AppData\Local\Pub\Cache\hosted\pub.dev\mobile_scanner-6.0.11\android\build\intermediates\runtime_library_classes_jar\debug\bundleLibRuntimeToJarDebug\classes.jar as it is up-to-date.
[        ] > Task :permission_handler_android:bundleLibRuntimeToJarDebug UP-TO-DATE
[        ] Caching disabled for task ':permission_handler_android:bundleLibRuntimeToJarDebug' because:
[        ]   Build cache is disabled
[        ]   Simple merging task
[        ] Skipping task ':permission_handler_android:bundleLibRuntimeToJarDebug' as it is up-to-date.
[        ] work action resolve classes.jar (project :permission_handler_android) (Thread[Execution worker Thread 9,5,main]) started.
[        ] DexingWithClasspathTransform (Thread[Execution worker Thread 9,5,main]) started.
[        ] Resolve mutations for :speech_to_text:bundleLibRuntimeToJarDebug (Thread[Execution worker Thread 7,5,main]) started.
[        ] :speech_to_text:bundleLibRuntimeToJarDebug (Thread[Execution worker Thread 7,5,main]) started.
[        ] > Transform classes.jar (project :path_provider_android) with DexingWithClasspathTransform
[        ] Caching disabled for DexingWithClasspathTransform: C:\Users\LENOVO\AppData\Local\Pub\Cache\hosted\pub.dev\path_provider_android-2.2.19\android\build\intermediates\runtime_library_classes_jar\debug\bundleLibRuntimeToJarDebug\classes.jar because:
[        ]   Build cache is disabled
[        ] Skipping DexingWithClasspathTransform: C:\Users\LENOVO\AppData\Local\Pub\Cache\hosted\pub.dev\path_provider_android-2.2.19\android\build\intermediates\runtime_library_classes_jar\debug\bundleLibRuntimeToJarDebug\classes.jar as it is up-to-date.
[        ] > Task :speech_to_text:bundleLibRuntimeToJarDebug UP-TO-DATE
[        ] Caching disabled for task ':speech_to_text:bundleLibRuntimeToJarDebug' because:
[        ]   Build cache is disabled
[        ]   Simple merging task
[        ] Skipping task ':speech_to_text:bundleLibRuntimeToJarDebug' as it is up-to-date.
[        ] work action resolve classes.jar (project :speech_to_text) (Thread[Execution worker Thread 7,5,main]) started.
[        ] DexingWithClasspathTransform (Thread[Execution worker Thread 7,5,main]) started.
[        ] Resolve mutations for :app:dexBuilderDebug (Thread[Execution worker Thread 4,5,main]) started.
[        ] > Transform classes.jar (project :permission_handler_android) with DexingWithClasspathTransform
[        ] Caching disabled for DexingWithClasspathTransform: C:\Users\LENOVO\AppData\Local\Pub\Cache\hosted\pub.dev\permission_handler_android-13.0.1\android\build\intermediates\runtime_library_classes_jar\debug\bundleLibRuntimeToJarDebug\classes.jar because:
[        ]   Build cache is disabled
[        ] Skipping DexingWithClasspathTransform: C:\Users\LENOVO\AppData\Local\Pub\Cache\hosted\pub.dev\permission_handler_android-13.0.1\android\build\intermediates\runtime_library_classes_jar\debug\bundleLibRuntimeToJarDebug\classes.jar as it is up-to-date.
[        ] :app:dexBuilderDebug (Thread[Execution worker Thread 4,5,main]) started.
[        ] > Transform classes.jar (project :speech_to_text) with DexingWithClasspathTransform
[        ] Caching disabled for DexingWithClasspathTransform: C:\Users\LENOVO\AppData\Local\Pub\Cache\hosted\pub.dev\speech_to_text-7.3.0\android\build\intermediates\runtime_library_classes_jar\debug\bundleLibRuntimeToJarDebug\classes.jar because:
[        ]   Build cache is disabled
[        ] Skipping DexingWithClasspathTransform: C:\Users\LENOVO\AppData\Local\Pub\Cache\hosted\pub.dev\speech_to_text-7.3.0\android\build\intermediates\runtime_library_classes_jar\debug\bundleLibRuntimeToJarDebug\classes.jar as it is up-to-date.
[        ] > Task :app:dexBuilderDebug UP-TO-DATE
[        ] Caching disabled for task ':app:dexBuilderDebug' because:
[        ]   Build cache is disabled
[        ] Skipping task ':app:dexBuilderDebug' as it is up-to-date.
[        ] Resolve mutations for :app:mergeLibDexDebug (Thread[Execution worker Thread 4,5,main]) started.
[        ] :app:mergeLibDexDebug (Thread[Execution worker Thread 4,5,main]) started.
[        ] > Task :app:mergeLibDexDebug UP-TO-DATE
[        ] Caching disabled for task ':app:mergeLibDexDebug' because:
[        ]   Build cache is disabled
[        ] Skipping task ':app:mergeLibDexDebug' as it is up-to-date.
[        ] Resolve mutations for :app:mergeProjectDexDebug (Thread[Execution worker Thread 4,5,main]) started.
[        ] :app:mergeProjectDexDebug (Thread[Execution worker Thread 4,5,main]) started.
[        ] > Task :app:mergeProjectDexDebug UP-TO-DATE
[        ] Caching disabled for task ':app:mergeProjectDexDebug' because:
[        ]   Build cache is disabled
[        ] Skipping task ':app:mergeProjectDexDebug' as it is up-to-date.
[        ] Resolve mutations for :app:preProfileBuild (Thread[Execution worker Thread 4,5,main]) started.
[        ] :app:preProfileBuild (Thread[Execution worker Thread 4,5,main]) started.
[        ] > Task :app:preProfileBuild UP-TO-DATE
[        ] Skipping task ':app:preProfileBuild' as it has no actions.
[        ] Resolve mutations for :app:configureCMakeDebug[arm64-v8a] (Thread[Execution worker Thread 4,5,main]) started.
[        ] :app:configureCMakeDebug[arm64-v8a] (Thread[Execution worker Thread 4,5,main]) started.
[  +77 ms] > Task :app:configureCMakeDebug[arm64-v8a]
[        ] Caching disabled for task ':app:configureCMakeDebug[arm64-v8a]' because:
[        ]   Build cache is disabled
[        ]   Caching has been disabled for the task
[        ] Task ':app:configureCMakeDebug[arm64-v8a]' is not up-to-date because:
[        ]   Task.upToDateWhen is false.
[        ] C/C++: D:\Flutter Data\Futter\flutter\packages\flutter_tools\gradle\src\main\scripts\CMakeLists.txt profile|arm64-v8a : Start JSON generation. Platform version: 23 min SDK version: arm64-v8a
[        ] C/C++: D:\Flutter Data\Futter\flutter\packages\flutter_tools\gradle\src\main\scripts\CMakeLists.txt profile|arm64-v8a : JSON 'D:\Flutter Data\Projects\noor-mostafa-main\android\app\.cxx\Debug\1s4u6k69\arm64-v8a\android_gradle_build.json' was up-to-date
[        ] C/C++: D:\Flutter Data\Futter\flutter\packages\flutter_tools\gradle\src\main\scripts\CMakeLists.txt profile|arm64-v8a : JSON generation completed without problems
[        ] C/C++: D:\Flutter Data\Futter\flutter\packages\flutter_tools\gradle\src\main\scripts\CMakeLists.txt profile|arm64-v8a : Writing build model to D:\Flutter Data\Projects\noor-mostafa-main\android\app\build\intermediates\cxx\Debug\1s4u6k69\logs\arm64-v8a\build_model.json
[        ] Resolve mutations for :app:buildCMakeDebug[arm64-v8a] (Thread[Execution worker Thread 4,5,main]) started.
[        ] :app:buildCMakeDebug[arm64-v8a] (Thread[Execution worker Thread 4,5,main]) started.
[        ] > Task :app:buildCMakeDebug[arm64-v8a]
[        ] Caching disabled for task ':app:buildCMakeDebug[arm64-v8a]' because:
[        ]   Build cache is disabled
[        ]   Caching has been disabled for the task
[        ] Task ':app:buildCMakeDebug[arm64-v8a]' is not up-to-date because:
[        ]   Task.upToDateWhen is false.
[        ] C/C++: starting build
[        ] C/C++: reading expected JSONs
[        ] C/C++: done reading expected JSONs
[        ] C/C++: executing build commands for targets that produce .so files or executables
[        ] C/C++: evaluate miniconfig
[        ] C/C++: no libraries
[        ] Resolve mutations for :app:configureCMakeDebug[armeabi-v7a] (Thread[Execution worker Thread 4,5,main]) started.
[        ] :app:configureCMakeDebug[armeabi-v7a] (Thread[Execution worker Thread 4,5,main]) started.
[        ] > Task :app:configureCMakeDebug[armeabi-v7a]
[        ] Caching disabled for task ':app:configureCMakeDebug[armeabi-v7a]' because:
[        ]   Build cache is disabled
[        ]   Caching has been disabled for the task
[        ] Task ':app:configureCMakeDebug[armeabi-v7a]' is not up-to-date because:
[        ]   Task.upToDateWhen is false.
[        ] C/C++: D:\Flutter Data\Futter\flutter\packages\flutter_tools\gradle\src\main\scripts\CMakeLists.txt profile|armeabi-v7a : Start JSON generation. Platform version: 23 min SDK version: armeabi-v7a
[        ] C/C++: D:\Flutter Data\Futter\flutter\packages\flutter_tools\gradle\src\main\scripts\CMakeLists.txt profile|armeabi-v7a : JSON 'D:\Flutter Data\Projects\noor-mostafa-main\android\app\.cxx\Debug\1s4u6k69\armeabi-v7a\android_gradle_build.json' was up-to-date
[        ] C/C++: D:\Flutter Data\Futter\flutter\packages\flutter_tools\gradle\src\main\scripts\CMakeLists.txt profile|armeabi-v7a : JSON generation completed without problems
[        ] C/C++: D:\Flutter Data\Futter\flutter\packages\flutter_tools\gradle\src\main\scripts\CMakeLists.txt profile|armeabi-v7a : Writing build model to D:\Flutter Data\Projects\noor-mostafa-main\android\app\build\intermediates\cxx\Debug\1s4u6k69\logs\armeabi-v7a\build_model.json
[        ] Resolve mutations for :app:buildCMakeDebug[armeabi-v7a] (Thread[Execution worker Thread 4,5,main]) started.
[        ] :app:buildCMakeDebug[armeabi-v7a] (Thread[Execution worker Thread 4,5,main]) started.
[        ] > Task :app:buildCMakeDebug[armeabi-v7a]
[        ] Caching disabled for task ':app:buildCMakeDebug[armeabi-v7a]' because:
[        ]   Build cache is disabled
[        ]   Caching has been disabled for the task
[        ] Task ':app:buildCMakeDebug[armeabi-v7a]' is not up-to-date because:
[        ]   Task.upToDateWhen is false.
[        ] C/C++: starting build
[        ] C/C++: reading expected JSONs
[        ] C/C++: done reading expected JSONs
[        ] C/C++: executing build commands for targets that produce .so files or executables
[        ] C/C++: evaluate miniconfig
[        ] C/C++: no libraries
[        ] Resolve mutations for :app:configureCMakeDebug[x86] (Thread[Execution worker Thread 4,5,main]) started.
[        ] :app:configureCMakeDebug[x86] (Thread[Execution worker Thread 4,5,main]) started.
[        ] > Task :app:configureCMakeDebug[x86]
[        ] Caching disabled for task ':app:configureCMakeDebug[x86]' because:
[        ]   Build cache is disabled
[        ]   Caching has been disabled for the task
[        ] Task ':app:configureCMakeDebug[x86]' is not up-to-date because:
[        ]   Task.upToDateWhen is false.
[        ] C/C++: D:\Flutter Data\Futter\flutter\packages\flutter_tools\gradle\src\main\scripts\CMakeLists.txt profile|x86 : Start JSON generation. Platform version: 23 min SDK version: x86
[        ] C/C++: D:\Flutter Data\Futter\flutter\packages\flutter_tools\gradle\src\main\scripts\CMakeLists.txt profile|x86 : JSON 'D:\Flutter Data\Projects\noor-mostafa-main\android\app\.cxx\Debug\1s4u6k69\x86\android_gradle_build.json' was up-to-date
[        ] C/C++: D:\Flutter Data\Futter\flutter\packages\flutter_tools\gradle\src\main\scripts\CMakeLists.txt profile|x86 : JSON generation completed without problems
[        ] C/C++: D:\Flutter Data\Futter\flutter\packages\flutter_tools\gradle\src\main\scripts\CMakeLists.txt profile|x86 : Writing build model to D:\Flutter Data\Projects\noor-mostafa-main\android\app\build\intermediates\cxx\Debug\1s4u6k69\logs\x86\build_model.json
[        ] Resolve mutations for :app:buildCMakeDebug[x86] (Thread[Execution worker Thread 4,5,main]) started.
[        ] :app:buildCMakeDebug[x86] (Thread[Execution worker Thread 4,5,main]) started.
[        ] > Task :app:buildCMakeDebug[x86]
[        ] Caching disabled for task ':app:buildCMakeDebug[x86]' because:
[        ]   Build cache is disabled
[        ]   Caching has been disabled for the task
[        ] Task ':app:buildCMakeDebug[x86]' is not up-to-date because:
[        ]   Task.upToDateWhen is false.
[        ] C/C++: starting build
[        ] C/C++: reading expected JSONs
[        ] C/C++: done reading expected JSONs
[        ] C/C++: executing build commands for targets that produce .so files or executables
[        ] C/C++: evaluate miniconfig
[        ] C/C++: no libraries
[        ] Resolve mutations for :app:configureCMakeDebug[x86_64] (Thread[Execution worker Thread 4,5,main]) started.
[        ] :app:configureCMakeDebug[x86_64] (Thread[Execution worker Thread 4,5,main]) started.
[        ] > Task :app:configureCMakeDebug[x86_64]
[        ] Caching disabled for task ':app:configureCMakeDebug[x86_64]' because:
[        ]   Build cache is disabled
[        ]   Caching has been disabled for the task
[        ] Task ':app:configureCMakeDebug[x86_64]' is not up-to-date because:
[        ]   Task.upToDateWhen is false.
[        ] C/C++: D:\Flutter Data\Futter\flutter\packages\flutter_tools\gradle\src\main\scripts\CMakeLists.txt profile|x86_64 : Start JSON generation. Platform version: 23 min SDK version: x86_64
[        ] C/C++: D:\Flutter Data\Futter\flutter\packages\flutter_tools\gradle\src\main\scripts\CMakeLists.txt profile|x86_64 : JSON 'D:\Flutter Data\Projects\noor-mostafa-main\android\app\.cxx\Debug\1s4u6k69\x86_64\android_gradle_build.json' was up-to-date
[        ] C/C++: D:\Flutter Data\Futter\flutter\packages\flutter_tools\gradle\src\main\scripts\CMakeLists.txt profile|x86_64 : JSON generation completed without problems
[        ] C/C++: D:\Flutter Data\Futter\flutter\packages\flutter_tools\gradle\src\main\scripts\CMakeLists.txt profile|x86_64 : Writing build model to D:\Flutter Data\Projects\noor-mostafa-main\android\app\build\intermediates\cxx\Debug\1s4u6k69\logs\x86_64\build_model.json
[        ] Resolve mutations for :app:buildCMakeDebug[x86_64] (Thread[Execution worker Thread 4,5,main]) started.
[        ] :app:buildCMakeDebug[x86_64] (Thread[Execution worker Thread 4,5,main]) started.
[        ] > Task :app:buildCMakeDebug[x86_64]
[        ] Caching disabled for task ':app:buildCMakeDebug[x86_64]' because:
[        ]   Build cache is disabled
[        ]   Caching has been disabled for the task
[        ] Task ':app:buildCMakeDebug[x86_64]' is not up-to-date because:
[        ]   Task.upToDateWhen is false.
[        ] C/C++: starting build
[        ] C/C++: reading expected JSONs
[        ] C/C++: done reading expected JSONs
[        ] C/C++: executing build commands for targets that produce .so files or executables
[        ] C/C++: evaluate miniconfig
[        ] C/C++: no libraries
[        ] Resolve mutations for :app:mergeDebugJniLibFolders (Thread[Execution worker Thread 4,5,main]) started.
[        ] :app:mergeDebugJniLibFolders (Thread[Execution worker Thread 4,5,main]) started.
[        ] > Task :app:mergeDebugJniLibFolders UP-TO-DATE
[        ] Caching disabled for task ':app:mergeDebugJniLibFolders' because:
[        ]   Build cache is disabled
[        ]   Simple merging task
[        ] Skipping task ':app:mergeDebugJniLibFolders' as it is up-to-date.
[        ] Resolve mutations for :connectivity_plus:mergeDebugJniLibFolders (Thread[Execution worker Thread 4,5,main]) started.
[        ] :connectivity_plus:mergeDebugJniLibFolders (Thread[Execution worker Thread 4,5,main]) started.
[        ] > Task :connectivity_plus:mergeDebugJniLibFolders UP-TO-DATE
[        ] Caching disabled for task ':connectivity_plus:mergeDebugJniLibFolders' because:
[        ]   Build cache is disabled
[        ]   Simple merging task
[        ] Skipping task ':connectivity_plus:mergeDebugJniLibFolders' as it is up-to-date.
[        ] Resolve mutations for :connectivity_plus:mergeDebugNativeLibs (Thread[Execution worker Thread 4,5,main]) started.
[        ] :connectivity_plus:mergeDebugNativeLibs (Thread[Execution worker Thread 4,5,main]) started.
[        ] > Task :connectivity_plus:mergeDebugNativeLibs NO-SOURCE
[        ] Skipping task ':connectivity_plus:mergeDebugNativeLibs' as it has no source files and no previous output files.
[        ] Resolve mutations for :connectivity_plus:copyDebugJniLibsProjectOnly (Thread[Execution worker Thread 4,5,main]) started.
[        ] :connectivity_plus:copyDebugJniLibsProjectOnly (Thread[Execution worker Thread 4,5,main]) started.
[        ] > Task :connectivity_plus:copyDebugJniLibsProjectOnly UP-TO-DATE
[        ] Caching disabled for task ':connectivity_plus:copyDebugJniLibsProjectOnly' because:
[        ]   Build cache is disabled
[        ]   Caching has been disabled for the task
[        ] Skipping task ':connectivity_plus:copyDebugJniLibsProjectOnly' as it is up-to-date.
[        ] work action resolve jni (project :connectivity_plus) (Thread[Execution worker Thread 4,5,main]) started.
[        ] Resolve mutations for :flutter_local_notifications:mergeDebugJniLibFolders (Thread[Execution worker Thread 4,5,main]) started.
[        ] :flutter_local_notifications:mergeDebugJniLibFolders (Thread[Execution worker Thread 4,5,main]) started.
[        ] > Task :flutter_local_notifications:mergeDebugJniLibFolders UP-TO-DATE
[        ] Caching disabled for task ':flutter_local_notifications:mergeDebugJniLibFolders' because:
[        ]   Build cache is disabled
[        ]   Simple merging task
[        ] Skipping task ':flutter_local_notifications:mergeDebugJniLibFolders' as it is up-to-date.
[        ] Resolve mutations for :flutter_local_notifications:mergeDebugNativeLibs (Thread[Execution worker Thread 4,5,main]) started.
[        ] :flutter_local_notifications:mergeDebugNativeLibs (Thread[Execution worker Thread 4,5,main]) started.
[        ] > Task :flutter_local_notifications:mergeDebugNativeLibs NO-SOURCE
[        ] Skipping task ':flutter_local_notifications:mergeDebugNativeLibs' as it has no source files and no previous output files.
[        ] Resolve mutations for :flutter_local_notifications:copyDebugJniLibsProjectOnly (Thread[Execution worker Thread 4,5,main]) started.
[        ] :flutter_local_notifications:copyDebugJniLibsProjectOnly (Thread[Execution worker Thread 4,5,main]) started.
[        ] > Task :flutter_local_notifications:copyDebugJniLibsProjectOnly UP-TO-DATE
[        ] Caching disabled for task ':flutter_local_notifications:copyDebugJniLibsProjectOnly' because:
[        ]   Build cache is disabled
[        ]   Caching has been disabled for the task
[        ] Skipping task ':flutter_local_notifications:copyDebugJniLibsProjectOnly' as it is up-to-date.
[        ] work action resolve jni (project :flutter_local_notifications) (Thread[Execution worker Thread 4,5,main]) started.
[        ] Resolve mutations for :flutter_native_splash:mergeDebugJniLibFolders (Thread[Execution worker Thread 4,5,main]) started.
[        ] :flutter_native_splash:mergeDebugJniLibFolders (Thread[Execution worker Thread 4,5,main]) started.
[        ] > Task :flutter_native_splash:mergeDebugJniLibFolders UP-TO-DATE
[        ] Caching disabled for task ':flutter_native_splash:mergeDebugJniLibFolders' because:
[        ]   Build cache is disabled
[        ]   Simple merging task
[        ] Skipping task ':flutter_native_splash:mergeDebugJniLibFolders' as it is up-to-date.
[        ] Resolve mutations for :flutter_native_splash:mergeDebugNativeLibs (Thread[Execution worker Thread 4,5,main]) started.
[        ] :flutter_native_splash:mergeDebugNativeLibs (Thread[Execution worker Thread 4,5,main]) started.
[        ] > Task :flutter_native_splash:mergeDebugNativeLibs NO-SOURCE
[        ] Skipping task ':flutter_native_splash:mergeDebugNativeLibs' as it has no source files and no previous output files.
[        ] Resolve mutations for :flutter_native_splash:copyDebugJniLibsProjectOnly (Thread[Execution worker Thread 4,5,main]) started.
[        ] :flutter_native_splash:copyDebugJniLibsProjectOnly (Thread[Execution worker Thread 4,5,main]) started.
[        ] > Task :flutter_native_splash:copyDebugJniLibsProjectOnly UP-TO-DATE
[        ] Caching disabled for task ':flutter_native_splash:copyDebugJniLibsProjectOnly' because:
[        ]   Build cache is disabled
[        ]   Caching has been disabled for the task
[        ] Skipping task ':flutter_native_splash:copyDebugJniLibsProjectOnly' as it is up-to-date.
[        ] work action resolve jni (project :flutter_native_splash) (Thread[Execution worker Thread 4,5,main]) started.
[        ] Resolve mutations for :flutter_plugin_android_lifecycle:mergeDebugJniLibFolders (Thread[Execution worker Thread 10,5,main]) started.
[        ] :flutter_plugin_android_lifecycle:mergeDebugJniLibFolders (Thread[Execution worker Thread 10,5,main]) started.
[        ] > Task :flutter_plugin_android_lifecycle:mergeDebugJniLibFolders UP-TO-DATE
[        ] Caching disabled for task ':flutter_plugin_android_lifecycle:mergeDebugJniLibFolders' because:
[        ]   Build cache is disabled
[        ]   Simple merging task
[        ] Skipping task ':flutter_plugin_android_lifecycle:mergeDebugJniLibFolders' as it is up-to-date.
[        ] Resolve mutations for :flutter_plugin_android_lifecycle:mergeDebugNativeLibs (Thread[Execution worker Thread 10,5,main]) started.
[        ] :flutter_plugin_android_lifecycle:mergeDebugNativeLibs (Thread[Execution worker Thread 10,5,main]) started.
[        ] > Task :flutter_plugin_android_lifecycle:mergeDebugNativeLibs NO-SOURCE
[        ] Skipping task ':flutter_plugin_android_lifecycle:mergeDebugNativeLibs' as it has no source files and no previous output files.
[        ] Resolve mutations for :flutter_plugin_android_lifecycle:copyDebugJniLibsProjectOnly (Thread[Execution worker Thread 10,5,main]) started.
[        ] :flutter_plugin_android_lifecycle:copyDebugJniLibsProjectOnly (Thread[Execution worker Thread 10,5,main]) started.
[        ] > Task :flutter_plugin_android_lifecycle:copyDebugJniLibsProjectOnly UP-TO-DATE
[        ] Caching disabled for task ':flutter_plugin_android_lifecycle:copyDebugJniLibsProjectOnly' because:
[        ]   Build cache is disabled
[        ]   Caching has been disabled for the task
[        ] Skipping task ':flutter_plugin_android_lifecycle:copyDebugJniLibsProjectOnly' as it is up-to-date.
[        ] work action resolve jni (project :flutter_plugin_android_lifecycle) (Thread[Execution worker Thread 10,5,main]) started.
[        ] Resolve mutations for :google_mlkit_commons:mergeDebugJniLibFolders (Thread[Execution worker Thread 10,5,main]) started.
[        ] :google_mlkit_commons:mergeDebugJniLibFolders (Thread[Execution worker Thread 10,5,main]) started.
[        ] > Task :google_mlkit_commons:mergeDebugJniLibFolders UP-TO-DATE
[        ] Caching disabled for task ':google_mlkit_commons:mergeDebugJniLibFolders' because:
[        ]   Build cache is disabled
[        ]   Simple merging task
[        ] Skipping task ':google_mlkit_commons:mergeDebugJniLibFolders' as it is up-to-date.
[        ] Resolve mutations for :google_mlkit_commons:mergeDebugNativeLibs (Thread[Execution worker Thread 10,5,main]) started.
[        ] :google_mlkit_commons:mergeDebugNativeLibs (Thread[Execution worker Thread 10,5,main]) started.
[        ] > Task :google_mlkit_commons:mergeDebugNativeLibs NO-SOURCE
[        ] Skipping task ':google_mlkit_commons:mergeDebugNativeLibs' as it has no source files and no previous output files.
[        ] Resolve mutations for :google_mlkit_commons:copyDebugJniLibsProjectOnly (Thread[Execution worker Thread 10,5,main]) started.
[        ] :google_mlkit_commons:copyDebugJniLibsProjectOnly (Thread[Execution worker Thread 10,5,main]) started.
[        ] > Task :google_mlkit_commons:copyDebugJniLibsProjectOnly UP-TO-DATE
[        ] Caching disabled for task ':google_mlkit_commons:copyDebugJniLibsProjectOnly' because:
[        ]   Build cache is disabled
[        ]   Caching has been disabled for the task
[        ] Skipping task ':google_mlkit_commons:copyDebugJniLibsProjectOnly' as it is up-to-date.
[        ] work action resolve jni (project :google_mlkit_commons) (Thread[Execution worker Thread 10,5,main]) started.
[        ] Resolve mutations for :google_mlkit_text_recognition:mergeDebugJniLibFolders (Thread[Execution worker Thread 10,5,main]) started.
[        ] :google_mlkit_text_recognition:mergeDebugJniLibFolders (Thread[Execution worker Thread 10,5,main]) started.
[        ] > Task :google_mlkit_text_recognition:mergeDebugJniLibFolders UP-TO-DATE
[        ] Caching disabled for task ':google_mlkit_text_recognition:mergeDebugJniLibFolders' because:
[        ]   Build cache is disabled
[        ]   Simple merging task
[        ] Skipping task ':google_mlkit_text_recognition:mergeDebugJniLibFolders' as it is up-to-date.
[        ] Resolve mutations for :google_mlkit_text_recognition:mergeDebugNativeLibs (Thread[Execution worker Thread 10,5,main]) started.
[        ] :google_mlkit_text_recognition:mergeDebugNativeLibs (Thread[Execution worker Thread 10,5,main]) started.
[        ] > Task :google_mlkit_text_recognition:mergeDebugNativeLibs NO-SOURCE
[        ] Skipping task ':google_mlkit_text_recognition:mergeDebugNativeLibs' as it has no source files and no previous output files.
[        ] Resolve mutations for :google_mlkit_text_recognition:copyDebugJniLibsProjectOnly (Thread[Execution worker Thread 10,5,main]) started.
[        ] :google_mlkit_text_recognition:copyDebugJniLibsProjectOnly (Thread[Execution worker Thread 10,5,main]) started.
[        ] > Task :google_mlkit_text_recognition:copyDebugJniLibsProjectOnly UP-TO-DATE
[        ] Caching disabled for task ':google_mlkit_text_recognition:copyDebugJniLibsProjectOnly' because:
[        ]   Build cache is disabled
[        ]   Caching has been disabled for the task
[        ] Skipping task ':google_mlkit_text_recognition:copyDebugJniLibsProjectOnly' as it is up-to-date.
[        ] work action resolve jni (project :google_mlkit_text_recognition) (Thread[Execution worker Thread 10,5,main]) started.
[        ] Resolve mutations for :image_picker_android:mergeDebugJniLibFolders (Thread[Execution worker Thread 10,5,main]) started.
[        ] :image_picker_android:mergeDebugJniLibFolders (Thread[Execution worker Thread 10,5,main]) started.
[        ] > Task :image_picker_android:mergeDebugJniLibFolders UP-TO-DATE
[        ] Caching disabled for task ':image_picker_android:mergeDebugJniLibFolders' because:
[        ]   Build cache is disabled
[        ]   Simple merging task
[        ] Skipping task ':image_picker_android:mergeDebugJniLibFolders' as it is up-to-date.
[        ] Resolve mutations for :image_picker_android:mergeDebugNativeLibs (Thread[Execution worker Thread 10,5,main]) started.
[        ] :image_picker_android:mergeDebugNativeLibs (Thread[Execution worker Thread 10,5,main]) started.
[        ] > Task :image_picker_android:mergeDebugNativeLibs NO-SOURCE
[        ] Skipping task ':image_picker_android:mergeDebugNativeLibs' as it has no source files and no previous output files.
[        ] Resolve mutations for :image_picker_android:copyDebugJniLibsProjectOnly (Thread[Execution worker Thread 10,5,main]) started.
[        ] :image_picker_android:copyDebugJniLibsProjectOnly (Thread[Execution worker Thread 10,5,main]) started.
[        ] > Task :image_picker_android:copyDebugJniLibsProjectOnly UP-TO-DATE
[        ] Caching disabled for task ':image_picker_android:copyDebugJniLibsProjectOnly' because:
[        ]   Build cache is disabled
[        ]   Caching has been disabled for the task
[        ] Skipping task ':image_picker_android:copyDebugJniLibsProjectOnly' as it is up-to-date.
[        ] work action resolve jni (project :image_picker_android) (Thread[Execution worker Thread 10,5,main]) started.
[        ] Resolve mutations for :mobile_scanner:mergeDebugJniLibFolders (Thread[Execution worker Thread 10,5,main]) started.
[        ] :mobile_scanner:mergeDebugJniLibFolders (Thread[Execution worker Thread 10,5,main]) started.
[        ] > Task :mobile_scanner:mergeDebugJniLibFolders UP-TO-DATE
[        ] Caching disabled for task ':mobile_scanner:mergeDebugJniLibFolders' because:
[        ]   Build cache is disabled
[        ]   Simple merging task
[        ] Skipping task ':mobile_scanner:mergeDebugJniLibFolders' as it is up-to-date.
[        ] Resolve mutations for :mobile_scanner:mergeDebugNativeLibs (Thread[Execution worker Thread 10,5,main]) started.
[        ] :mobile_scanner:mergeDebugNativeLibs (Thread[Execution worker Thread 10,5,main]) started.
[        ] > Task :mobile_scanner:mergeDebugNativeLibs NO-SOURCE
[        ] Skipping task ':mobile_scanner:mergeDebugNativeLibs' as it has no source files and no previous output files.
[        ] Resolve mutations for :mobile_scanner:copyDebugJniLibsProjectOnly (Thread[Execution worker Thread 10,5,main]) started.
[        ] :mobile_scanner:copyDebugJniLibsProjectOnly (Thread[Execution worker Thread 10,5,main]) started.
[        ] > Task :mobile_scanner:copyDebugJniLibsProjectOnly UP-TO-DATE
[        ] Caching disabled for task ':mobile_scanner:copyDebugJniLibsProjectOnly' because:
[        ]   Build cache is disabled
[        ]   Caching has been disabled for the task
[        ] Skipping task ':mobile_scanner:copyDebugJniLibsProjectOnly' as it is up-to-date.
[        ] work action resolve jni (project :mobile_scanner) (Thread[Execution worker Thread 10,5,main]) started.
[        ] Resolve mutations for :path_provider_android:mergeDebugJniLibFolders (Thread[Execution worker Thread 10,5,main]) started.
[        ] :path_provider_android:mergeDebugJniLibFolders (Thread[Execution worker Thread 10,5,main]) started.
[        ] > Task :path_provider_android:mergeDebugJniLibFolders UP-TO-DATE
[        ] Caching disabled for task ':path_provider_android:mergeDebugJniLibFolders' because:
[   +1 ms]   Build cache is disabled
[        ]   Simple merging task
[        ] Skipping task ':path_provider_android:mergeDebugJniLibFolders' as it is up-to-date.
[        ] Resolve mutations for :path_provider_android:mergeDebugNativeLibs (Thread[Execution worker Thread 8,5,main]) started.
[        ] :path_provider_android:mergeDebugNativeLibs (Thread[Execution worker Thread 8,5,main]) started.
[  +52 ms] > Task :path_provider_android:mergeDebugNativeLibs NO-SOURCE
[        ] Skipping task ':path_provider_android:mergeDebugNativeLibs' as it has no source files and no previous output files.
[        ] Resolve mutations for :path_provider_android:copyDebugJniLibsProjectOnly (Thread[Execution worker Thread 8,5,main]) started.
[        ] :path_provider_android:copyDebugJniLibsProjectOnly (Thread[Execution worker Thread 8,5,main]) started.
[        ] > Task :path_provider_android:copyDebugJniLibsProjectOnly UP-TO-DATE
[        ] Caching disabled for task ':path_provider_android:copyDebugJniLibsProjectOnly' because:
[        ]   Build cache is disabled
[        ]   Caching has been disabled for the task
[        ] Skipping task ':path_provider_android:copyDebugJniLibsProjectOnly' as it is up-to-date.
[        ] work action resolve jni (project :path_provider_android) (Thread[Execution worker Thread 8,5,main]) started.
[        ] Resolve mutations for :permission_handler_android:mergeDebugJniLibFolders (Thread[Execution worker Thread 8,5,main]) started.
[        ] :permission_handler_android:mergeDebugJniLibFolders (Thread[Execution worker Thread 8,5,main]) started.
[        ] > Task :permission_handler_android:mergeDebugJniLibFolders UP-TO-DATE
[        ] Caching disabled for task ':permission_handler_android:mergeDebugJniLibFolders' because:
[        ]   Build cache is disabled
[        ]   Simple merging task
[        ] Skipping task ':permission_handler_android:mergeDebugJniLibFolders' as it is up-to-date.
[        ] Resolve mutations for :permission_handler_android:mergeDebugNativeLibs (Thread[Execution worker Thread 8,5,main]) started.
[        ] :permission_handler_android:mergeDebugNativeLibs (Thread[Execution worker Thread 8,5,main]) started.
[        ] > Task :permission_handler_android:mergeDebugNativeLibs NO-SOURCE
[        ] Skipping task ':permission_handler_android:mergeDebugNativeLibs' as it has no source files and no previous output files.
[        ] Resolve mutations for :permission_handler_android:copyDebugJniLibsProjectOnly (Thread[Execution worker Thread 8,5,main]) started.
[        ] :permission_handler_android:copyDebugJniLibsProjectOnly (Thread[Execution worker Thread 8,5,main]) started.
[        ] > Task :permission_handler_android:copyDebugJniLibsProjectOnly UP-TO-DATE
[        ] Caching disabled for task ':permission_handler_android:copyDebugJniLibsProjectOnly' because:
[        ]   Build cache is disabled
[        ]   Caching has been disabled for the task
[        ] Skipping task ':permission_handler_android:copyDebugJniLibsProjectOnly' as it is up-to-date.
[        ] work action resolve jni (project :permission_handler_android) (Thread[Execution worker Thread 8,5,main]) started.
[        ] Resolve mutations for :speech_to_text:mergeDebugJniLibFolders (Thread[Execution worker Thread 8,5,main]) started.
[        ] :speech_to_text:mergeDebugJniLibFolders (Thread[Execution worker Thread 8,5,main]) started.
[        ] > Task :speech_to_text:mergeDebugJniLibFolders UP-TO-DATE
[        ] Caching disabled for task ':speech_to_text:mergeDebugJniLibFolders' because:
[        ]   Build cache is disabled
[        ]   Simple merging task
[        ] Skipping task ':speech_to_text:mergeDebugJniLibFolders' as it is up-to-date.
[        ] Resolve mutations for :speech_to_text:mergeDebugNativeLibs (Thread[Execution worker Thread 8,5,main]) started.
[        ] :speech_to_text:mergeDebugNativeLibs (Thread[Execution worker Thread 8,5,main]) started.
[        ] > Task :speech_to_text:mergeDebugNativeLibs NO-SOURCE
[        ] Skipping task ':speech_to_text:mergeDebugNativeLibs' as it has no source files and no previous output files.
[        ] Resolve mutations for :speech_to_text:copyDebugJniLibsProjectOnly (Thread[Execution worker Thread 8,5,main]) started.
[        ] :speech_to_text:copyDebugJniLibsProjectOnly (Thread[Execution worker Thread 8,5,main]) started.
[        ] > Task :speech_to_text:copyDebugJniLibsProjectOnly UP-TO-DATE
[        ] Caching disabled for task ':speech_to_text:copyDebugJniLibsProjectOnly' because:
[        ]   Build cache is disabled
[        ]   Caching has been disabled for the task
[        ] Skipping task ':speech_to_text:copyDebugJniLibsProjectOnly' as it is up-to-date.
[        ] work action resolve jni (project :speech_to_text) (Thread[Execution worker Thread 8,5,main]) started.
[        ] Resolve mutations for :app:mergeDebugNativeLibs (Thread[Execution worker Thread 8,5,main]) started.
[        ] :app:mergeDebugNativeLibs (Thread[Execution worker Thread 8,5,main]) started.
[        ] > Task :app:mergeDebugNativeLibs UP-TO-DATE
[        ] Caching disabled for task ':app:mergeDebugNativeLibs' because:
[        ]   Build cache is disabled
[        ]   Caching has been disabled for the task
[        ] Skipping task ':app:mergeDebugNativeLibs' as it is up-to-date.
[        ] Resolve mutations for :app:stripDebugDebugSymbols (Thread[Execution worker Thread 8,5,main]) started.
[        ] :app:stripDebugDebugSymbols (Thread[Execution worker Thread 8,5,main]) started.
[        ] > Task :app:stripDebugDebugSymbols UP-TO-DATE
[        ] Caching disabled for task ':app:stripDebugDebugSymbols' because:
[        ]   Build cache is disabled
[        ]   Caching has been disabled for the task
[        ] Skipping task ':app:stripDebugDebugSymbols' as it is up-to-date.
[        ] Resolve mutations for :app:validateSigningDebug (Thread[Execution worker Thread 8,5,main]) started.
[        ] :app:validateSigningDebug (Thread[Execution worker Thread 8,5,main]) started.
[        ] > Task :app:validateSigningDebug UP-TO-DATE
[        ] Caching disabled for task ':app:validateSigningDebug' because:
[        ]   Build cache is disabled
[        ]   Caching has been disabled for the task
[        ] Skipping task ':app:validateSigningDebug' as it is up-to-date.
[        ] Resolve mutations for :app:writeDebugAppMetadata (Thread[Execution worker Thread 8,5,main]) started.
[        ] :app:writeDebugAppMetadata (Thread[Execution worker Thread 8,5,main]) started.
[        ] > Task :app:writeDebugAppMetadata UP-TO-DATE
[        ] Caching disabled for task ':app:writeDebugAppMetadata' because:
[        ]   Build cache is disabled
[        ]   Caching has been disabled for the task
[        ] Skipping task ':app:writeDebugAppMetadata' as it is up-to-date.
[        ] Resolve mutations for :app:writeDebugSigningConfigVersions (Thread[Execution worker Thread 8,5,main]) started.
[        ] :app:writeDebugSigningConfigVersions (Thread[Execution worker Thread 8,5,main]) started.
[        ] > Task :app:writeDebugSigningConfigVersions UP-TO-DATE
[        ] Caching disabled for task ':app:writeDebugSigningConfigVersions' because:
[        ]   Build cache is disabled
[        ]   Caching has been disabled for the task
[        ] Skipping task ':app:writeDebugSigningConfigVersions' as it is up-to-date.
[        ] Resolve mutations for :app:packageDebug (Thread[Execution worker Thread 8,5,main]) started.
[        ] :app:packageDebug (Thread[Execution worker Thread 8,5,main]) started.
[        ] > Task :app:packageDebug UP-TO-DATE
[        ] Custom actions are attached to task ':app:packageDebug'.
[        ] Caching disabled for task ':app:packageDebug' because:
[        ]   Build cache is disabled
[        ]   Caching has been disabled for the task
[        ] Skipping task ':app:packageDebug' as it is up-to-date.
[        ] Resolve mutations for :app:createDebugApkListingFileRedirect (Thread[Execution worker Thread 8,5,main]) started.
[        ] :app:createDebugApkListingFileRedirect (Thread[Execution worker Thread 8,5,main]) started.
[        ] > Task :app:createDebugApkListingFileRedirect UP-TO-DATE
[        ] Caching disabled for task ':app:createDebugApkListingFileRedirect' because:
[        ]   Build cache is disabled
[        ]   Caching has been disabled for the task
[        ] Skipping task ':app:createDebugApkListingFileRedirect' as it is up-to-date.
[        ] Resolve mutations for :app:assembleDebug (Thread[Execution worker Thread 8,5,main]) started.
[        ] :app:assembleDebug (Thread[Execution worker Thread 8,5,main]) started.
[ +696 ms] > Task :app:assembleDebug
[        ] Caching disabled for task ':app:assembleDebug' because:
[        ]   Build cache is disabled
[        ] Task ':app:assembleDebug' is not up-to-date because:
[        ]   Task has not declared any outputs despite executing actions.
[        ] Resolve mutations for :connectivity_plus:stripDebugDebugSymbols (Thread[Execution worker Thread 8,5,main]) started.
[        ] :connectivity_plus:stripDebugDebugSymbols (Thread[Execution worker Thread 8,5,main]) started.
[        ] > Task :connectivity_plus:stripDebugDebugSymbols NO-SOURCE
[        ] Skipping task ':connectivity_plus:stripDebugDebugSymbols' as it has no source files and no previous output files.
[        ] Resolve mutations for :connectivity_plus:copyDebugJniLibsProjectAndLocalJars (Thread[Execution worker Thread 8,5,main]) started.
[        ] :connectivity_plus:copyDebugJniLibsProjectAndLocalJars (Thread[Execution worker Thread 8,5,main]) started.
[        ] > Task :connectivity_plus:copyDebugJniLibsProjectAndLocalJars UP-TO-DATE
[        ] Caching disabled for task ':connectivity_plus:copyDebugJniLibsProjectAndLocalJars' because:
[        ]   Build cache is disabled
[        ]   Caching has been disabled for the task
[        ] Skipping task ':connectivity_plus:copyDebugJniLibsProjectAndLocalJars' as it is up-to-date.
[        ] Resolve mutations for :connectivity_plus:extractDebugAnnotations (Thread[Execution worker Thread 8,5,main]) started.
[        ] :connectivity_plus:extractDebugAnnotations (Thread[Execution worker Thread 8,5,main]) started.
[        ] > Task :connectivity_plus:extractDebugAnnotations UP-TO-DATE
[        ] Caching disabled for task ':connectivity_plus:extractDebugAnnotations' because:
[        ]   Build cache is disabled
[        ] Skipping task ':connectivity_plus:extractDebugAnnotations' as it is up-to-date.
[        ] Resolve mutations for :connectivity_plus:extractDeepLinksForAarDebug (Thread[Execution worker Thread 8,5,main]) started.
[        ] :connectivity_plus:extractDeepLinksForAarDebug (Thread[Execution worker Thread 8,5,main]) started.
[        ] > Task :connectivity_plus:extractDeepLinksForAarDebug UP-TO-DATE
[        ] Caching disabled for task ':connectivity_plus:extractDeepLinksForAarDebug' because:
[        ]   Build cache is disabled
[        ] Skipping task ':connectivity_plus:extractDeepLinksForAarDebug' as it is up-to-date.
[        ] Resolve mutations for :connectivity_plus:mergeDebugGeneratedProguardFiles (Thread[Execution worker Thread 8,5,main]) started.
[        ] :connectivity_plus:mergeDebugGeneratedProguardFiles (Thread[Execution worker Thread 8,5,main]) started.
[        ] > Task :connectivity_plus:mergeDebugGeneratedProguardFiles UP-TO-DATE
[        ] Caching disabled for task ':connectivity_plus:mergeDebugGeneratedProguardFiles' because:
[        ]   Build cache is disabled
[        ]   Simple merging task
[        ] Skipping task ':connectivity_plus:mergeDebugGeneratedProguardFiles' as it is up-to-date.
[        ] Resolve mutations for :connectivity_plus:mergeDebugConsumerProguardFiles (Thread[Execution worker Thread 8,5,main]) started.
[        ] :connectivity_plus:mergeDebugConsumerProguardFiles (Thread[Execution worker,5,main]) started.
[        ] > Task :connectivity_plus:mergeDebugConsumerProguardFiles UP-TO-DATE
[        ] Caching disabled for task ':connectivity_plus:mergeDebugConsumerProguardFiles' because:
[        ]   Build cache is disabled
[        ]   Simple merging task
[        ] Skipping task ':connectivity_plus:mergeDebugConsumerProguardFiles' as it is up-to-date.
[        ] Resolve mutations for :connectivity_plus:prepareDebugArtProfile (Thread[Execution worker,5,main]) started.
[        ] :connectivity_plus:prepareDebugArtProfile (Thread[Execution worker,5,main]) started.
[        ] > Task :connectivity_plus:prepareDebugArtProfile UP-TO-DATE
[        ] Caching disabled for task ':connectivity_plus:prepareDebugArtProfile' because:
[        ]   Build cache is disabled
[        ]   Caching has been disabled for the task
[        ] Skipping task ':connectivity_plus:prepareDebugArtProfile' as it is up-to-date.
[        ] Resolve mutations for :connectivity_plus:prepareLintJarForPublish (Thread[Execution worker,5,main]) started.
[        ] :connectivity_plus:prepareLintJarForPublish (Thread[Execution worker,5,main]) started.
[        ] > Task :connectivity_plus:prepareLintJarForPublish UP-TO-DATE
[        ] Caching disabled for task ':connectivity_plus:prepareLintJarForPublish' because:
[        ]   Build cache is disabled
[        ]   Caching has been disabled for the task
[        ] Skipping task ':connectivity_plus:prepareLintJarForPublish' as it is up-to-date.
[        ] Resolve mutations for :connectivity_plus:mergeDebugJavaResource (Thread[Execution worker,5,main]) started.
[        ] :connectivity_plus:mergeDebugJavaResource (Thread[Execution worker,5,main]) started.
[        ] > Task :connectivity_plus:mergeDebugJavaResource UP-TO-DATE
[        ] Caching disabled for task ':connectivity_plus:mergeDebugJavaResource' because:
[        ]   Build cache is disabled
[        ]   Caching has been disabled for the task
[        ] Skipping task ':connectivity_plus:mergeDebugJavaResource' as it is up-to-date.
[        ] Resolve mutations for :connectivity_plus:syncDebugLibJars (Thread[Execution worker,5,main]) started.
[        ] :connectivity_plus:syncDebugLibJars (Thread[Execution worker,5,main]) started.
[        ] > Task :connectivity_plus:syncDebugLibJars UP-TO-DATE
[        ] Caching disabled for task ':connectivity_plus:syncDebugLibJars' because:
[        ]   Build cache is disabled
[        ] Skipping task ':connectivity_plus:syncDebugLibJars' as it is up-to-date.
[        ] Resolve mutations for :connectivity_plus:bundleDebugAar (Thread[Execution worker,5,main]) started.
[        ] :connectivity_plus:bundleDebugAar (Thread[Execution worker,5,main]) started.
[        ] > Task :connectivity_plus:bundleDebugAar UP-TO-DATE
[        ] Caching disabled for task ':connectivity_plus:bundleDebugAar' because:
[        ]   Build cache is disabled
[        ]   Caching has been disabled for the task
[        ] Skipping task ':connectivity_plus:bundleDebugAar' as it is up-to-date.
[        ] Resolve mutations for :connectivity_plus:assembleDebug (Thread[Execution worker,5,main]) started.
[        ] :connectivity_plus:assembleDebug (Thread[Execution worker Thread 2,5,main]) started.
[        ] > Task :connectivity_plus:assembleDebug UP-TO-DATE
[        ] Skipping task ':connectivity_plus:assembleDebug' as it has no actions.
[        ] Resolve mutations for :flutter_local_notifications:stripDebugDebugSymbols (Thread[Execution worker Thread 2,5,main]) started.
[        ] :flutter_local_notifications:stripDebugDebugSymbols (Thread[Execution worker Thread 2,5,main]) started.
[        ] > Task :flutter_local_notifications:stripDebugDebugSymbols NO-SOURCE
[        ] Skipping task ':flutter_local_notifications:stripDebugDebugSymbols' as it has no source files and no previous output files.
[        ] Resolve mutations for :flutter_local_notifications:copyDebugJniLibsProjectAndLocalJars (Thread[Execution worker Thread 2,5,main]) started.
[        ] :flutter_local_notifications:copyDebugJniLibsProjectAndLocalJars (Thread[Execution worker Thread 2,5,main]) started.
[        ] > Task :flutter_local_notifications:copyDebugJniLibsProjectAndLocalJars UP-TO-DATE
[        ] Caching disabled for task ':flutter_local_notifications:copyDebugJniLibsProjectAndLocalJars' because:
[        ]   Build cache is disabled
[        ]   Caching has been disabled for the task
[        ] Skipping task ':flutter_local_notifications:copyDebugJniLibsProjectAndLocalJars' as it is up-to-date.
[        ] Resolve mutations for :flutter_local_notifications:extractDebugAnnotations (Thread[Execution worker Thread 2,5,main]) started.
[        ] :flutter_local_notifications:extractDebugAnnotations (Thread[Execution worker Thread 2,5,main]) started.
[  +75 ms] > Task :flutter_local_notifications:extractDebugAnnotations UP-TO-DATE
[        ] Caching disabled for task ':flutter_local_notifications:extractDebugAnnotations' because:
[        ]   Build cache is disabled
[        ] Skipping task ':flutter_local_notifications:extractDebugAnnotations' as it is up-to-date.
[        ] Resolve mutations for :flutter_local_notifications:extractDeepLinksForAarDebug (Thread[Execution worker Thread 2,5,main]) started.
[        ] :flutter_local_notifications:extractDeepLinksForAarDebug (Thread[Execution worker Thread 2,5,main]) started.
[        ] > Task :flutter_local_notifications:extractDeepLinksForAarDebug UP-TO-DATE
[        ] Caching disabled for task ':flutter_local_notifications:extractDeepLinksForAarDebug' because:
[        ]   Build cache is disabled
[        ] Skipping task ':flutter_local_notifications:extractDeepLinksForAarDebug' as it is up-to-date.
[        ] Resolve mutations for :flutter_local_notifications:mergeDebugGeneratedProguardFiles (Thread[Execution worker Thread 2,5,main]) started.
[        ] :flutter_local_notifications:mergeDebugGeneratedProguardFiles (Thread[Execution worker Thread 2,5,main]) started.
[        ] > Task :flutter_local_notifications:mergeDebugGeneratedProguardFiles UP-TO-DATE
[        ] Caching disabled for task ':flutter_local_notifications:mergeDebugGeneratedProguardFiles' because:
[        ]   Build cache is disabled
[        ]   Simple merging task
[        ] Skipping task ':flutter_local_notifications:mergeDebugGeneratedProguardFiles' as it is up-to-date.
[        ] Resolve mutations for :flutter_local_notifications:mergeDebugConsumerProguardFiles (Thread[Execution worker Thread 2,5,main]) started.
[        ] :flutter_local_notifications:mergeDebugConsumerProguardFiles (Thread[Execution worker Thread 2,5,main]) started.
[        ] > Task :flutter_local_notifications:mergeDebugConsumerProguardFiles UP-TO-DATE
[        ] Caching disabled for task ':flutter_local_notifications:mergeDebugConsumerProguardFiles' because:
[        ]   Build cache is disabled
[        ]   Simple merging task
[        ] Skipping task ':flutter_local_notifications:mergeDebugConsumerProguardFiles' as it is up-to-date.
[        ] Resolve mutations for :flutter_local_notifications:prepareDebugArtProfile (Thread[Execution worker Thread 2,5,main]) started.
[        ] :flutter_local_notifications:prepareDebugArtProfile (Thread[Execution worker Thread 2,5,main]) started.
[        ] > Task :flutter_local_notifications:prepareDebugArtProfile UP-TO-DATE
[        ] Caching disabled for task ':flutter_local_notifications:prepareDebugArtProfile' because:
[        ]   Build cache is disabled
[        ]   Caching has been disabled for the task
[        ] Skipping task ':flutter_local_notifications:prepareDebugArtProfile' as it is up-to-date.
[        ] Resolve mutations for :flutter_local_notifications:prepareLintJarForPublish (Thread[Execution worker Thread 2,5,main]) started.
[        ] :flutter_local_notifications:prepareLintJarForPublish (Thread[Execution worker Thread 2,5,main]) started.
[        ] > Task :flutter_local_notifications:prepareLintJarForPublish UP-TO-DATE
[        ] Caching disabled for task ':flutter_local_notifications:prepareLintJarForPublish' because:
[        ]   Build cache is disabled
[        ]   Caching has been disabled for the task
[        ] Skipping task ':flutter_local_notifications:prepareLintJarForPublish' as it is up-to-date.
[        ] Resolve mutations for :flutter_local_notifications:mergeDebugJavaResource (Thread[Execution worker Thread 2,5,main]) started.
[        ] :flutter_local_notifications:mergeDebugJavaResource (Thread[Execution worker Thread 2,5,main]) started.
[        ] > Task :flutter_local_notifications:mergeDebugJavaResource UP-TO-DATE
[        ] Caching disabled for task ':flutter_local_notifications:mergeDebugJavaResource' because:
[        ]   Build cache is disabled
[        ]   Caching has been disabled for the task
[        ] Skipping task ':flutter_local_notifications:mergeDebugJavaResource' as it is up-to-date.
[        ] Resolve mutations for :flutter_local_notifications:syncDebugLibJars (Thread[Execution worker Thread 2,5,main]) started.
[        ] :flutter_local_notifications:syncDebugLibJars (Thread[Execution worker Thread 2,5,main]) started.
[        ] > Task :flutter_local_notifications:syncDebugLibJars UP-TO-DATE
[        ] Caching disabled for task ':flutter_local_notifications:syncDebugLibJars' because:
[        ]   Build cache is disabled
[        ] Skipping task ':flutter_local_notifications:syncDebugLibJars' as it is up-to-date.
[        ] Resolve mutations for :flutter_local_notifications:bundleDebugAar (Thread[Execution worker Thread 2,5,main]) started.
[        ] :flutter_local_notifications:bundleDebugAar (Thread[Execution worker Thread 2,5,main]) started.
[        ] > Task :flutter_local_notifications:bundleDebugAar UP-TO-DATE
[        ] Caching disabled for task ':flutter_local_notifications:bundleDebugAar' because:
[        ]   Build cache is disabled
[        ]   Caching has been disabled for the task
[        ] Skipping task ':flutter_local_notifications:bundleDebugAar' as it is up-to-date.
[        ] Resolve mutations for :flutter_local_notifications:assembleDebug (Thread[Execution worker Thread 2,5,main]) started.
[        ] :flutter_local_notifications:assembleDebug (Thread[Execution worker Thread 2,5,main]) started.
[        ] > Task :flutter_local_notifications:assembleDebug UP-TO-DATE
[        ] Skipping task ':flutter_local_notifications:assembleDebug' as it has no actions.
[        ] Resolve mutations for :flutter_native_splash:stripDebugDebugSymbols (Thread[Execution worker Thread 2,5,main]) started.
[        ] :flutter_native_splash:stripDebugDebugSymbols (Thread[Execution worker Thread 2,5,main]) started.
[        ] > Task :flutter_native_splash:stripDebugDebugSymbols NO-SOURCE
[        ] Skipping task ':flutter_native_splash:stripDebugDebugSymbols' as it has no source files and no previous output files.
[        ] Resolve mutations for :flutter_native_splash:copyDebugJniLibsProjectAndLocalJars (Thread[Execution worker Thread 2,5,main]) started.
[        ] :flutter_native_splash:copyDebugJniLibsProjectAndLocalJars (Thread[Execution worker Thread 2,5,main]) started.
[        ] > Task :flutter_native_splash:copyDebugJniLibsProjectAndLocalJars UP-TO-DATE
[        ] Caching disabled for task ':flutter_native_splash:copyDebugJniLibsProjectAndLocalJars' because:
[        ]   Build cache is disabled
[        ]   Caching has been disabled for the task
[        ] Skipping task ':flutter_native_splash:copyDebugJniLibsProjectAndLocalJars' as it is up-to-date.
[        ] Resolve mutations for :flutter_native_splash:extractDebugAnnotations (Thread[Execution worker Thread 2,5,main]) started.
[        ] :flutter_native_splash:extractDebugAnnotations (Thread[Execution worker Thread 2,5,main]) started.
[        ] > Task :flutter_native_splash:extractDebugAnnotations UP-TO-DATE
[        ] Caching disabled for task ':flutter_native_splash:extractDebugAnnotations' because:
[        ]   Build cache is disabled
[        ] Skipping task ':flutter_native_splash:extractDebugAnnotations' as it is up-to-date.
[        ] Resolve mutations for :flutter_native_splash:extractDeepLinksForAarDebug (Thread[Execution worker Thread 2,5,main]) started.
[        ] :flutter_native_splash:extractDeepLinksForAarDebug (Thread[Execution worker Thread 2,5,main]) started.
[        ] > Task :flutter_native_splash:extractDeepLinksForAarDebug UP-TO-DATE
[        ] Caching disabled for task ':flutter_native_splash:extractDeepLinksForAarDebug' because:
[        ]   Build cache is disabled
[        ] Skipping task ':flutter_native_splash:extractDeepLinksForAarDebug' as it is up-to-date.
[        ] Resolve mutations for :flutter_native_splash:mergeDebugGeneratedProguardFiles (Thread[Execution worker Thread 2,5,main]) started.
[        ] :flutter_native_splash:mergeDebugGeneratedProguardFiles (Thread[Execution worker Thread 3,5,main]) started.
[        ] > Task :flutter_native_splash:mergeDebugGeneratedProguardFiles UP-TO-DATE
[        ] Caching disabled for task ':flutter_native_splash:mergeDebugGeneratedProguardFiles' because:
[        ]   Build cache is disabled
[        ]   Simple merging task
[        ] Skipping task ':flutter_native_splash:mergeDebugGeneratedProguardFiles' as it is up-to-date.
[        ] Resolve mutations for :flutter_native_splash:mergeDebugConsumerProguardFiles (Thread[Execution worker Thread 3,5,main]) started.
[        ] :flutter_native_splash:mergeDebugConsumerProguardFiles (Thread[Execution worker Thread 3,5,main]) started.
[        ] > Task :flutter_native_splash:mergeDebugConsumerProguardFiles UP-TO-DATE
[        ] Caching disabled for task ':flutter_native_splash:mergeDebugConsumerProguardFiles' because:
[        ]   Build cache is disabled
[        ]   Simple merging task
[        ] Skipping task ':flutter_native_splash:mergeDebugConsumerProguardFiles' as it is up-to-date.
[        ] Resolve mutations for :flutter_native_splash:prepareDebugArtProfile (Thread[Execution worker Thread 3,5,main]) started.
[        ] :flutter_native_splash:prepareDebugArtProfile (Thread[Execution worker Thread 3,5,main]) started.
[        ] > Task :flutter_native_splash:prepareDebugArtProfile UP-TO-DATE
[        ] Caching disabled for task ':flutter_native_splash:prepareDebugArtProfile' because:
[        ]   Build cache is disabled
[        ]   Caching has been disabled for the task
[        ] Skipping task ':flutter_native_splash:prepareDebugArtProfile' as it is up-to-date.
[        ] Resolve mutations for :flutter_native_splash:prepareLintJarForPublish (Thread[Execution worker Thread 3,5,main]) started.
[        ] :flutter_native_splash:prepareLintJarForPublish (Thread[Execution worker Thread 3,5,main]) started.
[        ] > Task :flutter_native_splash:prepareLintJarForPublish UP-TO-DATE
[        ] Caching disabled for task ':flutter_native_splash:prepareLintJarForPublish' because:
[        ]   Build cache is disabled
[        ]   Caching has been disabled for the task
[        ] Skipping task ':flutter_native_splash:prepareLintJarForPublish' as it is up-to-date.
[        ] Resolve mutations for :flutter_native_splash:mergeDebugJavaResource (Thread[Execution worker Thread 3,5,main]) started.
[        ] :flutter_native_splash:mergeDebugJavaResource (Thread[Execution worker Thread 3,5,main]) started.
[        ] > Task :flutter_native_splash:mergeDebugJavaResource UP-TO-DATE
[        ] Caching disabled for task ':flutter_native_splash:mergeDebugJavaResource' because:
[        ]   Build cache is disabled
[        ]   Caching has been disabled for the task
[        ] Skipping task ':flutter_native_splash:mergeDebugJavaResource' as it is up-to-date.
[        ] Resolve mutations for :flutter_native_splash:syncDebugLibJars (Thread[Execution worker Thread 3,5,main]) started.
[        ] :flutter_native_splash:syncDebugLibJars (Thread[Execution worker Thread 3,5,main]) started.
[        ] > Task :flutter_native_splash:syncDebugLibJars UP-TO-DATE
[        ] Caching disabled for task ':flutter_native_splash:syncDebugLibJars' because:
[        ]   Build cache is disabled
[        ] Skipping task ':flutter_native_splash:syncDebugLibJars' as it is up-to-date.
[        ] Resolve mutations for :flutter_native_splash:bundleDebugAar (Thread[Execution worker Thread 3,5,main]) started.
[        ] :flutter_native_splash:bundleDebugAar (Thread[Execution worker Thread 3,5,main]) started.
[        ] > Task :flutter_native_splash:bundleDebugAar UP-TO-DATE
[        ] Caching disabled for task ':flutter_native_splash:bundleDebugAar' because:
[        ]   Build cache is disabled
[        ]   Caching has been disabled for the task
[  +10 ms] Skipping task ':flutter_native_splash:bundleDebugAar' as it is up-to-date.
[        ] Resolve mutations for :flutter_native_splash:assembleDebug (Thread[Execution worker Thread 3,5,main]) started.
[        ] :flutter_native_splash:assembleDebug (Thread[Execution worker Thread 3,5,main]) started.
[        ] > Task :flutter_native_splash:assembleDebug UP-TO-DATE
[        ] Skipping task ':flutter_native_splash:assembleDebug' as it has no actions.
[        ] Resolve mutations for :flutter_plugin_android_lifecycle:stripDebugDebugSymbols (Thread[Execution worker Thread 3,5,main]) started.
[        ] :flutter_plugin_android_lifecycle:stripDebugDebugSymbols (Thread[Execution worker Thread 3,5,main]) started.
[        ] > Task :flutter_plugin_android_lifecycle:stripDebugDebugSymbols NO-SOURCE
[        ] Skipping task ':flutter_plugin_android_lifecycle:stripDebugDebugSymbols' as it has no source files and no previous output files.
[        ] Resolve mutations for :flutter_plugin_android_lifecycle:copyDebugJniLibsProjectAndLocalJars (Thread[Execution worker Thread 3,5,main]) started.
[        ] :flutter_plugin_android_lifecycle:copyDebugJniLibsProjectAndLocalJars (Thread[Execution worker Thread 3,5,main]) started.
[        ] > Task :flutter_plugin_android_lifecycle:copyDebugJniLibsProjectAndLocalJars UP-TO-DATE
[        ] Caching disabled for task ':flutter_plugin_android_lifecycle:copyDebugJniLibsProjectAndLocalJars' because:
[        ]   Build cache is disabled
[        ]   Caching has been disabled for the task
[        ] Skipping task ':flutter_plugin_android_lifecycle:copyDebugJniLibsProjectAndLocalJars' as it is up-to-date.
[        ] Resolve mutations for :flutter_plugin_android_lifecycle:extractDebugAnnotations (Thread[Execution worker Thread 3,5,main]) started.
[        ] :flutter_plugin_android_lifecycle:extractDebugAnnotations (Thread[Execution worker Thread 3,5,main]) started.
[        ] > Task :flutter_plugin_android_lifecycle:extractDebugAnnotations UP-TO-DATE
[        ] Caching disabled for task ':flutter_plugin_android_lifecycle:extractDebugAnnotations' because:
[        ]   Build cache is disabled
[        ] Skipping task ':flutter_plugin_android_lifecycle:extractDebugAnnotations' as it is up-to-date.
[        ] Resolve mutations for :flutter_plugin_android_lifecycle:extractDeepLinksForAarDebug (Thread[Execution worker Thread 3,5,main]) started.
[        ] :flutter_plugin_android_lifecycle:extractDeepLinksForAarDebug (Thread[Execution worker Thread 3,5,main]) started.
[        ] > Task :flutter_plugin_android_lifecycle:extractDeepLinksForAarDebug UP-TO-DATE
[        ] Caching disabled for task ':flutter_plugin_android_lifecycle:extractDeepLinksForAarDebug' because:
[        ]   Build cache is disabled
[        ] Skipping task ':flutter_plugin_android_lifecycle:extractDeepLinksForAarDebug' as it is up-to-date.
[        ] Resolve mutations for :flutter_plugin_android_lifecycle:mergeDebugGeneratedProguardFiles (Thread[Execution worker Thread 3,5,main]) started.
[        ] :flutter_plugin_android_lifecycle:mergeDebugGeneratedProguardFiles (Thread[Execution worker Thread 3,5,main]) started.
[        ] > Task :flutter_plugin_android_lifecycle:mergeDebugGeneratedProguardFiles UP-TO-DATE
[        ] Caching disabled for task ':flutter_plugin_android_lifecycle:mergeDebugGeneratedProguardFiles' because:
[        ]   Build cache is disabled
[        ]   Simple merging task
[        ] Skipping task ':flutter_plugin_android_lifecycle:mergeDebugGeneratedProguardFiles' as it is up-to-date.
[        ] Resolve mutations for :flutter_plugin_android_lifecycle:mergeDebugConsumerProguardFiles (Thread[Execution worker Thread 3,5,main]) started.
[        ] :flutter_plugin_android_lifecycle:mergeDebugConsumerProguardFiles (Thread[Execution worker Thread 3,5,main]) started.
[        ] > Task :flutter_plugin_android_lifecycle:mergeDebugConsumerProguardFiles UP-TO-DATE
[        ] Caching disabled for task ':flutter_plugin_android_lifecycle:mergeDebugConsumerProguardFiles' because:
[        ]   Build cache is disabled
[        ]   Simple merging task
[        ] Skipping task ':flutter_plugin_android_lifecycle:mergeDebugConsumerProguardFiles' as it is up-to-date.
[        ] Resolve mutations for :flutter_plugin_android_lifecycle:prepareDebugArtProfile (Thread[Execution worker Thread 3,5,main]) started.
[        ] :flutter_plugin_android_lifecycle:prepareDebugArtProfile (Thread[Execution worker Thread 3,5,main]) started.
[        ] > Task :flutter_plugin_android_lifecycle:prepareDebugArtProfile UP-TO-DATE
[        ] Caching disabled for task ':flutter_plugin_android_lifecycle:prepareDebugArtProfile' because:
[        ]   Build cache is disabled
[        ]   Caching has been disabled for the task
[        ] Skipping task ':flutter_plugin_android_lifecycle:prepareDebugArtProfile' as it is up-to-date.
[        ] Resolve mutations for :flutter_plugin_android_lifecycle:prepareLintJarForPublish (Thread[Execution worker Thread 3,5,main]) started.
[        ] :flutter_plugin_android_lifecycle:prepareLintJarForPublish (Thread[Execution worker Thread 3,5,main]) started.
[        ] > Task :flutter_plugin_android_lifecycle:prepareLintJarForPublish UP-TO-DATE
[        ] Caching disabled for task ':flutter_plugin_android_lifecycle:prepareLintJarForPublish' because:
[        ]   Build cache is disabled
[        ]   Caching has been disabled for the task
[        ] Skipping task ':flutter_plugin_android_lifecycle:prepareLintJarForPublish' as it is up-to-date.
[        ] Resolve mutations for :flutter_plugin_android_lifecycle:mergeDebugJavaResource (Thread[Execution worker Thread 3,5,main]) started.
[        ] :flutter_plugin_android_lifecycle:mergeDebugJavaResource (Thread[Execution worker Thread 3,5,main]) started.
[        ] > Task :flutter_plugin_android_lifecycle:mergeDebugJavaResource UP-TO-DATE
[        ] Caching disabled for task ':flutter_plugin_android_lifecycle:mergeDebugJavaResource' because:
[        ]   Build cache is disabled
[        ]   Caching has been disabled for the task
[        ] Skipping task ':flutter_plugin_android_lifecycle:mergeDebugJavaResource' as it is up-to-date.
[        ] Resolve mutations for :flutter_plugin_android_lifecycle:syncDebugLibJars (Thread[Execution worker Thread 3,5,main]) started.
[        ] :flutter_plugin_android_lifecycle:syncDebugLibJars (Thread[Execution worker Thread 3,5,main]) started.
[        ] > Task :flutter_plugin_android_lifecycle:syncDebugLibJars UP-TO-DATE
[        ] Caching disabled for task ':flutter_plugin_android_lifecycle:syncDebugLibJars' because:
[        ]   Build cache is disabled
[        ] Skipping task ':flutter_plugin_android_lifecycle:syncDebugLibJars' as it is up-to-date.
[        ] Resolve mutations for :flutter_plugin_android_lifecycle:bundleDebugAar (Thread[Execution worker Thread 3,5,main]) started.
[        ] :flutter_plugin_android_lifecycle:bundleDebugAar (Thread[Execution worker Thread 3,5,main]) started.
[  +72 ms] > Task :flutter_plugin_android_lifecycle:bundleDebugAar UP-TO-DATE
[        ] Caching disabled for task ':flutter_plugin_android_lifecycle:bundleDebugAar' because:
[        ]   Build cache is disabled
[        ]   Caching has been disabled for the task
[        ] Skipping task ':flutter_plugin_android_lifecycle:bundleDebugAar' as it is up-to-date.
[        ] Resolve mutations for :flutter_plugin_android_lifecycle:assembleDebug (Thread[Execution worker Thread 3,5,main]) started.
[        ] :flutter_plugin_android_lifecycle:assembleDebug (Thread[Execution worker Thread 3,5,main]) started.
[        ] > Task :flutter_plugin_android_lifecycle:assembleDebug UP-TO-DATE
[        ] Skipping task ':flutter_plugin_android_lifecycle:assembleDebug' as it has no actions.
[        ] Resolve mutations for :google_mlkit_commons:stripDebugDebugSymbols (Thread[Execution worker Thread 3,5,main]) started.
[        ] :google_mlkit_commons:stripDebugDebugSymbols (Thread[Execution worker Thread 3,5,main]) started.
[        ] > Task :google_mlkit_commons:stripDebugDebugSymbols NO-SOURCE
[        ] Skipping task ':google_mlkit_commons:stripDebugDebugSymbols' as it has no source files and no previous output files.
[        ] Resolve mutations for :google_mlkit_commons:copyDebugJniLibsProjectAndLocalJars (Thread[Execution worker Thread 3,5,main]) started.
[        ] :google_mlkit_commons:copyDebugJniLibsProjectAndLocalJars (Thread[Execution worker Thread 3,5,main]) started.
[        ] > Task :google_mlkit_commons:copyDebugJniLibsProjectAndLocalJars UP-TO-DATE
[        ] Caching disabled for task ':google_mlkit_commons:copyDebugJniLibsProjectAndLocalJars' because:
[        ]   Build cache is disabled
[        ]   Caching has been disabled for the task
[        ] Skipping task ':google_mlkit_commons:copyDebugJniLibsProjectAndLocalJars' as it is up-to-date.
[        ] Resolve mutations for :google_mlkit_commons:extractDebugAnnotations (Thread[Execution worker Thread 3,5,main]) started.
[        ] :google_mlkit_commons:extractDebugAnnotations (Thread[Execution worker Thread 3,5,main]) started.
[        ] > Task :google_mlkit_commons:extractDebugAnnotations UP-TO-DATE
[        ] Caching disabled for task ':google_mlkit_commons:extractDebugAnnotations' because:
[        ]   Build cache is disabled
[        ] Skipping task ':google_mlkit_commons:extractDebugAnnotations' as it is up-to-date.
[        ] Resolve mutations for :google_mlkit_commons:extractDeepLinksForAarDebug (Thread[Execution worker Thread 3,5,main]) started.
[        ] :google_mlkit_commons:extractDeepLinksForAarDebug (Thread[Execution worker Thread 3,5,main]) started.
[        ] > Task :google_mlkit_commons:extractDeepLinksForAarDebug UP-TO-DATE
[        ] Caching disabled for task ':google_mlkit_commons:extractDeepLinksForAarDebug' because:
[        ]   Build cache is disabled
[        ] Skipping task ':google_mlkit_commons:extractDeepLinksForAarDebug' as it is up-to-date.
[        ] Resolve mutations for :google_mlkit_commons:mergeDebugGeneratedProguardFiles (Thread[Execution worker Thread 3,5,main]) started.
[        ] :google_mlkit_commons:mergeDebugGeneratedProguardFiles (Thread[Execution worker Thread 3,5,main]) started.
[        ] > Task :google_mlkit_commons:mergeDebugGeneratedProguardFiles UP-TO-DATE
[        ] Caching disabled for task ':google_mlkit_commons:mergeDebugGeneratedProguardFiles' because:
[        ]   Build cache is disabled
[        ]   Simple merging task
[        ] Skipping task ':google_mlkit_commons:mergeDebugGeneratedProguardFiles' as it is up-to-date.
[        ] Resolve mutations for :google_mlkit_commons:mergeDebugConsumerProguardFiles (Thread[Execution worker Thread 3,5,main]) started.
[        ] :google_mlkit_commons:mergeDebugConsumerProguardFiles (Thread[Execution worker Thread 3,5,main]) started.
[        ] > Task :google_mlkit_commons:mergeDebugConsumerProguardFiles UP-TO-DATE
[        ] Caching disabled for task ':google_mlkit_commons:mergeDebugConsumerProguardFiles' because:
[        ]   Build cache is disabled
[        ]   Simple merging task
[        ] Skipping task ':google_mlkit_commons:mergeDebugConsumerProguardFiles' as it is up-to-date.
[        ] Resolve mutations for :google_mlkit_commons:prepareDebugArtProfile (Thread[Execution worker Thread 3,5,main]) started.
[        ] :google_mlkit_commons:prepareDebugArtProfile (Thread[Execution worker Thread 3,5,main]) started.
[        ] > Task :google_mlkit_commons:prepareDebugArtProfile UP-TO-DATE
[        ] Caching disabled for task ':google_mlkit_commons:prepareDebugArtProfile' because:
[        ]   Build cache is disabled
[        ]   Caching has been disabled for the task
[        ] Skipping task ':google_mlkit_commons:prepareDebugArtProfile' as it is up-to-date.
[        ] Resolve mutations for :google_mlkit_commons:prepareLintJarForPublish (Thread[Execution worker Thread 3,5,main]) started.
[        ] :google_mlkit_commons:prepareLintJarForPublish (Thread[Execution worker Thread 3,5,main]) started.
[        ] > Task :google_mlkit_commons:prepareLintJarForPublish UP-TO-DATE
[        ] Caching disabled for task ':google_mlkit_commons:prepareLintJarForPublish' because:
[        ]   Build cache is disabled
[        ]   Caching has been disabled for the task
[        ] Skipping task ':google_mlkit_commons:prepareLintJarForPublish' as it is up-to-date.
[        ] Resolve mutations for :google_mlkit_commons:mergeDebugJavaResource (Thread[Execution worker Thread 3,5,main]) started.
[        ] :google_mlkit_commons:mergeDebugJavaResource (Thread[Execution worker Thread 3,5,main]) started.
[        ] > Task :google_mlkit_commons:mergeDebugJavaResource UP-TO-DATE
[        ] Caching disabled for task ':google_mlkit_commons:mergeDebugJavaResource' because:
[        ]   Build cache is disabled
[        ]   Caching has been disabled for the task
[        ] Skipping task ':google_mlkit_commons:mergeDebugJavaResource' as it is up-to-date.
[        ] Resolve mutations for :google_mlkit_commons:syncDebugLibJars (Thread[Execution worker Thread 3,5,main]) started.
[        ] :google_mlkit_commons:syncDebugLibJars (Thread[Execution worker Thread 3,5,main]) started.
[        ] > Task :google_mlkit_commons:syncDebugLibJars UP-TO-DATE
[        ] Caching disabled for task ':google_mlkit_commons:syncDebugLibJars' because:
[        ]   Build cache is disabled
[        ] Skipping task ':google_mlkit_commons:syncDebugLibJars' as it is up-to-date.
[        ] Resolve mutations for :google_mlkit_commons:bundleDebugAar (Thread[Execution worker Thread 3,5,main]) started.
[        ] :google_mlkit_commons:bundleDebugAar (Thread[Execution worker Thread 3,5,main]) started.
[        ] > Task :google_mlkit_commons:bundleDebugAar UP-TO-DATE
[        ] Caching disabled for task ':google_mlkit_commons:bundleDebugAar' because:
[        ]   Build cache is disabled
[        ]   Caching has been disabled for the task
[        ] Skipping task ':google_mlkit_commons:bundleDebugAar' as it is up-to-date.
[        ] Resolve mutations for :google_mlkit_commons:assembleDebug (Thread[Execution worker Thread 3,5,main]) started.
[        ] :google_mlkit_commons:assembleDebug (Thread[Execution worker Thread 3,5,main]) started.
[        ] > Task :google_mlkit_commons:assembleDebug UP-TO-DATE
[        ] Skipping task ':google_mlkit_commons:assembleDebug' as it has no actions.
[        ] Resolve mutations for :google_mlkit_text_recognition:stripDebugDebugSymbols (Thread[Execution worker Thread 3,5,main]) started.
[        ] :google_mlkit_text_recognition:stripDebugDebugSymbols (Thread[Execution worker Thread 3,5,main]) started.
[        ] > Task :google_mlkit_text_recognition:stripDebugDebugSymbols NO-SOURCE
[        ] Skipping task ':google_mlkit_text_recognition:stripDebugDebugSymbols' as it has no source files and no previous output files.
[        ] Resolve mutations for :google_mlkit_text_recognition:copyDebugJniLibsProjectAndLocalJars (Thread[Execution worker Thread 3,5,main]) started.
[        ] :google_mlkit_text_recognition:copyDebugJniLibsProjectAndLocalJars (Thread[Execution worker Thread 3,5,main]) started.
[        ] > Task :google_mlkit_text_recognition:copyDebugJniLibsProjectAndLocalJars UP-TO-DATE
[        ] Caching disabled for task ':google_mlkit_text_recognition:copyDebugJniLibsProjectAndLocalJars' because:
[        ]   Build cache is disabled
[        ]   Caching has been disabled for the task
[        ] Skipping task ':google_mlkit_text_recognition:copyDebugJniLibsProjectAndLocalJars' as it is up-to-date.
[        ] Resolve mutations for :google_mlkit_text_recognition:extractDebugAnnotations (Thread[Execution worker Thread 6,5,main]) started.
[        ] :google_mlkit_text_recognition:extractDebugAnnotations (Thread[Execution worker Thread 6,5,main]) started.
[        ] > Task :google_mlkit_text_recognition:extractDebugAnnotations UP-TO-DATE
[        ] Caching disabled for task ':google_mlkit_text_recognition:extractDebugAnnotations' because:
[        ]   Build cache is disabled
[        ] Skipping task ':google_mlkit_text_recognition:extractDebugAnnotations' as it is up-to-date.
[        ] Resolve mutations for :google_mlkit_text_recognition:extractDeepLinksForAarDebug (Thread[Execution worker Thread 6,5,main]) started.
[        ] :google_mlkit_text_recognition:extractDeepLinksForAarDebug (Thread[Execution worker Thread 6,5,main]) started.
[        ] > Task :google_mlkit_text_recognition:extractDeepLinksForAarDebug UP-TO-DATE
[        ] Caching disabled for task ':google_mlkit_text_recognition:extractDeepLinksForAarDebug' because:
[        ]   Build cache is disabled
[        ] Skipping task ':google_mlkit_text_recognition:extractDeepLinksForAarDebug' as it is up-to-date.
[        ] Resolve mutations for :google_mlkit_text_recognition:mergeDebugGeneratedProguardFiles (Thread[Execution worker Thread 6,5,main]) started.
[        ] :google_mlkit_text_recognition:mergeDebugGeneratedProguardFiles (Thread[Execution worker Thread 6,5,main]) started.
[        ] > Task :google_mlkit_text_recognition:mergeDebugGeneratedProguardFiles UP-TO-DATE
[        ] Caching disabled for task ':google_mlkit_text_recognition:mergeDebugGeneratedProguardFiles' because:
[        ]   Build cache is disabled
[        ]   Simple merging task
[        ] Skipping task ':google_mlkit_text_recognition:mergeDebugGeneratedProguardFiles' as it is up-to-date.
[        ] Resolve mutations for :google_mlkit_text_recognition:mergeDebugConsumerProguardFiles (Thread[Execution worker Thread 6,5,main]) started.
[        ] :google_mlkit_text_recognition:mergeDebugConsumerProguardFiles (Thread[Execution worker Thread 6,5,main]) started.
[        ] > Task :google_mlkit_text_recognition:mergeDebugConsumerProguardFiles UP-TO-DATE
[        ] Caching disabled for task ':google_mlkit_text_recognition:mergeDebugConsumerProguardFiles' because:
[        ]   Build cache is disabled
[        ]   Simple merging task
[        ] Skipping task ':google_mlkit_text_recognition:mergeDebugConsumerProguardFiles' as it is up-to-date.
[        ] Resolve mutations for :google_mlkit_text_recognition:prepareDebugArtProfile (Thread[Execution worker Thread 6,5,main]) started.
[        ] :google_mlkit_text_recognition:prepareDebugArtProfile (Thread[Execution worker Thread 6,5,main]) started.
[        ] > Task :google_mlkit_text_recognition:prepareDebugArtProfile UP-TO-DATE
[        ] Caching disabled for task ':google_mlkit_text_recognition:prepareDebugArtProfile' because:
[        ]   Build cache is disabled
[        ]   Caching has been disabled for the task
[        ] Skipping task ':google_mlkit_text_recognition:prepareDebugArtProfile' as it is up-to-date.
[        ] Resolve mutations for :google_mlkit_text_recognition:prepareLintJarForPublish (Thread[Execution worker Thread 6,5,main]) started.
[        ] :google_mlkit_text_recognition:prepareLintJarForPublish (Thread[Execution worker Thread 2,5,main]) started.
[        ] > Task :google_mlkit_text_recognition:prepareLintJarForPublish UP-TO-DATE
[        ] Caching disabled for task ':google_mlkit_text_recognition:prepareLintJarForPublish' because:
[        ]   Build cache is disabled
[        ]   Caching has been disabled for the task
[        ] Skipping task ':google_mlkit_text_recognition:prepareLintJarForPublish' as it is up-to-date.
[        ] Resolve mutations for :google_mlkit_text_recognition:mergeDebugJavaResource (Thread[Execution worker Thread 2,5,main]) started.
[        ] :google_mlkit_text_recognition:mergeDebugJavaResource (Thread[Execution worker Thread 2,5,main]) started.
[        ] > Task :google_mlkit_text_recognition:mergeDebugJavaResource UP-TO-DATE
[        ] Caching disabled for task ':google_mlkit_text_recognition:mergeDebugJavaResource' because:
[        ]   Build cache is disabled
[        ]   Caching has been disabled for the task
[        ] Skipping task ':google_mlkit_text_recognition:mergeDebugJavaResource' as it is up-to-date.
[        ] Resolve mutations for :google_mlkit_text_recognition:syncDebugLibJars (Thread[Execution worker Thread 2,5,main]) started.
[        ] :google_mlkit_text_recognition:syncDebugLibJars (Thread[Execution worker Thread 2,5,main]) started.
[        ] > Task :google_mlkit_text_recognition:syncDebugLibJars UP-TO-DATE
[        ] Caching disabled for task ':google_mlkit_text_recognition:syncDebugLibJars' because:
[        ]   Build cache is disabled
[        ] Skipping task ':google_mlkit_text_recognition:syncDebugLibJars' as it is up-to-date.
[        ] Resolve mutations for :google_mlkit_text_recognition:bundleDebugAar (Thread[Execution worker Thread 2,5,main]) started.
[        ] :google_mlkit_text_recognition:bundleDebugAar (Thread[Execution worker Thread 2,5,main]) started.
[        ] > Task :google_mlkit_text_recognition:bundleDebugAar UP-TO-DATE
[        ] Caching disabled for task ':google_mlkit_text_recognition:bundleDebugAar' because:
[        ]   Build cache is disabled
[        ]   Caching has been disabled for the task
[        ] Skipping task ':google_mlkit_text_recognition:bundleDebugAar' as it is up-to-date.
[        ] Resolve mutations for :google_mlkit_text_recognition:assembleDebug (Thread[Execution worker Thread 2,5,main]) started.
[   +2 ms] :google_mlkit_text_recognition:assembleDebug (Thread[Execution worker Thread 2,5,main]) started.
[        ] > Task :google_mlkit_text_recognition:assembleDebug UP-TO-DATE
[        ] Skipping task ':google_mlkit_text_recognition:assembleDebug' as it has no actions.
[        ] Resolve mutations for :image_picker_android:stripDebugDebugSymbols (Thread[Execution worker Thread 2,5,main]) started.
[        ] :image_picker_android:stripDebugDebugSymbols (Thread[Execution worker Thread 2,5,main]) started.
[        ] > Task :image_picker_android:stripDebugDebugSymbols NO-SOURCE
[        ] Skipping task ':image_picker_android:stripDebugDebugSymbols' as it has no source files and no previous output files.
[        ] Resolve mutations for :image_picker_android:copyDebugJniLibsProjectAndLocalJars (Thread[Execution worker Thread 2,5,main]) started.
[        ] :image_picker_android:copyDebugJniLibsProjectAndLocalJars (Thread[Execution worker Thread 2,5,main]) started.
[        ] > Task :image_picker_android:copyDebugJniLibsProjectAndLocalJars UP-TO-DATE
[        ] Caching disabled for task ':image_picker_android:copyDebugJniLibsProjectAndLocalJars' because:
[        ]   Build cache is disabled
[        ]   Caching has been disabled for the task
[        ] Skipping task ':image_picker_android:copyDebugJniLibsProjectAndLocalJars' as it is up-to-date.
[        ] Resolve mutations for :image_picker_android:extractDebugAnnotations (Thread[Execution worker Thread 2,5,main]) started.
[        ] :image_picker_android:extractDebugAnnotations (Thread[Execution worker Thread 2,5,main]) started.
[        ] > Task :image_picker_android:extractDebugAnnotations UP-TO-DATE
[        ] Caching disabled for task ':image_picker_android:extractDebugAnnotations' because:
[        ]   Build cache is disabled
[        ] Skipping task ':image_picker_android:extractDebugAnnotations' as it is up-to-date.
[        ] Resolve mutations for :image_picker_android:extractDeepLinksForAarDebug (Thread[Execution worker Thread 2,5,main]) started.
[        ] :image_picker_android:extractDeepLinksForAarDebug (Thread[Execution worker Thread 2,5,main]) started.
[        ] > Task :image_picker_android:extractDeepLinksForAarDebug UP-TO-DATE
[        ] Caching disabled for task ':image_picker_android:extractDeepLinksForAarDebug' because:
[        ]   Build cache is disabled
[        ] Skipping task ':image_picker_android:extractDeepLinksForAarDebug' as it is up-to-date.
[        ] Resolve mutations for :image_picker_android:mergeDebugGeneratedProguardFiles (Thread[Execution worker Thread 2,5,main]) started.
[        ] :image_picker_android:mergeDebugGeneratedProguardFiles (Thread[Execution worker Thread 2,5,main]) started.
[        ] > Task :image_picker_android:mergeDebugGeneratedProguardFiles UP-TO-DATE
[        ] Caching disabled for task ':image_picker_android:mergeDebugGeneratedProguardFiles' because:
[        ]   Build cache is disabled
[        ]   Simple merging task
[        ] Skipping task ':image_picker_android:mergeDebugGeneratedProguardFiles' as it is up-to-date.
[        ] Resolve mutations for :image_picker_android:mergeDebugConsumerProguardFiles (Thread[Execution worker Thread 2,5,main]) started.
[        ] :image_picker_android:mergeDebugConsumerProguardFiles (Thread[Execution worker Thread 2,5,main]) started.
[        ] > Task :image_picker_android:mergeDebugConsumerProguardFiles UP-TO-DATE
[        ] Caching disabled for task ':image_picker_android:mergeDebugConsumerProguardFiles' because:
[        ]   Build cache is disabled
[        ]   Simple merging task
[        ] Skipping task ':image_picker_android:mergeDebugConsumerProguardFiles' as it is up-to-date.
[        ] Resolve mutations for :image_picker_android:prepareDebugArtProfile (Thread[Execution worker Thread 2,5,main]) started.
[        ] :image_picker_android:prepareDebugArtProfile (Thread[Execution worker Thread 2,5,main]) started.
[        ] > Task :image_picker_android:prepareDebugArtProfile UP-TO-DATE
[        ] Caching disabled for task ':image_picker_android:prepareDebugArtProfile' because:
[        ]   Build cache is disabled
[        ]   Caching has been disabled for the task
[        ] Skipping task ':image_picker_android:prepareDebugArtProfile' as it is up-to-date.
[        ] Resolve mutations for :image_picker_android:prepareLintJarForPublish (Thread[Execution worker Thread 2,5,main]) started.
[        ] :image_picker_android:prepareLintJarForPublish (Thread[Execution worker Thread 2,5,main]) started.
[        ] > Task :image_picker_android:prepareLintJarForPublish UP-TO-DATE
[        ] Caching disabled for task ':image_picker_android:prepareLintJarForPublish' because:
[        ]   Build cache is disabled
[        ]   Caching has been disabled for the task
[        ] Skipping task ':image_picker_android:prepareLintJarForPublish' as it is up-to-date.
[        ] Resolve mutations for :image_picker_android:mergeDebugJavaResource (Thread[Execution worker Thread 2,5,main]) started.
[        ] :image_picker_android:mergeDebugJavaResource (Thread[Execution worker Thread 2,5,main]) started.
[        ] > Task :image_picker_android:mergeDebugJavaResource UP-TO-DATE
[        ] Caching disabled for task ':image_picker_android:mergeDebugJavaResource' because:
[        ]   Build cache is disabled
[        ]   Caching has been disabled for the task
[        ] Skipping task ':image_picker_android:mergeDebugJavaResource' as it is up-to-date.
[        ] Resolve mutations for :image_picker_android:syncDebugLibJars (Thread[Execution worker Thread 2,5,main]) started.
[        ] :image_picker_android:syncDebugLibJars (Thread[Execution worker Thread 2,5,main]) started.
[        ] > Task :image_picker_android:syncDebugLibJars UP-TO-DATE
[        ] Caching disabled for task ':image_picker_android:syncDebugLibJars' because:
[        ]   Build cache is disabled
[        ] Skipping task ':image_picker_android:syncDebugLibJars' as it is up-to-date.
[        ] Resolve mutations for :image_picker_android:bundleDebugAar (Thread[Execution worker Thread 2,5,main]) started.
[        ] :image_picker_android:bundleDebugAar (Thread[Execution worker Thread 2,5,main]) started.
[        ] > Task :image_picker_android:bundleDebugAar UP-TO-DATE
[        ] Caching disabled for task ':image_picker_android:bundleDebugAar' because:
[        ]   Build cache is disabled
[        ]   Caching has been disabled for the task
[        ] Skipping task ':image_picker_android:bundleDebugAar' as it is up-to-date.
[        ] Resolve mutations for :image_picker_android:assembleDebug (Thread[Execution worker Thread 2,5,main]) started.
[        ] :image_picker_android:assembleDebug (Thread[Execution worker Thread 2,5,main]) started.
[        ] > Task :image_picker_android:assembleDebug UP-TO-DATE
[        ] Skipping task ':image_picker_android:assembleDebug' as it has no actions.
[        ] Resolve mutations for :mobile_scanner:stripDebugDebugSymbols (Thread[Execution worker Thread 2,5,main]) started.
[        ] :mobile_scanner:stripDebugDebugSymbols (Thread[Execution worker Thread 2,5,main]) started.
[        ] > Task :mobile_scanner:stripDebugDebugSymbols NO-SOURCE
[        ] Skipping task ':mobile_scanner:stripDebugDebugSymbols' as it has no source files and no previous output files.
[        ] Resolve mutations for :mobile_scanner:copyDebugJniLibsProjectAndLocalJars (Thread[Execution worker Thread 2,5,main]) started.
[        ] :mobile_scanner:copyDebugJniLibsProjectAndLocalJars (Thread[Execution worker Thread 2,5,main]) started.
[   +3 ms] > Task :mobile_scanner:copyDebugJniLibsProjectAndLocalJars UP-TO-DATE
[        ] Caching disabled for task ':mobile_scanner:copyDebugJniLibsProjectAndLocalJars' because:
[        ]   Build cache is disabled
[        ]   Caching has been disabled for the task
[        ] Skipping task ':mobile_scanner:copyDebugJniLibsProjectAndLocalJars' as it is up-to-date.
[        ] Resolve mutations for :mobile_scanner:extractDebugAnnotations (Thread[Execution worker Thread 2,5,main]) started.
[        ] :mobile_scanner:extractDebugAnnotations (Thread[Execution worker Thread 2,5,main]) started.
[        ] > Task :mobile_scanner:extractDebugAnnotations UP-TO-DATE
[        ] Caching disabled for task ':mobile_scanner:extractDebugAnnotations' because:
[        ]   Build cache is disabled
[        ] Skipping task ':mobile_scanner:extractDebugAnnotations' as it is up-to-date.
[        ] Resolve mutations for :mobile_scanner:extractDeepLinksForAarDebug (Thread[Execution worker Thread 2,5,main]) started.
[        ] :mobile_scanner:extractDeepLinksForAarDebug (Thread[Execution worker Thread 2,5,main]) started.
[        ] > Task :mobile_scanner:extractDeepLinksForAarDebug UP-TO-DATE
[        ] Caching disabled for task ':mobile_scanner:extractDeepLinksForAarDebug' because:
[        ]   Build cache is disabled
[        ] Skipping task ':mobile_scanner:extractDeepLinksForAarDebug' as it is up-to-date.
[        ] Resolve mutations for :mobile_scanner:mergeDebugGeneratedProguardFiles (Thread[Execution worker Thread 2,5,main]) started.
[        ] :mobile_scanner:mergeDebugGeneratedProguardFiles (Thread[Execution worker Thread 2,5,main]) started.
[        ] > Task :mobile_scanner:mergeDebugGeneratedProguardFiles UP-TO-DATE
[        ] Caching disabled for task ':mobile_scanner:mergeDebugGeneratedProguardFiles' because:
[        ]   Build cache is disabled
[        ]   Simple merging task
[        ] Skipping task ':mobile_scanner:mergeDebugGeneratedProguardFiles' as it is up-to-date.
[        ] Resolve mutations for :mobile_scanner:mergeDebugConsumerProguardFiles (Thread[Execution worker Thread 2,5,main]) started.
[        ] :mobile_scanner:mergeDebugConsumerProguardFiles (Thread[Execution worker Thread 8,5,main]) started.
[        ] > Task :mobile_scanner:mergeDebugConsumerProguardFiles UP-TO-DATE
[        ] Caching disabled for task ':mobile_scanner:mergeDebugConsumerProguardFiles' because:
[        ]   Build cache is disabled
[        ]   Simple merging task
[        ] Skipping task ':mobile_scanner:mergeDebugConsumerProguardFiles' as it is up-to-date.
[        ] Resolve mutations for :mobile_scanner:prepareDebugArtProfile (Thread[Execution worker Thread 8,5,main]) started.
[        ] :mobile_scanner:prepareDebugArtProfile (Thread[Execution worker Thread 8,5,main]) started.
[        ] > Task :mobile_scanner:prepareDebugArtProfile UP-TO-DATE
[        ] Caching disabled for task ':mobile_scanner:prepareDebugArtProfile' because:
[        ]   Build cache is disabled
[        ]   Caching has been disabled for the task
[        ] Skipping task ':mobile_scanner:prepareDebugArtProfile' as it is up-to-date.
[        ] Resolve mutations for :mobile_scanner:prepareLintJarForPublish (Thread[Execution worker Thread 8,5,main]) started.
[        ] :mobile_scanner:prepareLintJarForPublish (Thread[Execution worker Thread 8,5,main]) started.
[        ] > Task :mobile_scanner:prepareLintJarForPublish UP-TO-DATE
[        ] Caching disabled for task ':mobile_scanner:prepareLintJarForPublish' because:
[        ]   Build cache is disabled
[        ]   Caching has been disabled for the task
[        ] Skipping task ':mobile_scanner:prepareLintJarForPublish' as it is up-to-date.
[        ] Resolve mutations for :mobile_scanner:mergeDebugJavaResource (Thread[Execution worker Thread 8,5,main]) started.
[        ] :mobile_scanner:mergeDebugJavaResource (Thread[Execution worker Thread 8,5,main]) started.
[  +44 ms] > Task :mobile_scanner:mergeDebugJavaResource UP-TO-DATE
[        ] Caching disabled for task ':mobile_scanner:mergeDebugJavaResource' because:
[        ]   Build cache is disabled
[        ]   Caching has been disabled for the task
[        ] Skipping task ':mobile_scanner:mergeDebugJavaResource' as it is up-to-date.
[        ] Resolve mutations for :mobile_scanner:syncDebugLibJars (Thread[Execution worker Thread 8,5,main]) started.
[        ] :mobile_scanner:syncDebugLibJars (Thread[Execution worker Thread 8,5,main]) started.
[        ] > Task :mobile_scanner:syncDebugLibJars UP-TO-DATE
[        ] Caching disabled for task ':mobile_scanner:syncDebugLibJars' because:
[        ]   Build cache is disabled
[        ] Skipping task ':mobile_scanner:syncDebugLibJars' as it is up-to-date.
[        ] Resolve mutations for :mobile_scanner:bundleDebugAar (Thread[Execution worker Thread 8,5,main]) started.
[        ] :mobile_scanner:bundleDebugAar (Thread[Execution worker Thread 8,5,main]) started.
[        ] > Task :mobile_scanner:bundleDebugAar UP-TO-DATE
[        ] Caching disabled for task ':mobile_scanner:bundleDebugAar' because:
[        ]   Build cache is disabled
[        ]   Caching has been disabled for the task
[        ] Skipping task ':mobile_scanner:bundleDebugAar' as it is up-to-date.
[        ] Resolve mutations for :mobile_scanner:assembleDebug (Thread[Execution worker Thread 8,5,main]) started.
[        ] :mobile_scanner:assembleDebug (Thread[Execution worker Thread 8,5,main]) started.
[        ] > Task :mobile_scanner:assembleDebug UP-TO-DATE
[        ] Skipping task ':mobile_scanner:assembleDebug' as it has no actions.
[        ] Resolve mutations for :path_provider_android:stripDebugDebugSymbols (Thread[Execution worker Thread 8,5,main]) started.
[        ] :path_provider_android:stripDebugDebugSymbols (Thread[Execution worker Thread 8,5,main]) started.
[        ] > Task :path_provider_android:stripDebugDebugSymbols NO-SOURCE
[        ] Skipping task ':path_provider_android:stripDebugDebugSymbols' as it has no source files and no previous output files.
[        ] Resolve mutations for :path_provider_android:copyDebugJniLibsProjectAndLocalJars (Thread[Execution worker Thread 8,5,main]) started.
[        ] :path_provider_android:copyDebugJniLibsProjectAndLocalJars (Thread[Execution worker Thread 8,5,main]) started.
[        ] > Task :path_provider_android:copyDebugJniLibsProjectAndLocalJars UP-TO-DATE
[        ] Caching disabled for task ':path_provider_android:copyDebugJniLibsProjectAndLocalJars' because:
[        ]   Build cache is disabled
[        ]   Caching has been disabled for the task
[        ] Skipping task ':path_provider_android:copyDebugJniLibsProjectAndLocalJars' as it is up-to-date.
[        ] Resolve mutations for :path_provider_android:extractDebugAnnotations (Thread[Execution worker Thread 8,5,main]) started.
[        ] :path_provider_android:extractDebugAnnotations (Thread[Execution worker Thread 8,5,main]) started.
[        ] > Task :path_provider_android:extractDebugAnnotations UP-TO-DATE
[        ] Caching disabled for task ':path_provider_android:extractDebugAnnotations' because:
[        ]   Build cache is disabled
[        ] Skipping task ':path_provider_android:extractDebugAnnotations' as it is up-to-date.
[        ] Resolve mutations for :path_provider_android:extractDeepLinksForAarDebug (Thread[Execution worker,5,main]) started.
[        ] :path_provider_android:extractDeepLinksForAarDebug (Thread[Execution worker,5,main]) started.
[        ] > Task :path_provider_android:extractDeepLinksForAarDebug UP-TO-DATE
[        ] Caching disabled for task ':path_provider_android:extractDeepLinksForAarDebug' because:
[        ]   Build cache is disabled
[        ] Skipping task ':path_provider_android:extractDeepLinksForAarDebug' as it is up-to-date.
[        ] Resolve mutations for :path_provider_android:mergeDebugGeneratedProguardFiles (Thread[Execution worker Thread 8,5,main]) started.
[        ] :path_provider_android:mergeDebugGeneratedProguardFiles (Thread[Execution worker Thread 8,5,main]) started.
[        ] > Task :path_provider_android:mergeDebugGeneratedProguardFiles UP-TO-DATE
[        ] Caching disabled for task ':path_provider_android:mergeDebugGeneratedProguardFiles' because:
[        ]   Build cache is disabled
[        ]   Simple merging task
[        ] Skipping task ':path_provider_android:mergeDebugGeneratedProguardFiles' as it is up-to-date.
[        ] Resolve mutations for :path_provider_android:mergeDebugConsumerProguardFiles (Thread[Execution worker Thread 8,5,main]) started.
[        ] :path_provider_android:mergeDebugConsumerProguardFiles (Thread[Execution worker Thread 8,5,main]) started.
[        ] > Task :path_provider_android:mergeDebugConsumerProguardFiles UP-TO-DATE
[        ] Caching disabled for task ':path_provider_android:mergeDebugConsumerProguardFiles' because:
[        ]   Build cache is disabled
[        ]   Simple merging task
[        ] Skipping task ':path_provider_android:mergeDebugConsumerProguardFiles' as it is up-to-date.
[        ] Resolve mutations for :path_provider_android:prepareDebugArtProfile (Thread[Execution worker Thread 8,5,main]) started.
[        ] :path_provider_android:prepareDebugArtProfile (Thread[Execution worker Thread 8,5,main]) started.
[        ] > Task :path_provider_android:prepareDebugArtProfile UP-TO-DATE
[        ] Caching disabled for task ':path_provider_android:prepareDebugArtProfile' because:
[        ]   Build cache is disabled
[        ]   Caching has been disabled for the task
[        ] Skipping task ':path_provider_android:prepareDebugArtProfile' as it is up-to-date.
[        ] Resolve mutations for :path_provider_android:prepareLintJarForPublish (Thread[Execution worker Thread 8,5,main]) started.
[        ] :path_provider_android:prepareLintJarForPublish (Thread[Execution worker Thread 8,5,main]) started.
[        ] > Task :path_provider_android:prepareLintJarForPublish UP-TO-DATE
[        ] Caching disabled for task ':path_provider_android:prepareLintJarForPublish' because:
[        ]   Build cache is disabled
[        ]   Caching has been disabled for the task
[        ] Skipping task ':path_provider_android:prepareLintJarForPublish' as it is up-to-date.
[        ] Resolve mutations for :path_provider_android:mergeDebugJavaResource (Thread[Execution worker Thread 8,5,main]) started.
[        ] :path_provider_android:mergeDebugJavaResource (Thread[Execution worker Thread 5,5,main]) started.
[        ] > Task :path_provider_android:mergeDebugJavaResource UP-TO-DATE
[        ] Caching disabled for task ':path_provider_android:mergeDebugJavaResource' because:
[        ]   Build cache is disabled
[        ]   Caching has been disabled for the task
[        ] Skipping task ':path_provider_android:mergeDebugJavaResource' as it is up-to-date.
[        ] Resolve mutations for :path_provider_android:syncDebugLibJars (Thread[Execution worker Thread 5,5,main]) started.
[        ] :path_provider_android:syncDebugLibJars (Thread[Execution worker Thread 5,5,main]) started.
[        ] > Task :path_provider_android:syncDebugLibJars UP-TO-DATE
[        ] Caching disabled for task ':path_provider_android:syncDebugLibJars' because:
[        ]   Build cache is disabled
[        ] Skipping task ':path_provider_android:syncDebugLibJars' as it is up-to-date.
[        ] Resolve mutations for :path_provider_android:bundleDebugAar (Thread[Execution worker Thread 5,5,main]) started.
[        ] :path_provider_android:bundleDebugAar (Thread[Execution worker Thread 5,5,main]) started.
[        ] > Task :path_provider_android:bundleDebugAar UP-TO-DATE
[        ] Caching disabled for task ':path_provider_android:bundleDebugAar' because:
[        ]   Build cache is disabled
[        ]   Caching has been disabled for the task
[        ] Skipping task ':path_provider_android:bundleDebugAar' as it is up-to-date.
[        ] Resolve mutations for :path_provider_android:assembleDebug (Thread[Execution worker Thread 5,5,main]) started.
[        ] :path_provider_android:assembleDebug (Thread[Execution worker Thread 5,5,main]) started.
[        ] > Task :path_provider_android:assembleDebug UP-TO-DATE
[        ] Skipping task ':path_provider_android:assembleDebug' as it has no actions.
[        ] Resolve mutations for :permission_handler_android:stripDebugDebugSymbols (Thread[Execution worker Thread 5,5,main]) started.
[        ] :permission_handler_android:stripDebugDebugSymbols (Thread[Execution worker Thread 5,5,main]) started.
[        ] > Task :permission_handler_android:stripDebugDebugSymbols NO-SOURCE
[        ] Skipping task ':permission_handler_android:stripDebugDebugSymbols' as it has no source files and no previous output files.
[        ] Resolve mutations for :permission_handler_android:copyDebugJniLibsProjectAndLocalJars (Thread[Execution worker Thread 5,5,main]) started.
[        ] :permission_handler_android:copyDebugJniLibsProjectAndLocalJars (Thread[Execution worker Thread 5,5,main]) started.
[        ] > Task :permission_handler_android:copyDebugJniLibsProjectAndLocalJars UP-TO-DATE
[        ] Caching disabled for task ':permission_handler_android:copyDebugJniLibsProjectAndLocalJars' because:
[        ]   Build cache is disabled
[        ]   Caching has been disabled for the task
[        ] Skipping task ':permission_handler_android:copyDebugJniLibsProjectAndLocalJars' as it is up-to-date.
[        ] Resolve mutations for :permission_handler_android:extractDebugAnnotations (Thread[Execution worker Thread 5,5,main]) started.
[        ] :permission_handler_android:extractDebugAnnotations (Thread[Execution worker Thread 5,5,main]) started.
[        ] > Task :permission_handler_android:extractDebugAnnotations UP-TO-DATE
[        ] Caching disabled for task ':permission_handler_android:extractDebugAnnotations' because:
[        ]   Build cache is disabled
[        ] Skipping task ':permission_handler_android:extractDebugAnnotations' as it is up-to-date.
[        ] Resolve mutations for :permission_handler_android:extractDeepLinksForAarDebug (Thread[Execution worker Thread 5,5,main]) started.
[        ] :permission_handler_android:extractDeepLinksForAarDebug (Thread[Execution worker Thread 5,5,main]) started.
[        ] > Task :permission_handler_android:extractDeepLinksForAarDebug UP-TO-DATE
[        ] Caching disabled for task ':permission_handler_android:extractDeepLinksForAarDebug' because:
[        ]   Build cache is disabled
[        ] Skipping task ':permission_handler_android:extractDeepLinksForAarDebug' as it is up-to-date.
[        ] Resolve mutations for :permission_handler_android:mergeDebugGeneratedProguardFiles (Thread[Execution worker Thread 5,5,main]) started.
[        ] :permission_handler_android:mergeDebugGeneratedProguardFiles (Thread[Execution worker Thread 5,5,main]) started.
[        ] > Task :permission_handler_android:mergeDebugGeneratedProguardFiles UP-TO-DATE
[        ] Caching disabled for task ':permission_handler_android:mergeDebugGeneratedProguardFiles' because:
[        ]   Build cache is disabled
[        ]   Simple merging task
[        ] Skipping task ':permission_handler_android:mergeDebugGeneratedProguardFiles' as it is up-to-date.
[        ] Resolve mutations for :permission_handler_android:mergeDebugConsumerProguardFiles (Thread[Execution worker Thread 5,5,main]) started.
[        ] :permission_handler_android:mergeDebugConsumerProguardFiles (Thread[Execution worker Thread 5,5,main]) started.
[        ] > Task :permission_handler_android:mergeDebugConsumerProguardFiles UP-TO-DATE
[        ] Caching disabled for task ':permission_handler_android:mergeDebugConsumerProguardFiles' because:
[        ]   Build cache is disabled
[        ]   Simple merging task
[        ] Skipping task ':permission_handler_android:mergeDebugConsumerProguardFiles' as it is up-to-date.
[        ] Resolve mutations for :permission_handler_android:prepareDebugArtProfile (Thread[Execution worker Thread 5,5,main]) started.
[        ] :permission_handler_android:prepareDebugArtProfile (Thread[Execution worker Thread 5,5,main]) started.
[        ] > Task :permission_handler_android:prepareDebugArtProfile UP-TO-DATE
[        ] Caching disabled for task ':permission_handler_android:prepareDebugArtProfile' because:
[        ]   Build cache is disabled
[        ]   Caching has been disabled for the task
[        ] Skipping task ':permission_handler_android:prepareDebugArtProfile' as it is up-to-date.
[        ] Resolve mutations for :permission_handler_android:prepareLintJarForPublish (Thread[Execution worker Thread 5,5,main]) started.
[        ] :permission_handler_android:prepareLintJarForPublish (Thread[Execution worker Thread 5,5,main]) started.
[        ] > Task :permission_handler_android:prepareLintJarForPublish UP-TO-DATE
[        ] Caching disabled for task ':permission_handler_android:prepareLintJarForPublish' because:
[        ]   Build cache is disabled
[        ]   Caching has been disabled for the task
[        ] Skipping task ':permission_handler_android:prepareLintJarForPublish' as it is up-to-date.
[        ] Resolve mutations for :permission_handler_android:mergeDebugJavaResource (Thread[Execution worker Thread 10,5,main]) started.
[        ] :permission_handler_android:mergeDebugJavaResource (Thread[Execution worker Thread 10,5,main]) started.
[        ] > Task :permission_handler_android:mergeDebugJavaResource UP-TO-DATE
[        ] Caching disabled for task ':permission_handler_android:mergeDebugJavaResource' because:
[        ]   Build cache is disabled
[        ]   Caching has been disabled for the task
[        ] Skipping task ':permission_handler_android:mergeDebugJavaResource' as it is up-to-date.
[        ] Resolve mutations for :permission_handler_android:syncDebugLibJars (Thread[Execution worker Thread 10,5,main]) started.
[        ] :permission_handler_android:syncDebugLibJars (Thread[Execution worker Thread 10,5,main]) started.
[        ] > Task :permission_handler_android:syncDebugLibJars UP-TO-DATE
[        ] Caching disabled for task ':permission_handler_android:syncDebugLibJars' because:
[        ]   Build cache is disabled
[        ] Skipping task ':permission_handler_android:syncDebugLibJars' as it is up-to-date.
[        ] Resolve mutations for :permission_handler_android:bundleDebugAar (Thread[Execution worker Thread 10,5,main]) started.
[        ] :permission_handler_android:bundleDebugAar (Thread[Execution worker Thread 10,5,main]) started.
[        ] > Task :permission_handler_android:bundleDebugAar UP-TO-DATE
[        ] Caching disabled for task ':permission_handler_android:bundleDebugAar' because:
[        ]   Build cache is disabled
[        ]   Caching has been disabled for the task
[        ] Skipping task ':permission_handler_android:bundleDebugAar' as it is up-to-date.
[        ] Resolve mutations for :permission_handler_android:assembleDebug (Thread[Execution worker Thread 10,5,main]) started.
[        ] :permission_handler_android:assembleDebug (Thread[Execution worker Thread 10,5,main]) started.
[        ] > Task :permission_handler_android:assembleDebug UP-TO-DATE
[        ] Skipping task ':permission_handler_android:assembleDebug' as it has no actions.
[        ] Resolve mutations for :speech_to_text:stripDebugDebugSymbols (Thread[Execution worker Thread 10,5,main]) started.
[        ] :speech_to_text:stripDebugDebugSymbols (Thread[Execution worker Thread 10,5,main]) started.
[        ] > Task :speech_to_text:stripDebugDebugSymbols NO-SOURCE
[        ] Skipping task ':speech_to_text:stripDebugDebugSymbols' as it has no source files and no previous output files.
[        ] Resolve mutations for :speech_to_text:copyDebugJniLibsProjectAndLocalJars (Thread[Execution worker Thread 10,5,main]) started.
[        ] :speech_to_text:copyDebugJniLibsProjectAndLocalJars (Thread[Execution worker Thread 10,5,main]) started.
[        ] > Task :speech_to_text:copyDebugJniLibsProjectAndLocalJars UP-TO-DATE
[        ] Caching disabled for task ':speech_to_text:copyDebugJniLibsProjectAndLocalJars' because:
[        ]   Build cache is disabled
[        ]   Caching has been disabled for the task
[        ] Skipping task ':speech_to_text:copyDebugJniLibsProjectAndLocalJars' as it is up-to-date.
[        ] Resolve mutations for :speech_to_text:extractDebugAnnotations (Thread[Execution worker Thread 10,5,main]) started.
[        ] :speech_to_text:extractDebugAnnotations (Thread[Execution worker Thread 10,5,main]) started.
[        ] > Task :speech_to_text:extractDebugAnnotations UP-TO-DATE
[        ] Caching disabled for task ':speech_to_text:extractDebugAnnotations' because:
[        ]   Build cache is disabled
[        ] Skipping task ':speech_to_text:extractDebugAnnotations' as it is up-to-date.
[        ] Resolve mutations for :speech_to_text:extractDeepLinksForAarDebug (Thread[Execution worker Thread 10,5,main]) started.
[        ] :speech_to_text:extractDeepLinksForAarDebug (Thread[Execution worker Thread 10,5,main]) started.
[        ] > Task :speech_to_text:extractDeepLinksForAarDebug UP-TO-DATE
[        ] Caching disabled for task ':speech_to_text:extractDeepLinksForAarDebug' because:
[        ]   Build cache is disabled
[        ] Skipping task ':speech_to_text:extractDeepLinksForAarDebug' as it is up-to-date.
[        ] Resolve mutations for :speech_to_text:mergeDebugGeneratedProguardFiles (Thread[Execution worker Thread 10,5,main]) started.
[        ] :speech_to_text:mergeDebugGeneratedProguardFiles (Thread[Execution worker Thread 10,5,main]) started.
[        ] > Task :speech_to_text:mergeDebugGeneratedProguardFiles UP-TO-DATE
[        ] Caching disabled for task ':speech_to_text:mergeDebugGeneratedProguardFiles' because:
[        ]   Build cache is disabled
[        ]   Simple merging task
[        ] Skipping task ':speech_to_text:mergeDebugGeneratedProguardFiles' as it is up-to-date.
[        ] Resolve mutations for :speech_to_text:mergeDebugConsumerProguardFiles (Thread[Execution worker Thread 10,5,main]) started.
[        ] :speech_to_text:mergeDebugConsumerProguardFiles (Thread[Execution worker Thread 10,5,main]) started.
[        ] > Task :speech_to_text:mergeDebugConsumerProguardFiles UP-TO-DATE
[        ] Caching disabled for task ':speech_to_text:mergeDebugConsumerProguardFiles' because:
[        ]   Build cache is disabled
[        ]   Simple merging task
[        ] Skipping task ':speech_to_text:mergeDebugConsumerProguardFiles' as it is up-to-date.
[        ] Resolve mutations for :speech_to_text:prepareDebugArtProfile (Thread[Execution worker Thread 10,5,main]) started.
[        ] :speech_to_text:prepareDebugArtProfile (Thread[Execution worker Thread 10,5,main]) started.
[        ] > Task :speech_to_text:prepareDebugArtProfile UP-TO-DATE
[        ] Caching disabled for task ':speech_to_text:prepareDebugArtProfile' because:
[        ]   Build cache is disabled
[        ]   Caching has been disabled for the task
[        ] Skipping task ':speech_to_text:prepareDebugArtProfile' as it is up-to-date.
[        ] Resolve mutations for :speech_to_text:prepareLintJarForPublish (Thread[Execution worker Thread 10,5,main]) started.
[        ] :speech_to_text:prepareLintJarForPublish (Thread[Execution worker Thread 10,5,main]) started.
[  +69 ms] > Task :speech_to_text:prepareLintJarForPublish UP-TO-DATE
[        ] Caching disabled for task ':speech_to_text:prepareLintJarForPublish' because:
[        ]   Build cache is disabled
[        ]   Caching has been disabled for the task
[        ] Skipping task ':speech_to_text:prepareLintJarForPublish' as it is up-to-date.
[        ] Resolve mutations for :speech_to_text:mergeDebugJavaResource (Thread[Execution worker Thread 10,5,main]) started.
[        ] :speech_to_text:mergeDebugJavaResource (Thread[Execution worker Thread 10,5,main]) started.
[        ] > Task :speech_to_text:mergeDebugJavaResource UP-TO-DATE
[        ] Caching disabled for task ':speech_to_text:mergeDebugJavaResource' because:
[        ]   Build cache is disabled
[        ]   Caching has been disabled for the task
[        ] Skipping task ':speech_to_text:mergeDebugJavaResource' as it is up-to-date.
[        ] Resolve mutations for :speech_to_text:syncDebugLibJars (Thread[Execution worker Thread 10,5,main]) started.
[        ] :speech_to_text:syncDebugLibJars (Thread[Execution worker Thread 10,5,main]) started.
[        ] > Task :speech_to_text:syncDebugLibJars UP-TO-DATE
[        ] Caching disabled for task ':speech_to_text:syncDebugLibJars' because:
[        ]   Build cache is disabled
[        ] Skipping task ':speech_to_text:syncDebugLibJars' as it is up-to-date.
[        ] Resolve mutations for :speech_to_text:bundleDebugAar (Thread[Execution worker Thread 10,5,main]) started.
[        ] :speech_to_text:bundleDebugAar (Thread[Execution worker Thread 10,5,main]) started.
[        ] > Task :speech_to_text:bundleDebugAar UP-TO-DATE
[        ] Caching disabled for task ':speech_to_text:bundleDebugAar' because:
[        ]   Build cache is disabled
[        ]   Caching has been disabled for the task
[        ] Skipping task ':speech_to_text:bundleDebugAar' as it is up-to-date.
[        ] Resolve mutations for :speech_to_text:assembleDebug (Thread[Execution worker Thread 11,5,main]) started.
[        ] :speech_to_text:assembleDebug (Thread[Execution worker Thread 3,5,main]) started.
[        ] > Task :speech_to_text:assembleDebug UP-TO-DATE
[        ] Skipping task ':speech_to_text:assembleDebug' as it has no actions.
[ +108 ms] [Incubating] Problems report is available at: file:///D:/Flutter%20Data/Projects/noor-mostafa-main/android/build/reports/problems/problems-report.html
[        ] Deprecated Gradle features were used in this build, making it incompatible with Gradle 9.0.
[        ] You can use '--warning-mode all' to show the individual deprecation warnings and determine if they come from your own scripts or plugins.
[        ] For more on this, please refer to https://docs.gradle.org/8.12/userguide/command_line_interface.html#sec:command_line_warnings in the Gradle documentation.
[        ] BUILD SUCCESSFUL in 1m 6s
[        ] 353 actionable tasks: 16 executed, 337 up-to-date
[        ] Watched directory hierarchies: [D:\Flutter Data\Futter\flutter\packages\flutter_tools\gradle, D:\Flutter Data\Projects\noor-mostafa-main\android]
[ +143 ms] Running Gradle task 'assembleDebug'... (completed in 66.9s)
[ +120 ms] LocalFile: 'D:\Flutter Data\Projects\noor-mostafa-main\android\build.gradle.kts' doesn't provide an AGP version. Checking settings.
[   +9 ms] LocalFile: 'D:\Flutter Data\Projects\noor-mostafa-main\android\settings.gradle.kts' provides AGP version: 8.7.3
[  +31 ms] "flutter apk" took 68,118ms.
[ +177 ms] Gradle build failed to produce an .apk file. It's likely that this file was generated under D:\Flutter 
Data\Projects\noor-mostafa-main\build, but the tool couldn't find it.
[   +2 ms] 
           #0      throwToolExit (package:flutter_tools/src/base/common.dart:34:3)
           #1      _exitWithExpectedFileNotFound (package:flutter_tools/src/android/gradle.dart:1228:3)
           #2      AndroidGradleBuilder.buildGradleApp (package:flutter_tools/src/android/gradle.dart:626:9)
           <asynchronous suspension>
           #3      AndroidGradleBuilder.buildApk (package:flutter_tools/src/android/gradle.dart:242:5)
           <asynchronous suspension>
           #4      BuildApkCommand.runCommand (package:flutter_tools/src/commands/build_apk.dart:141:5)
           <asynchronous suspension>
           #5      FlutterCommand.run.<anonymous closure> 
(package:flutter_tools/src/runner/flutter_command.dart:1563:27)
           <asynchronous suspension>
           #6      AppContext.run.<anonymous closure> (package:flutter_tools/src/base/context.dart:154:19)
           <asynchronous suspension>
           #7      CommandRunner.runCommand (package:args/command_runner.dart:212:13)
           <asynchronous suspension>
           #8      FlutterCommandRunner.runCommand.<anonymous closure> 
(package:flutter_tools/src/runner/flutter_command_runner.dart:494:9)
           <asynchronous suspension>
           #9      AppContext.run.<anonymous closure> (package:flutter_tools/src/base/context.dart:154:19)
           <asynchronous suspension>
           #10     FlutterCommandRunner.runCommand (package:flutter_tools/src/runner/flutter_command_runner.dart:431:5)
           <asynchronous suspension>
           #11     run.<anonymous closure>.<anonymous closure> (package:flutter_tools/runner.dart:98:11)
           <asynchronous suspension>
           #12     AppContext.run.<anonymous closure> (package:flutter_tools/src/base/context.dart:154:19)
           <asynchronous suspension>
           #13     main (package:flutter_tools/executable.dart:102:3)
           <asynchronous suspension>


[   +1 ms] Running 1 shutdown hook
[   +3 ms] Shutdown hooks complete
[ +268 ms] exiting with code 1
